Archive member included to satisfy reference by file (symbol)

d:/project/9388/e1/2023_7_27/sr5e1_l9388_demo/tools/toolchain/arm/mingw64_nt/10.3-2021.10/bin/../lib/gcc/arm-none-eabi/10.3.1/thumb/v7e-m+dp/hard\libgcc.a(_aeabi_uldivmod.o)
                              build/Modules/OS/OSAL/src/osal.o (__aeabi_uldivmod)
d:/project/9388/e1/2023_7_27/sr5e1_l9388_demo/tools/toolchain/arm/mingw64_nt/10.3-2021.10/bin/../lib/gcc/arm-none-eabi/10.3.1/thumb/v7e-m+dp/hard\libgcc.a(_udivmoddi4.o)
                              d:/project/9388/e1/2023_7_27/sr5e1_l9388_demo/tools/toolchain/arm/mingw64_nt/10.3-2021.10/bin/../lib/gcc/arm-none-eabi/10.3.1/thumb/v7e-m+dp/hard\libgcc.a(_aeabi_uldivmod.o) (__udivmoddi4)
d:/project/9388/e1/2023_7_27/sr5e1_l9388_demo/tools/toolchain/arm/mingw64_nt/10.3-2021.10/bin/../lib/gcc/arm-none-eabi/10.3.1/thumb/v7e-m+dp/hard\libgcc.a(_dvmd_tls.o)
                              d:/project/9388/e1/2023_7_27/sr5e1_l9388_demo/tools/toolchain/arm/mingw64_nt/10.3-2021.10/bin/../lib/gcc/arm-none-eabi/10.3.1/thumb/v7e-m+dp/hard\libgcc.a(_aeabi_uldivmod.o) (__aeabi_ldiv0)
d:/project/9388/e1/2023_7_27/sr5e1_l9388_demo/tools/toolchain/arm/mingw64_nt/10.3-2021.10/bin/../lib/gcc/arm-none-eabi/10.3.1/../../../../arm-none-eabi/lib/thumb/v7e-m+dp/hard\libg.a(lib_a-memcpy.o)
                              build/Modules/Drivers/Comms/CAN/src/can.o (memcpy)
d:/project/9388/e1/2023_7_27/sr5e1_l9388_demo/tools/toolchain/arm/mingw64_nt/10.3-2021.10/bin/../lib/gcc/arm-none-eabi/10.3.1/../../../../arm-none-eabi/lib/thumb/v7e-m+dp/hard\libg.a(lib_a-memset.o)
                              build/Modules/Drivers/Comms/CAN/src/can.o (memset)
d:/project/9388/e1/2023_7_27/sr5e1_l9388_demo/tools/toolchain/arm/mingw64_nt/10.3-2021.10/bin/../lib/gcc/arm-none-eabi/10.3.1/../../../../arm-none-eabi/lib/thumb/v7e-m+dp/hard\libg.a(lib_a-puts.o)
                              build/Modules/OS/OSAL/src/Os_Cfg.o (puts)
d:/project/9388/e1/2023_7_27/sr5e1_l9388_demo/tools/toolchain/arm/mingw64_nt/10.3-2021.10/bin/../lib/gcc/arm-none-eabi/10.3.1/../../../../arm-none-eabi/lib/thumb/v7e-m+dp/hard\libg.a(lib_a-strlen.o)
                              d:/project/9388/e1/2023_7_27/sr5e1_l9388_demo/tools/toolchain/arm/mingw64_nt/10.3-2021.10/bin/../lib/gcc/arm-none-eabi/10.3.1/../../../../arm-none-eabi/lib/thumb/v7e-m+dp/hard\libg.a(lib_a-puts.o) (strlen)
d:/project/9388/e1/2023_7_27/sr5e1_l9388_demo/tools/toolchain/arm/mingw64_nt/10.3-2021.10/bin/../lib/gcc/arm-none-eabi/10.3.1/../../../../arm-none-eabi/lib/thumb/v7e-m+dp/hard\libg.a(lib_a-findfp.o)
                              d:/project/9388/e1/2023_7_27/sr5e1_l9388_demo/tools/toolchain/arm/mingw64_nt/10.3-2021.10/bin/../lib/gcc/arm-none-eabi/10.3.1/../../../../arm-none-eabi/lib/thumb/v7e-m+dp/hard\libg.a(lib_a-puts.o) (__sinit)
d:/project/9388/e1/2023_7_27/sr5e1_l9388_demo/tools/toolchain/arm/mingw64_nt/10.3-2021.10/bin/../lib/gcc/arm-none-eabi/10.3.1/../../../../arm-none-eabi/lib/thumb/v7e-m+dp/hard\libg.a(lib_a-fvwrite.o)
                              d:/project/9388/e1/2023_7_27/sr5e1_l9388_demo/tools/toolchain/arm/mingw64_nt/10.3-2021.10/bin/../lib/gcc/arm-none-eabi/10.3.1/../../../../arm-none-eabi/lib/thumb/v7e-m+dp/hard\libg.a(lib_a-puts.o) (__sfvwrite_r)
d:/project/9388/e1/2023_7_27/sr5e1_l9388_demo/tools/toolchain/arm/mingw64_nt/10.3-2021.10/bin/../lib/gcc/arm-none-eabi/10.3.1/../../../../arm-none-eabi/lib/thumb/v7e-m+dp/hard\libg.a(lib_a-fwalk.o)
                              d:/project/9388/e1/2023_7_27/sr5e1_l9388_demo/tools/toolchain/arm/mingw64_nt/10.3-2021.10/bin/../lib/gcc/arm-none-eabi/10.3.1/../../../../arm-none-eabi/lib/thumb/v7e-m+dp/hard\libg.a(lib_a-findfp.o) (_fwalk)
d:/project/9388/e1/2023_7_27/sr5e1_l9388_demo/tools/toolchain/arm/mingw64_nt/10.3-2021.10/bin/../lib/gcc/arm-none-eabi/10.3.1/../../../../arm-none-eabi/lib/thumb/v7e-m+dp/hard\libg.a(lib_a-impure.o)
                              d:/project/9388/e1/2023_7_27/sr5e1_l9388_demo/tools/toolchain/arm/mingw64_nt/10.3-2021.10/bin/../lib/gcc/arm-none-eabi/10.3.1/../../../../arm-none-eabi/lib/thumb/v7e-m+dp/hard\libg.a(lib_a-findfp.o) (_global_impure_ptr)
d:/project/9388/e1/2023_7_27/sr5e1_l9388_demo/tools/toolchain/arm/mingw64_nt/10.3-2021.10/bin/../lib/gcc/arm-none-eabi/10.3.1/../../../../arm-none-eabi/lib/thumb/v7e-m+dp/hard\libg.a(lib_a-lock.o)
                              d:/project/9388/e1/2023_7_27/sr5e1_l9388_demo/tools/toolchain/arm/mingw64_nt/10.3-2021.10/bin/../lib/gcc/arm-none-eabi/10.3.1/../../../../arm-none-eabi/lib/thumb/v7e-m+dp/hard\libg.a(lib_a-findfp.o) (__retarget_lock_init_recursive)
d:/project/9388/e1/2023_7_27/sr5e1_l9388_demo/tools/toolchain/arm/mingw64_nt/10.3-2021.10/bin/../lib/gcc/arm-none-eabi/10.3.1/../../../../arm-none-eabi/lib/thumb/v7e-m+dp/hard\libg.a(lib_a-mallocr.o)
[...]
Memory Configuration

Name             Origin             Length             Attributes
cflash1          0x08000000         0x000f0000         xr
cflash2          0x080f0000         0x000f0000         xr
dflash           0x08f00000         0x00010000         xr
sram1            0x24000000         0x00020000         xw
sram2            0x24020000         0x00020000         xw
itcm1            0x5a000000         0x00008000         xw
itcm2            0x5a040000         0x00008000         xw
dtcm1            0x5c000000         0x00010000         xw
dtcm2            0x5c040000         0x00010000         xw
core1_nvm        0x08000000         0x000f0000         xr
core2_nvm        0x080f0000         0x000f0000         xr
core1_ram        0x24000000         0x00020000         xw
core2_ram        0x24020000         0x00020000         xw
core1_itcm_dir   0x00000000         0x00008000         xw
core1_itcm_ind   0x5a000000         0x00008000         xw
core1_dtcm_dir   0x20000000         0x00010000         xw
core1_dtcm_ind   0x5c000000         0x00010000         xw
core2_itcm_dir   0x00000000         0x00008000         xw
core2_itcm_ind   0x5a040000         0x00008000         xw
core2_dtcm_dir   0x20000000         0x00010000         xw
core2_dtcm_ind   0x5c040000         0x00010000         xw
*default*        0x00000000         0xffffffff

Linker script and memory map


startup         0x08000000      0x408
 *(.vectors)
 .vectors       0x08000000      0x300 build/Modules/Boot/src/GCC/vectors.o
                0x08000000                _vectors
 *(.reset_handler)
 *fill*         0x08000300      0x100 
 .reset_handler
                0x08000400        0x8 build/Modules/Boot/src/GCC/vectors.o
                0x08000400                Reset_Handler
                0x08000402                VectorE8
                0x08000402                Vector9C
                0x08000402                Vector2C4
                0x08000402                VectorAC
                0x08000402                Vector2B0
                0x08000402                Vector26C
                0x08000402                Vector22C
                0x08000402                Vector2C0
                0x08000402                Vector5C
                0x08000402                Vector224
                0x08000402                Vector2F0
                0x08000402                Vector11C
                0x08000402                Vector1F0
                0x08000402                Vector1EC
                0x08000402                Vector8C
                0x08000402                VectorDC
                0x08000402                Vector2D8
                0x08000402                PendSV_Handler
                0x08000402                Vector168
                0x08000402                Vector270
                0x08000402                Vector24C
                0x08000402                Vector274
                0x08000402                Vector1D8
                0x08000402                Vector1F4
                0x08000402                VectorC8
                0x08000402                Vector2CC
                0x08000402                Vector94
                0x08000402                Vector254
                0x08000402                VectorA8
                0x08000402                Vector244
                0x08000402                Vector204
                0x08000402                Vector2AC
                0x08000402                VectorB4
                0x08000402                Vector1FC
                0x08000402                Vector160
                0x08000402                VectorEC
                0x08000402                Vector234
                0x08000402                Vector2F4
                0x08000402                Vector264
                0x08000402                Vector40
                0x08000402                VectorF8
                0x08000402                Vector108
                0x08000402                VectorBC
                0x08000402                Vector1E0
                0x08000402                Vector150
                0x08000402                Vector1F8
                0x08000402                Vector260
                0x08000402                Vector27C
                0x08000402                Vector1C4
                0x08000402                Vector1CC
                0x08000402                Vector2A8
                0x08000402                Vector1E4
                0x08000402                Vector20C
                0x08000402                Vector148
                0x08000402                Vector188
                0x08000402                Vector23C
                0x08000402                Vector118
                0x08000402                Vector64
                0x08000402                Vector58
                0x08000402                Vector54
                0x08000402                Vector2F8
                0x08000402                Vector98
                0x08000402                Vector2B8
                0x08000402                Vector258
                0x08000402                Vector284
                0x08000402                Vector218
                0x08000402                VectorD8
                0x08000402                Vector24
                0x08000402                Vector200
                0x08000402                Vector178
                0x08000402                Vector2E4
                0x08000402                Vector2A0
                0x08000402                Vector28C
                0x08000402                Vector140
                0x08000402                VectorE4
                0x08000402                VectorC0
                0x08000402                Vector158
                0x08000402                Vector1C0
                0x08000402                Vector214
                0x08000402                Vector250
                0x08000402                Vector2E0
                0x08000402                Vector2D0
                0x08000402                Vector1D0
                0x08000402                Vector2DC
                0x08000402                VectorF0
                0x08000402                Vector210
                0x08000402                Vector2BC
                0x08000402                Vector280
                0x08000402                Vector100
                0x08000402                VectorE0
                0x08000402                VectorF4
                0x08000402                Vector2B4
                0x08000402                Vector2C8
                0x08000402                Vector2EC
                0x08000402                Vector238
                0x08000402                VectorA0
                0x08000402                VectorC4
                0x08000402                Vector180
                0x08000402                Vector288
                0x08000402                Vector208
                0x08000402                VectorB0
                0x08000402                Vector90
                0x08000402                Vector294
                0x08000402                Vector114
                0x08000402                Vector164
                0x08000402                Vector60
                0x08000402                Vector1C
                0x08000402                Vector1D4
                0x08000402                Vector17C
                0x08000402                Vector48
                0x08000402                Vector240
                0x08000402                Vector16C
                0x08000402                Vector228
                0x08000402                VectorD4
                0x08000402                Vector2E8
                0x08000402                Vector2D4
                0x08000402                Vector278
                0x08000402                Vector4C
                0x08000402                Vector144
                0x08000402                Vector15C
                0x08000402                Vector68
                0x08000402                Vector230
                0x08000402                Vector290
                0x08000402                Vector1E8
                0x08000402                Vector18C
                0x08000402                Vector170
                0x08000402                Vector220
                0x08000402                Vector298
                0x08000402                Vector29C
                0x08000402                Vector104
                0x08000402                Vector184
                0x08000402                Vector21C
                0x08000402                Vector268
                0x08000402                Vector14C
                0x08000402                Vector50
                0x08000402                Vector1C8
                0x08000402                Vector2FC
                0x08000402                Vector1DC
                0x08000402                Vector154
                0x08000402                Vector44
                0x08000402                Vector28
                0x08000402                VectorB8
                0x08000402                Vector2A4
                0x08000402                VectorFC
                0x08000402                Vector34
                0x08000402                Vector248
                0x08000402                VectorA4
                0x08000402                Vector25C
                0x08000402                Vector20
                0x08000402                Vector174
                0x08000406                _unhandled_exception

constructors    0x08000408        0x0
                0x08000408                PROVIDE (__init_array_start = .)
 *(SORT_BY_NAME(.init_array.*))
 *(.init_array)
                0x08000408                PROVIDE (__init_array_end = .)

destructors     0x08000408        0x0
                0x08000408                PROVIDE (__fini_array_start = .)
 *(.fini_array)
 *(SORT_BY_NAME(.fini_array.*))
                0x08000408                PROVIDE (__fini_array_end = .)

.text           0x08000440     0x8c52
 *(.text)
 .text          0x08000440       0x64 build/Modules/OS/OSAL/src/Os_Internal_Arch_Cfg.o
                0x08000440                NMI_Handler
                0x08000450                HardFault_Handler
                0x08000460                MemManage_Handler
                0x08000470                BusFault_Handler
                0x08000480                UsageFault_Handler
                0x08000490                SVC_Handler
                0x080004a0                DebugMon_Handler
 *fill*         0x080004a4        0xc 
 .text          0x080004b0      0x170 build/Modules/Boot/src/GCC/crt0.o
                0x080004b0                _crt0_entry
 .text          0x08000620      0x134 d:/project/9388/e1/2023_7_27/sr5e1_l9388_demo/tools/toolchain/arm/mingw64_nt/10.3-2021.10/bin/../lib/gcc/arm-none-eabi/10.3.1/../../../../arm-none-eabi/lib/thumb/v7e-m+dp/hard\libg.a(lib_a-memcpy.o)
                0x08000620                memcpy
 *fill*         0x08000754        0xc 
 .text          0x08000760       0xdc d:/project/9388/e1/2023_7_27/sr5e1_l9388_demo/tools/toolchain/arm/mingw64_nt/10.3-2021.10/bin/../lib/gcc/arm-none-eabi/10.3.1/../../../../arm-none-eabi/lib/thumb/v7e-m+dp/hard\libg.a(lib_a-strlen.o)
                0x08000760                strlen
 *fill*         0x0800083c        0x4 
 .text          0x08000840       0xa0 d:/project/9388/e1/2023_7_27/sr5e1_l9388_demo/tools/toolchain/arm/mingw64_nt/10.3-2021.10/bin/../lib/gcc/arm-none-eabi/10.3.1/../../../../arm-none-eabi/lib/thumb/v7e-m+dp/hard\libg.a(lib_a-memchr.o)
                0x08000840                memchr
 *(.text.*)
 .text.gpio_set_pin_moder
                0x080008e0       0x7c build/./common/src/test_env.o
 *fill*         0x0800095c        0x4 
 .text.gpio_set_pin_otyper
                0x08000960       0x78 build/./common/src/test_env.o
 *fill*         0x080009d8        0x8 
 .text.gpio_set_pin_ospeedr
                0x080009e0       0x7c build/./common/src/test_env.o
 *fill*         0x08000a5c        0x4 
 .text.gpio_set_pin_pupdr
                0x08000a60       0x7c build/./common/src/test_env.o
 *fill*         0x08000adc        0x4 
 .text.gpio_set_pin_afr
                0x08000ae0       0xbc build/./common/src/test_env.o
 *fill*         0x08000b9c        0x4 
 .text.gpio_set_pin_ihystr
                0x08000ba0       0x7c build/./common/src/test_env.o
 *fill*         0x08000c1c        0x4 
 .text.gpio_set_pin_trigenr
                0x08000c20       0x78 build/./common/src/test_env.o
 *fill*         0x08000c98        0x8 
 .text.gpio_set_pin_safeselr
                0x08000ca0       0x78 build/./common/src/test_env.o
 *fill*         0x08000d18        0x8 
 .text.gpio_set_pin_safevalr
                0x08000d20       0x78 build/./common/src/test_env.o
 *fill*         0x08000d98        0x8 
 .text.gpio_set_pin_mode
                0x08000da0       0xdc build/./common/src/test_env.o
 *fill*         0x08000e7c        0x4 
 .text.evbe7000p_init
                0x08000e80      0x4c0 build/./common/src/test_env.o
 .text.test_env_init
                0x08001340       0x54 build/./common/src/test_env.o
                0x08001340                test_env_init
 *fill*         0x08001394        0xc 
 .text.canrx_receive_cb
                0x080013a0       0x50 build/src/CAN_Init/CAN_LLD_Init.o
 .text.canrx_error_cb
                0x080013f0        0xc build/src/CAN_Init/CAN_LLD_Init.o
 *fill*         0x080013fc        0x4 
 .text.cantx_error_cb
                0x08001400        0xc build/src/CAN_Init/CAN_LLD_Init.o
 *fill*         0x0800140c        0x4 
 .text.CAN_LLD_Init
                0x08001410       0xb4 build/src/CAN_Init/CAN_LLD_Init.o
                0x08001410                CAN_LLD_Init
 *fill*         0x080014c4        0xc 
 .text.gpio_set_pin_moder
                0x080014d0       0x7c build/src/SPI_Init/SPI_LLD_Init.o
 *fill*         0x0800154c        0x4 
 .text.gpio_set_pin_otyper
                0x08001550       0x78 build/src/SPI_Init/SPI_LLD_Init.o
 *fill*         0x080015c8        0x8 
 .text.gpio_set_pin_ospeedr
                0x080015d0       0x7c build/src/SPI_Init/SPI_LLD_Init.o
 *fill*         0x0800164c        0x4 
 .text.gpio_set_pin_pupdr
                0x08001650       0x7c build/src/SPI_Init/SPI_LLD_Init.o
 *fill*         0x080016cc        0x4 
 .text.gpio_set_pin_afr
                0x080016d0       0xbc build/src/SPI_Init/SPI_LLD_Init.o
 *fill*         0x0800178c        0x4 
 .text.gpio_set_pin_ihystr
                0x08001790       0x7c build/src/SPI_Init/SPI_LLD_Init.o
 *fill*         0x0800180c        0x4 
 .text.gpio_set_pin_trigenr
                0x08001810       0x78 build/src/SPI_Init/SPI_LLD_Init.o
 *fill*         0x08001888        0x8 
 .text.gpio_set_pin_safeselr
                0x08001890       0x78 build/src/SPI_Init/SPI_LLD_Init.o
 *fill*         0x08001908        0x8 
 .text.gpio_set_pin_safevalr
                0x08001910       0x78 build/src/SPI_Init/SPI_LLD_Init.o
 *fill*         0x08001988        0x8 
 .text.gpio_set_pin_mode
                0x08001990       0xdc build/src/SPI_Init/SPI_LLD_Init.o
 *fill*         0x08001a6c        0x4 
 .text.gpio_set_pin
                0x08001a70       0x4c build/src/SPI_Init/SPI_LLD_Init.o
 *fill*         0x08001abc        0x4 
 .text.spi_master_data_cb
                0x08001ac0       0x14 build/src/SPI_Init/SPI_LLD_Init.o
 *fill*         0x08001ad4        0xc 
 .text.spi_master_err_cb
                0x08001ae0        0xc build/src/SPI_Init/SPI_LLD_Init.o
 *fill*         0x08001aec        0x4 
 .text.SPI_LLD_Init
                0x08001af0       0xb0 build/src/SPI_Init/SPI_LLD_Init.o
                0x08001af0                SPI_LLD_Init
 .text.irq_enable_all
                0x08001ba0        0x8 build/src/main.o
 *fill*         0x08001ba8        0x8 
 .text.main     0x08001bb0       0x24 build/src/main.o
                0x08001bb0                main
 *fill*         0x08001bd4        0xc 
 .text.__core_init
                0x08001be0       0x50 build/Modules/Boot/src/crt1.o
                0x08001be0                __core_init
 .text.__early_init
                0x08001c30        0x4 build/Modules/Boot/src/crt1.o
                0x08001c30                __early_init
 *fill*         0x08001c34        0xc 
 .text.__late_init
                0x08001c40        0x4 build/Modules/Boot/src/crt1.o
                0x08001c40                __late_init
 *fill*         0x08001c44        0xc 
 .text.__default_exit
                0x08001c50        0x4 build/Modules/Boot/src/crt1.o
                0x08001c50                __default_exit
 *fill*         0x08001c54        0xc 
 .text.clock_init
                0x08001c60      0x360 build/Modules/Platform/Clock/src/sr5e1/clock.o
                0x08001c60                clock_init
 .text.__NVIC_EnableIRQ
                0x08001fc0       0x34 build/Modules/Drivers/System/DMA/src/dma.o
 *fill*         0x08001ff4        0xc 
 .text.__NVIC_SetPriority
                0x08002000       0x50 build/Modules/Drivers/System/DMA/src/dma.o
 .text.irq_enable
                0x08002050       0x1c build/Modules/Drivers/System/DMA/src/dma.o
 *fill*         0x0800206c        0x4 
 .text.irq_set_priority
                0x08002070       0x20 build/Modules/Drivers/System/DMA/src/dma.o
 .text.dma_stream_clear_interrupts
                0x08002090       0x48 build/Modules/Drivers/System/DMA/src/dma.o
 *fill*         0x080020d8        0x8 
 .text.dma_stream_disable
                0x080020e0       0x24 build/Modules/Drivers/System/DMA/src/dma.o
 *fill*         0x08002104        0xc 
 .text.dma_serve_interrupt
                0x08002110       0xd0 build/Modules/Drivers/System/DMA/src/dma.o
 .text.Vector6C
                0x080021e0       0x10 build/Modules/Drivers/System/DMA/src/dma.o
                0x080021e0                Vector6C
 .text.Vector70
                0x080021f0       0x10 build/Modules/Drivers/System/DMA/src/dma.o
                0x080021f0                Vector70
 .text.Vector74
                0x08002200       0x10 build/Modules/Drivers/System/DMA/src/dma.o
                0x08002200                Vector74
 .text.Vector78
                0x08002210       0x10 build/Modules/Drivers/System/DMA/src/dma.o
                0x08002210                Vector78
 .text.Vector7C
                0x08002220       0x10 build/Modules/Drivers/System/DMA/src/dma.o
                0x08002220                Vector7C
 .text.Vector80
                0x08002230       0x10 build/Modules/Drivers/System/DMA/src/dma.o
                0x08002230                Vector80
 .text.Vector84
                0x08002240       0x10 build/Modules/Drivers/System/DMA/src/dma.o
                0x08002240                Vector84
 .text.Vector88
                0x08002250       0x10 build/Modules/Drivers/System/DMA/src/dma.o
                0x08002250                Vector88
 .text.Vector120
                0x08002260       0x10 build/Modules/Drivers/System/DMA/src/dma.o
                0x08002260                Vector120
 .text.Vector124
                0x08002270       0x10 build/Modules/Drivers/System/DMA/src/dma.o
                0x08002270                Vector124
 .text.Vector128
                0x08002280       0x10 build/Modules/Drivers/System/DMA/src/dma.o
                0x08002280                Vector128
 .text.Vector12C
                0x08002290       0x10 build/Modules/Drivers/System/DMA/src/dma.o
                0x08002290                Vector12C
 .text.Vector130
                0x080022a0       0x10 build/Modules/Drivers/System/DMA/src/dma.o
                0x080022a0                Vector130
 .text.Vector134
                0x080022b0       0x10 build/Modules/Drivers/System/DMA/src/dma.o
                0x080022b0                Vector134
 .text.Vector138
                0x080022c0       0x10 build/Modules/Drivers/System/DMA/src/dma.o
                0x080022c0                Vector138
 .text.Vector13C
                0x080022d0       0x10 build/Modules/Drivers/System/DMA/src/dma.o
                0x080022d0                Vector13C
 .text.dma_stream_take
                0x080022e0      0x2a8 build/Modules/Drivers/System/DMA/src/dma.o
                0x080022e0                dma_stream_take
 *fill*         0x08002588        0x8 
 .text.gpio_init
                0x08002590        0xc build/Modules/Drivers/System/GPIO/src/gpio.o
                0x08002590                gpio_init
 *fill*         0x0800259c        0x4 
 .text.gpio_dev_init
                0x080025a0       0x24 build/Modules/Drivers/System/GPIO/src/sr5e1/gpio_dev.o
                0x080025a0                gpio_dev_init
 *fill*         0x080025c4        0xc 
 .text.gpio_dev_get_port_reg_ptr
                0x080025d0       0x8c build/Modules/Drivers/System/GPIO/src/sr5e1/gpio_dev.o
                0x080025d0                gpio_dev_get_port_reg_ptr
 *fill*         0x0800265c        0x4 
 .text.__NVIC_EnableIRQ
                0x08002660       0x34 build/Modules/Drivers/Comms/CAN/src/can.o
 *fill*         0x08002694        0xc 
 .text.__NVIC_SetPriority
                0x080026a0       0x50 build/Modules/Drivers/Comms/CAN/src/can.o
 .text.irq_enable
                0x080026f0       0x1c build/Modules/Drivers/Comms/CAN/src/can.o
 *fill*         0x0800270c        0x4 
 .text.irq_set_priority
                0x08002710       0x20 build/Modules/Drivers/Comms/CAN/src/can.o
 .text.dma_stream_set_peripheral
                0x08002730       0x14 build/Modules/Drivers/Comms/CAN/src/can.o
 *fill*         0x08002744        0xc 
 .text.dma_stream_set_memory
                0x08002750       0x14 build/Modules/Drivers/Comms/CAN/src/can.o
 *fill*         0x08002764        0xc 
 .text.dma_stream_set_count
                0x08002770       0x14 build/Modules/Drivers/Comms/CAN/src/can.o
 *fill*         0x08002784        0xc 
 .text.dma_stream_set_transfer_mode
                0x08002790       0x14 build/Modules/Drivers/Comms/CAN/src/can.o
 *fill*         0x080027a4        0xc 
 .text.dma_stream_clear_interrupts
                0x080027b0       0x48 build/Modules/Drivers/Comms/CAN/src/can.o
 *fill*         0x080027f8        0x8 
 .text.dma_stream_enable
                0x08002800       0x1c build/Modules/Drivers/Comms/CAN/src/can.o
 *fill*         0x0800281c        0x4 
 .text.dma_stream_disable
                0x08002820       0x24 build/Modules/Drivers/Comms/CAN/src/can.o
 *fill*         0x08002844        0xc 
 .text.dma_stream_set_fifo_mode
                0x08002850       0x1c build/Modules/Drivers/Comms/CAN/src/can.o
 *fill*         0x0800286c        0x4 
 .text.dma_stream_set_trigger
                0x08002870       0x14 build/Modules/Drivers/Comms/CAN/src/can.o
 *fill*         0x08002884        0xc 
 .text.can_lld_get_frame_size
                0x08002890       0x5c build/Modules/Drivers/Comms/CAN/src/can.o
 *fill*         0x080028ec        0x4 
 .text.can_lld_data2frame
                0x080028f0       0xf4 build/Modules/Drivers/Comms/CAN/src/can.o
 *fill*         0x080029e4        0xc 
 .text.can_dmu_rx0_dma_callback
                0x080029f0       0x6c build/Modules/Drivers/Comms/CAN/src/can.o
 *fill*         0x08002a5c        0x4 
 .text.can_dmu_rx1_dma_callback
                0x08002a60       0x6c build/Modules/Drivers/Comms/CAN/src/can.o
 *fill*         0x08002acc        0x4 
 .text.can_lld_set_dmu
                0x08002ad0      0x2a8 build/Modules/Drivers/Comms/CAN/src/can.o
 *fill*         0x08002d78        0x8 
 .text.can_lld_set_loopback
                0x08002d80       0x50 build/Modules/Drivers/Comms/CAN/src/can.o
 .text.can_lld_set_flexdatarate
                0x08002dd0       0x3c build/Modules/Drivers/Comms/CAN/src/can.o
 *fill*         0x08002e0c        0x4 
 .text.can_lld_set_baudrate
                0x08002e10      0x640 build/Modules/Drivers/Comms/CAN/src/can.o
 .text.can_lld_set_datasize
                0x08003450      0x1cc build/Modules/Drivers/Comms/CAN/src/can.o
 *fill*         0x0800361c        0x4 
 .text.can_lld_set_sram
                0x08003620      0x40c build/Modules/Drivers/Comms/CAN/src/can.o
 *fill*         0x08003a2c        0x4 
 .text.can_lld_start
                0x08003a30      0x590 build/Modules/Drivers/Comms/CAN/src/can.o
 .text.can_lld_set_filter
                0x08003fc0      0x168 build/Modules/Drivers/Comms/CAN/src/can.o
 *fill*         0x08004128        0x8 
 .text.can_lld_read_buffer
                0x08004130       0xb8 build/Modules/Drivers/Comms/CAN/src/can.o
 *fill*         0x080041e8        0x8 
 .text.can_reset_paramters
                0x080041f0      0x214 build/Modules/Drivers/Comms/CAN/src/can.o
 *fill*         0x08004404        0xc 
 .text.can_init
                0x08004410       0x2c build/Modules/Drivers/Comms/CAN/src/can.o
                0x08004410                can_init
 *fill*         0x0800443c        0x4 
 .text.can_set_irq_line
                0x08004440       0x24 build/Modules/Drivers/Comms/CAN/src/can.o
                0x08004440                can_set_irq_line
 *fill*         0x08004464        0xc 
 .text.can_set_irq_mask
                0x08004470       0x1c build/Modules/Drivers/Comms/CAN/src/can.o
                0x08004470                can_set_irq_mask
 *fill*         0x0800448c        0x4 
 .text.can_set_loopback
                0x08004490       0x24 build/Modules/Drivers/Comms/CAN/src/can.o
                0x08004490                can_set_loopback
 *fill*         0x080044b4        0xc 
 .text.can_set_fd_mode
                0x080044c0       0x24 build/Modules/Drivers/Comms/CAN/src/can.o
                0x080044c0                can_set_fd_mode
 *fill*         0x080044e4        0xc 
 .text.can_set_baudrate
                0x080044f0       0x1c build/Modules/Drivers/Comms/CAN/src/can.o
                0x080044f0                can_set_baudrate
 *fill*         0x0800450c        0x4 
 .text.can_set_filter
                0x08004510       0x34 build/Modules/Drivers/Comms/CAN/src/can.o
                0x08004510                can_set_filter
 *fill*         0x08004544        0xc 
 .text.can_set_buffers
                0x08004550       0x54 build/Modules/Drivers/Comms/CAN/src/can.o
                0x08004550                can_set_buffers
 *fill*         0x080045a4        0xc 
 .text.can_set_rx_polling_mode
                0x080045b0       0x28 build/Modules/Drivers/Comms/CAN/src/can.o
                0x080045b0                can_set_rx_polling_mode
 *fill*         0x080045d8        0x8 
 .text.can_set_tx_mode
                0x080045e0       0x28 build/Modules/Drivers/Comms/CAN/src/can.o
                0x080045e0                can_set_tx_mode
 *fill*         0x08004608        0x8 
 .text.can_set_dmu_mode
                0x08004610       0x28 build/Modules/Drivers/Comms/CAN/src/can.o
                0x08004610                can_set_dmu_mode
 *fill*         0x08004638        0x8 
 .text.can_set_cb
                0x08004640       0x20 build/Modules/Drivers/Comms/CAN/src/can.o
                0x08004640                can_set_cb
 .text.can_set_err_cb
                0x08004660       0x20 build/Modules/Drivers/Comms/CAN/src/can.o
                0x08004660                can_set_err_cb
 .text.can_start
                0x08004680       0x88 build/Modules/Drivers/Comms/CAN/src/can.o
                0x08004680                can_start
 *fill*         0x08004708        0x8 
 .text.__can_serve_interrupt
                0x08004710      0x584 build/Modules/Drivers/Comms/CAN/src/can.o
                0x08004710                __can_serve_interrupt
 *fill*         0x08004c94        0xc 
 .text.__can_serve_dmu_interrupt
                0x08004ca0       0x64 build/Modules/Drivers/Comms/CAN/src/can.o
                0x08004ca0                __can_serve_dmu_interrupt
 *fill*         0x08004d04        0xc 
 .text.can_dev_get_reg_ptr
                0x08004d10       0x58 build/Modules/Drivers/Comms/CAN/src/sr5e1/can_dev.o
                0x08004d10                can_dev_get_reg_ptr
 *fill*         0x08004d68        0x8 
 .text.can_dev_get_clock
                0x08004d70       0x10 build/Modules/Drivers/Comms/CAN/src/sr5e1/can_dev.o
                0x08004d70                can_dev_get_clock
 .text.can_dev_clock_enable
                0x08004d80      0x34c build/Modules/Drivers/Comms/CAN/src/sr5e1/can_dev.o
                0x08004d80                can_dev_clock_enable
 *fill*         0x080050cc        0x4 
 .text.can_dev_get_dma_tx_trigger
                0x080050d0       0x48 build/Modules/Drivers/Comms/CAN/src/sr5e1/can_dev.o
                0x080050d0                can_dev_get_dma_tx_trigger
 *fill*         0x08005118        0x8 
 .text.can_dev_get_dma_rx0_trigger
                0x08005120       0x48 build/Modules/Drivers/Comms/CAN/src/sr5e1/can_dev.o
                0x08005120                can_dev_get_dma_rx0_trigger
 *fill*         0x08005168        0x8 
 .text.can_dev_get_dma_rx1_trigger
                0x08005170       0x48 build/Modules/Drivers/Comms/CAN/src/sr5e1/can_dev.o
                0x08005170                can_dev_get_dma_rx1_trigger
 *fill*         0x080051b8        0x8 
 .text.can_dev_get_line0_vector
                0x080051c0       0x50 build/Modules/Drivers/Comms/CAN/src/sr5e1/can_dev.o
                0x080051c0                can_dev_get_line0_vector
 .text.can_dev_get_line1_vector
                0x08005210       0x50 build/Modules/Drivers/Comms/CAN/src/sr5e1/can_dev.o
                0x08005210                can_dev_get_line1_vector
 .text.can_dev_get_dmu_vector
                0x08005260       0x50 build/Modules/Drivers/Comms/CAN/src/sr5e1/can_dev.o
                0x08005260                can_dev_get_dmu_vector
 .text.can_dev_get_msg_ram_address
                0x080052b0       0x10 build/Modules/Drivers/Comms/CAN/src/sr5e1/can_dev.o
                0x080052b0                can_dev_get_msg_ram_address
 .text.can_dev_get_msg_ram_size
                0x080052c0       0x10 build/Modules/Drivers/Comms/CAN/src/sr5e1/can_dev.o
                0x080052c0                can_dev_get_msg_ram_size
 .text.can_dev_get_ram_start
                0x080052d0       0x68 build/Modules/Drivers/Comms/CAN/src/sr5e1/can_dev.o
                0x080052d0                can_dev_get_ram_start
 *fill*         0x08005338        0x8 
 .text.can_dev_get_ram_size
                0x08005340       0x18 build/Modules/Drivers/Comms/CAN/src/sr5e1/can_dev.o
                0x08005340                can_dev_get_ram_size
 *fill*         0x08005358        0x8 
 .text.Vector190
                0x08005360       0x14 build/Modules/Drivers/Comms/CAN/src/sr5e1/can_dev.o
                0x08005360                Vector190
 *fill*         0x08005374        0xc 
 .text.Vector194
                0x08005380       0x14 build/Modules/Drivers/Comms/CAN/src/sr5e1/can_dev.o
                0x08005380                Vector194
 *fill*         0x08005394        0xc 
 .text.Vector198
                0x080053a0       0x10 build/Modules/Drivers/Comms/CAN/src/sr5e1/can_dev.o
                0x080053a0                Vector198
 .text.Vector19C
                0x080053b0       0x14 build/Modules/Drivers/Comms/CAN/src/sr5e1/can_dev.o
                0x080053b0                Vector19C
 *fill*         0x080053c4        0xc 
 .text.Vector1A0
                0x080053d0       0x14 build/Modules/Drivers/Comms/CAN/src/sr5e1/can_dev.o
                0x080053d0                Vector1A0
 *fill*         0x080053e4        0xc 
 .text.Vector1A4
                0x080053f0       0x10 build/Modules/Drivers/Comms/CAN/src/sr5e1/can_dev.o
                0x080053f0                Vector1A4
 .text.Vector1A8
                0x08005400       0x14 build/Modules/Drivers/Comms/CAN/src/sr5e1/can_dev.o
                0x08005400                Vector1A8
 *fill*         0x08005414        0xc 
 .text.Vector1AC
                0x08005420       0x14 build/Modules/Drivers/Comms/CAN/src/sr5e1/can_dev.o
                0x08005420                Vector1AC
 *fill*         0x08005434        0xc 
 .text.Vector1B0
                0x08005440       0x10 build/Modules/Drivers/Comms/CAN/src/sr5e1/can_dev.o
                0x08005440                Vector1B0
 .text.Vector1B4
                0x08005450       0x14 build/Modules/Drivers/Comms/CAN/src/sr5e1/can_dev.o
                0x08005450                Vector1B4
 *fill*         0x08005464        0xc 
 .text.Vector1B8
                0x08005470       0x14 build/Modules/Drivers/Comms/CAN/src/sr5e1/can_dev.o
                0x08005470                Vector1B8
 *fill*         0x08005484        0xc 
 .text.Vector1BC
                0x08005490       0x10 build/Modules/Drivers/Comms/CAN/src/sr5e1/can_dev.o
                0x08005490                Vector1BC
 .text.__NVIC_EnableIRQ
                0x080054a0       0x34 build/Modules/Drivers/Comms/SPI/src/spi.o
 *fill*         0x080054d4        0xc 
 .text.__NVIC_SetPriority
                0x080054e0       0x50 build/Modules/Drivers/Comms/SPI/src/spi.o
 .text.gpio_set_pin
                0x08005530       0x4c build/Modules/Drivers/Comms/SPI/src/spi.o
 *fill*         0x0800557c        0x4 
 .text.irq_enable
                0x08005580       0x1c build/Modules/Drivers/Comms/SPI/src/spi.o
 *fill*         0x0800559c        0x4 
 .text.irq_set_priority
                0x080055a0       0x20 build/Modules/Drivers/Comms/SPI/src/spi.o
 .text.dma_stream_set_peripheral
                0x080055c0       0x14 build/Modules/Drivers/Comms/SPI/src/spi.o
 *fill*         0x080055d4        0xc 
 .text.dma_stream_clear_interrupts
                0x080055e0       0x48 build/Modules/Drivers/Comms/SPI/src/spi.o
 *fill*         0x08005628        0x8 
 .text.dma_stream_set_trigger
                0x08005630       0x14 build/Modules/Drivers/Comms/SPI/src/spi.o
 *fill*         0x08005644        0xc 
 .text.spi_reset_paramters
                0x08005650       0xc8 build/Modules/Drivers/Comms/SPI/src/spi.o
 *fill*         0x08005718        0x8 
 .text.spi_dma_callback
                0x08005720       0x7c build/Modules/Drivers/Comms/SPI/src/spi.o
 *fill*         0x0800579c        0x4 
 .text.spi_init
                0x080057a0       0x2c build/Modules/Drivers/Comms/SPI/src/spi.o
                0x080057a0                spi_init
 *fill*         0x080057cc        0x4 
 .text.spi_set_prio
                0x080057d0       0x1c build/Modules/Drivers/Comms/SPI/src/spi.o
                0x080057d0                spi_set_prio
 *fill*         0x080057ec        0x4 
 .text.spi_set_drv_mode
                0x080057f0       0x28 build/Modules/Drivers/Comms/SPI/src/spi.o
                0x080057f0                spi_set_drv_mode
 *fill*         0x08005818        0x8 
 .text.spi_set_dma_conf
                0x08005820       0x1c build/Modules/Drivers/Comms/SPI/src/spi.o
                0x08005820                spi_set_dma_conf
 *fill*         0x0800583c        0x4 
 .text.spi_set_mode
                0x08005840       0x28 build/Modules/Drivers/Comms/SPI/src/spi.o
                0x08005840                spi_set_mode
 *fill*         0x08005868        0x8 
 .text.spi_set_baud
                0x08005870       0x28 build/Modules/Drivers/Comms/SPI/src/spi.o
                0x08005870                spi_set_baud
 *fill*         0x08005898        0x8 
 .text.spi_set_cpha
                0x080058a0       0x28 build/Modules/Drivers/Comms/SPI/src/spi.o
                0x080058a0                spi_set_cpha
 *fill*         0x080058c8        0x8 
 .text.spi_set_cpol
                0x080058d0       0x28 build/Modules/Drivers/Comms/SPI/src/spi.o
                0x080058d0                spi_set_cpol
 *fill*         0x080058f8        0x8 
 .text.spi_set_fformat
                0x08005900       0x28 build/Modules/Drivers/Comms/SPI/src/spi.o
                0x08005900                spi_set_fformat
 *fill*         0x08005928        0x8 
 .text.spi_set_fsize
                0x08005930       0x28 build/Modules/Drivers/Comms/SPI/src/spi.o
                0x08005930                spi_set_fsize
 *fill*         0x08005958        0x8 
 .text.spi_set_nss_mode
                0x08005960       0x28 build/Modules/Drivers/Comms/SPI/src/spi.o
                0x08005960                spi_set_nss_mode
 *fill*         0x08005988        0x8 
 .text.spi_set_nss_gpio
                0x08005990       0x38 build/Modules/Drivers/Comms/SPI/src/spi.o
                0x08005990                spi_set_nss_gpio
 *fill*         0x080059c8        0x8 
 .text.spi_set_cb
                0x080059d0       0x34 build/Modules/Drivers/Comms/SPI/src/spi.o
                0x080059d0                spi_set_cb
 *fill*         0x08005a04        0xc 
 .text.spi_start
                0x08005a10      0x1e0 build/Modules/Drivers/Comms/SPI/src/spi.o
                0x08005a10                spi_start
 .text.__spi_serve_interrupt
                0x08005bf0      0x1c8 build/Modules/Drivers/Comms/SPI/src/spi.o
                0x08005bf0                __spi_serve_interrupt
 *fill*         0x08005db8        0x8 
 .text.spi_dev_get_reg_ptr
                0x08005dc0       0x58 build/Modules/Drivers/Comms/SPI/src/sr5e1/spi_dev.o
                0x08005dc0                spi_dev_get_reg_ptr
 *fill*         0x08005e18        0x8 
 .text.spi_dev_get_clock
                0x08005e20       0x50 build/Modules/Drivers/Comms/SPI/src/sr5e1/spi_dev.o
                0x08005e20                spi_dev_get_clock
 .text.spi_dev_clock_enable
                0x08005e70      0x270 build/Modules/Drivers/Comms/SPI/src/sr5e1/spi_dev.o
                0x08005e70                spi_dev_clock_enable
 .text.spi_dev_get_dma_tx_trigger
                0x080060e0       0x48 build/Modules/Drivers/Comms/SPI/src/sr5e1/spi_dev.o
                0x080060e0                spi_dev_get_dma_tx_trigger
 *fill*         0x08006128        0x8 
 .text.spi_dev_get_dma_rx_trigger
                0x08006130       0x48 build/Modules/Drivers/Comms/SPI/src/sr5e1/spi_dev.o
                0x08006130                spi_dev_get_dma_rx_trigger
 *fill*         0x08006178        0x8 
 .text.spi_dev_get_vector
                0x08006180       0x50 build/Modules/Drivers/Comms/SPI/src/sr5e1/spi_dev.o
                0x08006180                spi_dev_get_vector
 .text.VectorCC
                0x080061d0       0x10 build/Modules/Drivers/Comms/SPI/src/sr5e1/spi_dev.o
                0x080061d0                VectorCC
 .text.VectorD0
                0x080061e0       0x10 build/Modules/Drivers/Comms/SPI/src/sr5e1/spi_dev.o
                0x080061e0                VectorD0
 .text.Vector10C
                0x080061f0       0x10 build/Modules/Drivers/Comms/SPI/src/sr5e1/spi_dev.o
                0x080061f0                Vector10C
 .text.Vector110
                0x08006200       0x10 build/Modules/Drivers/Comms/SPI/src/sr5e1/spi_dev.o
                0x08006200                Vector110
 .text.__NVIC_SetPriority
                0x08006210       0x50 build/Modules/OS/OSAL/src/osal.o
 .text.SysTick_Config
                0x08006260       0x40 build/Modules/OS/OSAL/src/osal.o
 .text.osal_inc_tick
                0x080062a0       0x14 build/Modules/OS/OSAL/src/osal.o
                0x080062a0                osal_inc_tick
 *fill*         0x080062b4        0xc 
 .text.osal_init_systick
                0x080062c0       0x58 build/Modules/OS/OSAL/src/osal.o
 *fill*         0x08006318        0x8 
 .text.osal_init
                0x08006320       0x1c build/Modules/OS/OSAL/src/osal.o
                0x08006320                osal_init
 *fill*         0x0800633c        0x4 
 .text.ErrorHook
                0x08006340       0x18 build/Modules/OS/OSAL/src/Os_Cfg.o
                0x08006340                ErrorHook
 *fill*         0x08006358        0x8 
 .text.ActivateTask
                0x08006360      0x210 build/Modules/OS/OSAL/src/ActivateTask.o
                0x08006360                ActivateTask
 .text.ReturnHook_Arch
                0x08006570        0x4 build/Modules/OS/OSAL/src/Os_Internal_Arch.o
                0x08006570                ReturnHook_Arch
 *fill*         0x08006574        0xc 
 .text.InitStack_Arch
                0x08006580       0xd0 build/Modules/OS/OSAL/src/Os_Internal_Arch.o
                0x08006580                InitStack_Arch
 .text.SysTick_Handler
                0x08006650       0xa8 build/Modules/OS/OSAL/src/Os_Internal_Arch.o
                0x08006650                SysTick_Handler
 *fill*         0x080066f8        0x8 
 .text.Enable_User_ISRs
                0x08006700        0x4 build/Modules/OS/OSAL/src/Os_Internal_Arch_Cfg.o
                0x08006700                Enable_User_ISRs
 *fill*         0x08006704        0xc 
 .text.AddReady
                0x08006710       0xd4 build/Modules/OS/OSAL/src/Os_Internal.o
                0x08006710                AddReady
 *fill*         0x080067e4        0xc 
 .text.GetNextTask
                0x080067f0       0x70 build/Modules/OS/OSAL/src/Os_Internal.o
                0x080067f0                GetNextTask
 .text.IncrementAlarm
                0x08006860      0x27c build/Modules/OS/OSAL/src/Os_Internal.o
                0x08006860                IncrementAlarm
 *fill*         0x08006adc        0x4 
 .text.IncrementCounter
                0x08006ae0      0x104 build/Modules/OS/OSAL/src/Os_Internal.o
                0x08006ae0                IncrementCounter
 *fill*         0x08006be4        0xc 
 .text.OSEK_TASK_TaskInit
                0x08006bf0        0x4 build/Modules/OS/OSAL/src/Os_Internal_Cfg.o
                0x08006bf0                OSEK_TASK_TaskInit
 *fill*         0x08006bf4        0xc 
 .text.OSEK_TASK_TaskBlink
                0x08006c00        0x4 build/Modules/OS/OSAL/src/Os_Internal_Cfg.o
                0x08006c00                OSEK_TASK_TaskBlink
 *fill*         0x08006c04        0xc 
 .text.OSEK_TASK_TaskPeriodic
                0x08006c10        0x4 build/Modules/OS/OSAL/src/Os_Internal_Cfg.o
                0x08006c10                OSEK_TASK_TaskPeriodic
 *fill*         0x08006c14        0xc 
 .text.OSEK_TASK_TaskBackground
                0x08006c20        0x4 build/Modules/OS/OSAL/src/Os_Internal_Cfg.o
                0x08006c20                OSEK_TASK_TaskBackground
 *fill*         0x08006c24        0xc 
 .text.OSEK_CALLBACK_AppCallback
                0x08006c30        0x4 build/Modules/OS/OSAL/src/Os_Internal_Cfg.o
                0x08006c30                OSEK_CALLBACK_AppCallback
 *fill*         0x08006c34        0xc 
 .text.Schedule
                0x08006c40      0x314 build/Modules/OS/OSAL/src/Schedule.o
                0x08006c40                Schedule
 *fill*         0x08006f54        0xc 
 .text.SetEvent
                0x08006f60      0x2a4 build/Modules/OS/OSAL/src/SetEvent.o
                0x08006f60                SetEvent
 *fill*         0x08007204        0xc 
 .text.ShutdownOS
                0x08007210        0xc build/Modules/OS/OSAL/src/ShutdownOS.o
                0x08007210                ShutdownOS
 *fill*         0x0800721c        0x4 
 .text.__NVIC_SetPriority
                0x08007220       0x50 build/Modules/OS/OSAL/src/StartOs_Arch_SysTick.o
 .text.SysTick_Config
                0x08007270       0x40 build/Modules/OS/OSAL/src/StartOs_Arch_SysTick.o
 .text.StartOs_Arch_SysTick
                0x080072b0       0x48 build/Modules/OS/OSAL/src/StartOs_Arch_SysTick.o
                0x080072b0                StartOs_Arch_SysTick
 *fill*         0x080072f8        0x8 
 .text.StartOs_Arch_Cpu
                0x08007300       0x10 build/Modules/OS/OSAL/src/StartOs_Arch.o
                0x08007300                StartOs_Arch_Cpu
 .text.StartOs_Arch
                0x08007310       0x2c build/Modules/OS/OSAL/src/StartOs_Arch.o
                0x08007310                StartOs_Arch
 *fill*         0x0800733c        0x4 
 .text.StartOS  0x08007340       0xd4 build/Modules/OS/OSAL/src/StartOS.o
                0x08007340                StartOS
 *fill*         0x08007414        0xc 
 .text.memset   0x08007420       0xa4 d:/project/9388/e1/2023_7_27/sr5e1_l9388_demo/tools/toolchain/arm/mingw64_nt/10.3-2021.10/bin/../lib/gcc/arm-none-eabi/10.3.1/../../../../arm-none-eabi/lib/thumb/v7e-m+dp/hard\libg.a(lib_a-memset.o)
                0x08007420                memset
 *fill*         0x080074c4        0xc 
 .text._puts_r  0x080074d0       0x9c d:/project/9388/e1/2023_7_27/sr5e1_l9388_demo/tools/toolchain/arm/mingw64_nt/10.3-2021.10/bin/../lib/gcc/arm-none-eabi/10.3.1/../../../../arm-none-eabi/lib/thumb/v7e-m+dp/hard\libg.a(lib_a-puts.o)
                0x080074d0                _puts_r
 *fill*         0x0800756c        0x4 
 .text.puts     0x08007570       0x10 d:/project/9388/e1/2023_7_27/sr5e1_l9388_demo/tools/toolchain/arm/mingw64_nt/10.3-2021.10/bin/../lib/gcc/arm-none-eabi/10.3.1/../../../../arm-none-eabi/lib/thumb/v7e-m+dp/hard\libg.a(lib_a-puts.o)
                0x08007570                puts
 .text._cleanup_r
                0x08007580        0xc d:/project/9388/e1/2023_7_27/sr5e1_l9388_demo/tools/toolchain/arm/mingw64_nt/10.3-2021.10/bin/../lib/gcc/arm-none-eabi/10.3.1/../../../../arm-none-eabi/lib/thumb/v7e-m+dp/hard\libg.a(lib_a-findfp.o)
                0x08007580                _cleanup_r
 *fill*         0x0800758c        0x4 
 .text.__sinit  0x08007590      0x10c d:/project/9388/e1/2023_7_27/sr5e1_l9388_demo/tools/toolchain/arm/mingw64_nt/10.3-2021.10/bin/../lib/gcc/arm-none-eabi/10.3.1/../../../../arm-none-eabi/lib/thumb/v7e-m+dp/hard\libg.a(lib_a-findfp.o)
                0x08007590                __sinit
 *fill*         0x0800769c        0x4 
 .text.__sfp_lock_acquire
                0x080076a0        0xc d:/project/9388/e1/2023_7_27/sr5e1_l9388_demo/tools/toolchain/arm/mingw64_nt/10.3-2021.10/bin/../lib/gcc/arm-none-eabi/10.3.1/../../../../arm-none-eabi/lib/thumb/v7e-m+dp/hard\libg.a(lib_a-findfp.o)
                0x080076a0                __sfp_lock_acquire
 *fill*         0x080076ac        0x4 
 .text.__sfp_lock_release
                0x080076b0        0xc d:/project/9388/e1/2023_7_27/sr5e1_l9388_demo/tools/toolchain/arm/mingw64_nt/10.3-2021.10/bin/../lib/gcc/arm-none-eabi/10.3.1/../../../../arm-none-eabi/lib/thumb/v7e-m+dp/hard\libg.a(lib_a-findfp.o)
                0x080076b0                __sfp_lock_release
 *fill*         0x080076bc        0x4 
 .text.__sfvwrite_r
                0x080076c0      0x2f0 d:/project/9388/e1/2023_7_27/sr5e1_l9388_demo/tools/toolchain/arm/mingw64_nt/10.3-2021.10/bin/../lib/gcc/arm-none-eabi/10.3.1/../../../../arm-none-eabi/lib/thumb/v7e-m+dp/hard\libg.a(lib_a-fvwrite.o)
                0x080076c0                __sfvwrite_r
 .text._fwalk_reent
                0x080079b0       0x48 d:/project/9388/e1/2023_7_27/sr5e1_l9388_demo/tools/toolchain/arm/mingw64_nt/10.3-2021.10/bin/../lib/gcc/arm-none-eabi/10.3.1/../../../../arm-none-eabi/lib/thumb/v7e-m+dp/hard\libg.a(lib_a-fwalk.o)
                0x080079b0                _fwalk_reent
 *fill*         0x080079f8        0x8 
 .text.__retarget_lock_init_recursive
                0x08007a00        0x4 d:/project/9388/e1/2023_7_27/sr5e1_l9388_demo/tools/toolchain/arm/mingw64_nt/10.3-2021.10/bin/../lib/gcc/arm-none-eabi/10.3.1/../../../../arm-none-eabi/lib/thumb/v7e-m+dp/hard\libg.a(lib_a-lock.o)
                0x08007a00                __retarget_lock_init_recursive
 *fill*         0x08007a04        0xc 
 .text.__retarget_lock_close_recursive
                0x08007a10        0x4 d:/project/9388/e1/2023_7_27/sr5e1_l9388_demo/tools/toolchain/arm/mingw64_nt/10.3-2021.10/bin/../lib/gcc/arm-none-eabi/10.3.1/../../../../arm-none-eabi/lib/thumb/v7e-m+dp/hard\libg.a(lib_a-lock.o)
                0x08007a10                __retarget_lock_close_recursive
 *fill*         0x08007a14        0xc 
 .text.__retarget_lock_acquire_recursive
                0x08007a20        0x4 d:/project/9388/e1/2023_7_27/sr5e1_l9388_demo/tools/toolchain/arm/mingw64_nt/10.3-2021.10/bin/../lib/gcc/arm-none-eabi/10.3.1/../../../../arm-none-eabi/lib/thumb/v7e-m+dp/hard\libg.a(lib_a-lock.o)
                0x08007a20                __retarget_lock_acquire_recursive
 *fill*         0x08007a24        0xc 
 .text.__retarget_lock_release_recursive
                0x08007a30        0x4 d:/project/9388/e1/2023_7_27/sr5e1_l9388_demo/tools/toolchain/arm/mingw64_nt/10.3-2021.10/bin/../lib/gcc/arm-none-eabi/10.3.1/../../../../arm-none-eabi/lib/thumb/v7e-m+dp/hard\libg.a(lib_a-lock.o)
                0x08007a30                __retarget_lock_release_recursive
 *fill*         0x08007a34        0xc 
 .text._malloc_r
                0x08007a40      0x560 d:/project/9388/e1/2023_7_27/sr5e1_l9388_demo/tools/toolchain/arm/mingw64_nt/10.3-2021.10/bin/../lib/gcc/arm-none-eabi/10.3.1/../../../../arm-none-eabi/lib/thumb/v7e-m+dp/hard\libg.a(lib_a-mallocr.o)
                0x08007a40                _malloc_r
 .text.memmove  0x08007fa0       0xf8 d:/project/9388/e1/2023_7_27/sr5e1_l9388_demo/tools/toolchain/arm/mingw64_nt/10.3-2021.10/bin/../lib/gcc/arm-none-eabi/10.3.1/../../../../arm-none-eabi/lib/thumb/v7e-m+dp/hard\libg.a(lib_a-memmove.o)
                0x08007fa0                memmove
 *fill*         0x08008098        0x8 
 .text.__malloc_lock
                0x080080a0        0xc d:/project/9388/e1/2023_7_27/sr5e1_l9388_demo/tools/toolchain/arm/mingw64_nt/10.3-2021.10/bin/../lib/gcc/arm-none-eabi/10.3.1/../../../../arm-none-eabi/lib/thumb/v7e-m+dp/hard\libg.a(lib_a-mlock.o)
                0x080080a0                __malloc_lock
 *fill*         0x080080ac        0x4 
 .text.__malloc_unlock
                0x080080b0        0xc d:/project/9388/e1/2023_7_27/sr5e1_l9388_demo/tools/toolchain/arm/mingw64_nt/10.3-2021.10/bin/../lib/gcc/arm-none-eabi/10.3.1/../../../../arm-none-eabi/lib/thumb/v7e-m+dp/hard\libg.a(lib_a-mlock.o)
                0x080080b0                __malloc_unlock
 *fill*         0x080080bc        0x4 
 .text._realloc_r
                0x080080c0      0x3d8 d:/project/9388/e1/2023_7_27/sr5e1_l9388_demo/tools/toolchain/arm/mingw64_nt/10.3-2021.10/bin/../lib/gcc/arm-none-eabi/10.3.1/../../../../arm-none-eabi/lib/thumb/v7e-m+dp/hard\libg.a(lib_a-reallocr.o)
                0x080080c0                _realloc_r
 *fill*         0x08008498        0x8 
 .text._sbrk_r  0x080084a0       0x24 d:/project/9388/e1/2023_7_27/sr5e1_l9388_demo/tools/toolchain/arm/mingw64_nt/10.3-2021.10/bin/../lib/gcc/arm-none-eabi/10.3.1/../../../../arm-none-eabi/lib/thumb/v7e-m+dp/hard\libg.a(lib_a-sbrkr.o)
                0x080084a0                _sbrk_r
 *fill*         0x080084c4        0xc 
 .text.__sread  0x080084d0       0x24 d:/project/9388/e1/2023_7_27/sr5e1_l9388_demo/tools/toolchain/arm/mingw64_nt/10.3-2021.10/bin/../lib/gcc/arm-none-eabi/10.3.1/../../../../arm-none-eabi/lib/thumb/v7e-m+dp/hard\libg.a(lib_a-stdio.o)
                0x080084d0                __sread
 *fill*         0x080084f4        0xc 
 .text.__swrite
                0x08008500       0x40 d:/project/9388/e1/2023_7_27/sr5e1_l9388_demo/tools/toolchain/arm/mingw64_nt/10.3-2021.10/bin/../lib/gcc/arm-none-eabi/10.3.1/../../../../arm-none-eabi/lib/thumb/v7e-m+dp/hard\libg.a(lib_a-stdio.o)
                0x08008500                __swrite
 .text.__sseek  0x08008540       0x20 d:/project/9388/e1/2023_7_27/sr5e1_l9388_demo/tools/toolchain/arm/mingw64_nt/10.3-2021.10/bin/../lib/gcc/arm-none-eabi/10.3.1/../../../../arm-none-eabi/lib/thumb/v7e-m+dp/hard\libg.a(lib_a-stdio.o)
                0x08008540                __sseek
 .text.__sclose
                0x08008560        0x8 d:/project/9388/e1/2023_7_27/sr5e1_l9388_demo/tools/toolchain/arm/mingw64_nt/10.3-2021.10/bin/../lib/gcc/arm-none-eabi/10.3.1/../../../../arm-none-eabi/lib/thumb/v7e-m+dp/hard\libg.a(lib_a-stdio.o)
                0x08008560                __sclose
 *fill*         0x08008568        0x8 
 .text._write_r
                0x08008570       0x2c d:/project/9388/e1/2023_7_27/sr5e1_l9388_demo/tools/toolchain/arm/mingw64_nt/10.3-2021.10/bin/../lib/gcc/arm-none-eabi/10.3.1/../../../../arm-none-eabi/lib/thumb/v7e-m+dp/hard\libg.a(lib_a-writer.o)
                0x08008570                _write_r
 *fill*         0x0800859c        0x4 
 .text.__swsetup_r
                0x080085a0       0xd4 d:/project/9388/e1/2023_7_27/sr5e1_l9388_demo/tools/toolchain/arm/mingw64_nt/10.3-2021.10/bin/../lib/gcc/arm-none-eabi/10.3.1/../../../../arm-none-eabi/lib/thumb/v7e-m+dp/hard\libg.a(lib_a-wsetup.o)
                0x080085a0                __swsetup_r
 *fill*         0x08008674        0xc 
 .text._close_r
                0x08008680       0x24 d:/project/9388/e1/2023_7_27/sr5e1_l9388_demo/tools/toolchain/arm/mingw64_nt/10.3-2021.10/bin/../lib/gcc/arm-none-eabi/10.3.1/../../../../arm-none-eabi/lib/thumb/v7e-m+dp/hard\libg.a(lib_a-closer.o)
                0x08008680                _close_r
 *fill*         0x080086a4        0xc 
 .text._fclose_r
                0x080086b0       0xcc d:/project/9388/e1/2023_7_27/sr5e1_l9388_demo/tools/toolchain/arm/mingw64_nt/10.3-2021.10/bin/../lib/gcc/arm-none-eabi/10.3.1/../../../../arm-none-eabi/lib/thumb/v7e-m+dp/hard\libg.a(lib_a-fclose.o)
                0x080086b0                _fclose_r
 *fill*         0x0800877c        0x4 
 .text.__sflush_r
                0x08008780      0x130 d:/project/9388/e1/2023_7_27/sr5e1_l9388_demo/tools/toolchain/arm/mingw64_nt/10.3-2021.10/bin/../lib/gcc/arm-none-eabi/10.3.1/../../../../arm-none-eabi/lib/thumb/v7e-m+dp/hard\libg.a(lib_a-fflush.o)
                0x08008780                __sflush_r
 .text._fflush_r
                0x080088b0       0x5c d:/project/9388/e1/2023_7_27/sr5e1_l9388_demo/tools/toolchain/arm/mingw64_nt/10.3-2021.10/bin/../lib/gcc/arm-none-eabi/10.3.1/../../../../arm-none-eabi/lib/thumb/v7e-m+dp/hard\libg.a(lib_a-fflush.o)
                0x080088b0                _fflush_r
 *fill*         0x0800890c        0x4 
 .text._malloc_trim_r
                0x08008910       0xa0 d:/project/9388/e1/2023_7_27/sr5e1_l9388_demo/tools/toolchain/arm/mingw64_nt/10.3-2021.10/bin/../lib/gcc/arm-none-eabi/10.3.1/../../../../arm-none-eabi/lib/thumb/v7e-m+dp/hard\libg.a(lib_a-freer.o)
                0x08008910                _malloc_trim_r
 .text._free_r  0x080089b0      0x20c d:/project/9388/e1/2023_7_27/sr5e1_l9388_demo/tools/toolchain/arm/mingw64_nt/10.3-2021.10/bin/../lib/gcc/arm-none-eabi/10.3.1/../../../../arm-none-eabi/lib/thumb/v7e-m+dp/hard\libg.a(lib_a-freer.o)
                0x080089b0                _free_r
 *fill*         0x08008bbc        0x4 
 .text._lseek_r
                0x08008bc0       0x2c d:/project/9388/e1/2023_7_27/sr5e1_l9388_demo/tools/toolchain/arm/mingw64_nt/10.3-2021.10/bin/../lib/gcc/arm-none-eabi/10.3.1/../../../../arm-none-eabi/lib/thumb/v7e-m+dp/hard\libg.a(lib_a-lseekr.o)
                0x08008bc0                _lseek_r
 *fill*         0x08008bec        0x4 
 .text.__smakebuf_r
                0x08008bf0       0xe0 d:/project/9388/e1/2023_7_27/sr5e1_l9388_demo/tools/toolchain/arm/mingw64_nt/10.3-2021.10/bin/../lib/gcc/arm-none-eabi/10.3.1/../../../../arm-none-eabi/lib/thumb/v7e-m+dp/hard\libg.a(lib_a-makebuf.o)
                0x08008bf0                __smakebuf_r
 .text._read_r  0x08008cd0       0x2c d:/project/9388/e1/2023_7_27/sr5e1_l9388_demo/tools/toolchain/arm/mingw64_nt/10.3-2021.10/bin/../lib/gcc/arm-none-eabi/10.3.1/../../../../arm-none-eabi/lib/thumb/v7e-m+dp/hard\libg.a(lib_a-readr.o)
                0x08008cd0                _read_r
 *fill*         0x08008cfc        0x4 
 .text._fstat_r
                0x08008d00       0x2c d:/project/9388/e1/2023_7_27/sr5e1_l9388_demo/tools/toolchain/arm/mingw64_nt/10.3-2021.10/bin/../lib/gcc/arm-none-eabi/10.3.1/../../../../arm-none-eabi/lib/thumb/v7e-m+dp/hard\libg.a(lib_a-fstatr.o)
                0x08008d00                _fstat_r
 *fill*         0x08008d2c        0x4 
 .text._isatty_r
                0x08008d30       0x24 d:/project/9388/e1/2023_7_27/sr5e1_l9388_demo/tools/toolchain/arm/mingw64_nt/10.3-2021.10/bin/../lib/gcc/arm-none-eabi/10.3.1/../../../../arm-none-eabi/lib/thumb/v7e-m+dp/hard\libg.a(lib_a-isattyr.o)
                0x08008d30                _isatty_r
 *fill*         0x08008d54        0xc 
 .text._close   0x08008d60       0x10 d:/project/9388/e1/2023_7_27/sr5e1_l9388_demo/tools/toolchain/arm/mingw64_nt/10.3-2021.10/bin/../lib/gcc/arm-none-eabi/10.3.1/../../../../arm-none-eabi/lib/thumb/v7e-m+dp/hard\libnosys.a(close.o)
                0x08008d60                _close
 .text._fstat   0x08008d70       0x10 d:/project/9388/e1/2023_7_27/sr5e1_l9388_demo/tools/toolchain/arm/mingw64_nt/10.3-2021.10/bin/../lib/gcc/arm-none-eabi/10.3.1/../../../../arm-none-eabi/lib/thumb/v7e-m+dp/hard\libnosys.a(fstat.o)
                0x08008d70                _fstat
 .text._isatty  0x08008d80       0x10 d:/project/9388/e1/2023_7_27/sr5e1_l9388_demo/tools/toolchain/arm/mingw64_nt/10.3-2021.10/bin/../lib/gcc/arm-none-eabi/10.3.1/../../../../arm-none-eabi/lib/thumb/v7e-m+dp/hard\libnosys.a(isatty.o)
                0x08008d80                _isatty
 .text._lseek   0x08008d90       0x10 d:/project/9388/e1/2023_7_27/sr5e1_l9388_demo/tools/toolchain/arm/mingw64_nt/10.3-2021.10/bin/../lib/gcc/arm-none-eabi/10.3.1/../../../../arm-none-eabi/lib/thumb/v7e-m+dp/hard\libnosys.a(lseek.o)
                0x08008d90                _lseek
 .text._read    0x08008da0       0x10 d:/project/9388/e1/2023_7_27/sr5e1_l9388_demo/tools/toolchain/arm/mingw64_nt/10.3-2021.10/bin/../lib/gcc/arm-none-eabi/10.3.1/../../../../arm-none-eabi/lib/thumb/v7e-m+dp/hard\libnosys.a(read.o)
                0x08008da0                _read
 .text._sbrk    0x08008db0       0x1c d:/project/9388/e1/2023_7_27/sr5e1_l9388_demo/tools/toolchain/arm/mingw64_nt/10.3-2021.10/bin/../lib/gcc/arm-none-eabi/10.3.1/../../../../arm-none-eabi/lib/thumb/v7e-m+dp/hard\libnosys.a(sbrk.o)
                0x08008db0                _sbrk
 *fill*         0x08008dcc        0x4 
 .text._write   0x08008dd0       0x10 d:/project/9388/e1/2023_7_27/sr5e1_l9388_demo/tools/toolchain/arm/mingw64_nt/10.3-2021.10/bin/../lib/gcc/arm-none-eabi/10.3.1/../../../../arm-none-eabi/lib/thumb/v7e-m+dp/hard\libnosys.a(write.o)
                0x08008dd0                _write
 .text._write.__stub
                0x08008de0        0x8 linker stubs
 *(.rodata)
 *fill*         0x08008de8        0x8 
 .rodata        0x08008df0        0xd build/Modules/OS/OSAL/src/Os_Cfg.o
 *(.rodata.*)
 *fill*         0x08008dfd        0x3 
 .rodata.dma_descriptors
                0x08008e00      0x180 build/Modules/Drivers/System/DMA/src/dma.o
 .rodata.OSEK_ALARMLIST_HardwareCounter
                0x08008f80        0x2 build/Modules/OS/OSAL/src/Os_Internal_Cfg.o
                0x08008f80                OSEK_ALARMLIST_HardwareCounter
 *fill*         0x08008f82        0xe 
 .rodata.TasksConst
                0x08008f90       0x70 build/Modules/OS/OSAL/src/Os_Internal_Cfg.o
                0x08008f90                TasksConst
 .rodata.TasksAppModeAppMode1
                0x08009000        0x1 build/Modules/OS/OSAL/src/Os_Internal_Cfg.o
                0x08009000                TasksAppModeAppMode1
 *fill*         0x08009001        0xf 
 .rodata.AutoStart
                0x08009010        0x8 build/Modules/OS/OSAL/src/Os_Internal_Cfg.o
                0x08009010                AutoStart
 *fill*         0x08009018        0x8 
 .rodata.ReadyConst
                0x08009020       0x18 build/Modules/OS/OSAL/src/Os_Internal_Cfg.o
                0x08009020                ReadyConst
 *fill*         0x08009038        0x8 
 .rodata.AlarmsConst
                0x08009040       0x28 build/Modules/OS/OSAL/src/Os_Internal_Cfg.o
                0x08009040                AlarmsConst
 *fill*         0x08009068        0x8 
 .rodata.CountersConst
                0x08009070       0x14 build/Modules/OS/OSAL/src/Os_Internal_Cfg.o
                0x08009070                CountersConst
 *fill*         0x08009084        0xc 
 .rodata._puts_r.str1.4
                0x08009090        0x2 d:/project/9388/e1/2023_7_27/sr5e1_l9388_demo/tools/toolchain/arm/mingw64_nt/10.3-2021.10/bin/../lib/gcc/arm-none-eabi/10.3.1/../../../../arm-none-eabi/lib/thumb/v7e-m+dp/hard\libg.a(lib_a-puts.o)
 *(.glue_7t)
 .glue_7t       0x08009092        0x0 linker stubs
 *(.glue_7)
 .glue_7        0x08009092        0x0 linker stubs
 *(.gcc*)

.vfp11_veneer   0x08009094        0x0
 .vfp11_veneer  0x08009094        0x0 linker stubs

.v4_bx          0x08009094        0x0
 .v4_bx         0x08009094        0x0 linker stubs

.iplt           0x08009094        0x0
 .iplt          0x08009094        0x0 build/./common/src/test_env.o

.rel.dyn        0x08009094        0x0
 .rel.iplt      0x08009094        0x0 build/./common/src/test_env.o

.ARM.extab
 *(.ARM.extab* .gnu.linkonce.armextab.*)

.ARM.exidx      0x08009092        0x0
                [!provide]                PROVIDE (__exidx_start = .)
 *(.ARM.exidx* .gnu.linkonce.armexidx.*)
                [!provide]                PROVIDE (__exidx_end = .)

.eh_frame_hdr
 *(.eh_frame_hdr)

.eh_frame
 *(.eh_frame)

.itcm           0x00000000       0x1c load address 0x080090a0
                0x00000000                __itcm__ = .
 .itcm          0x00000000       0x1c build/Modules/Platform/Clock/src/sr5e1/clock.o
                0x00000000                __itcm_start__ = ORIGIN (core1_itcm_dir)
                0x00008000                __itcm_len__ = LENGTH (core1_itcm_dir)
                0x00008000                __itcm_end__ = (__itcm_start__ + __itcm_len__)
                0x0000001c                __itcm_size__ = SIZEOF (.itcm)
                0x080090a0                __itcm_load__ = LOADADDR (.itcm)

.dtcm           0x20000000        0x0 load address 0x080090bc
                0x20000000                __dtcm__ = .
                0x20000000                __dtcm_start__ = ORIGIN (core1_dtcm_dir)
                0x00010000                __dtcm_len__ = LENGTH (core1_dtcm_dir)
                0x20010000                __dtcm_end__ = (__dtcm_start__ + __dtcm_len__)
                0x00000000                __dtcm_size__ = SIZEOF (.dtcm)
                0x080090bc                __dtcm_load__ = LOADADDR (.dtcm)

.data           0x24000000      0x848 load address 0x080090bc
                0x24000000                . = ALIGN (0x4)
                0x24000000                PROVIDE (__data_start__ = .)
 *(.data)
 *(.data.*)
 .data.SystemCoreClock
                0x24000000        0x4 build/Modules/Platform/Clock/src/sr5e1/clock.o
                0x24000000                SystemCoreClock
 .data.TerminatingTask
                0x24000004        0x1 build/Modules/OS/OSAL/src/Os_Internal_Arch.o
                0x24000004                TerminatingTask
 .data.WaitingTask
                0x24000005        0x1 build/Modules/OS/OSAL/src/Os_Internal_Arch.o
                0x24000005                WaitingTask
 *fill*         0x24000006        0x2 
 .data.CounterIncrement.0
                0x24000008        0x4 build/Modules/OS/OSAL/src/Os_Internal_Arch.o
 .data._impure_ptr
                0x2400000c        0x4 d:/project/9388/e1/2023_7_27/sr5e1_l9388_demo/tools/toolchain/arm/mingw64_nt/10.3-2021.10/bin/../lib/gcc/arm-none-eabi/10.3.1/../../../../arm-none-eabi/lib/thumb/v7e-m+dp/hard\libg.a(lib_a-impure.o)
                0x2400000c                _impure_ptr
 .data.impure_data
                0x24000010      0x428 d:/project/9388/e1/2023_7_27/sr5e1_l9388_demo/tools/toolchain/arm/mingw64_nt/10.3-2021.10/bin/../lib/gcc/arm-none-eabi/10.3.1/../../../../arm-none-eabi/lib/thumb/v7e-m+dp/hard\libg.a(lib_a-impure.o)
 .data.__malloc_av_
                0x24000438      0x408 d:/project/9388/e1/2023_7_27/sr5e1_l9388_demo/tools/toolchain/arm/mingw64_nt/10.3-2021.10/bin/../lib/gcc/arm-none-eabi/10.3.1/../../../../arm-none-eabi/lib/thumb/v7e-m+dp/hard\libg.a(lib_a-mallocr.o)
                0x24000438                __malloc_av_
 .data.__malloc_sbrk_base
                0x24000840        0x4 d:/project/9388/e1/2023_7_27/sr5e1_l9388_demo/tools/toolchain/arm/mingw64_nt/10.3-2021.10/bin/../lib/gcc/arm-none-eabi/10.3.1/../../../../arm-none-eabi/lib/thumb/v7e-m+dp/hard\libg.a(lib_a-mallocr.o)
                0x24000840                __malloc_sbrk_base
 .data.__malloc_trim_threshold
                0x24000844        0x4 d:/project/9388/e1/2023_7_27/sr5e1_l9388_demo/tools/toolchain/arm/mingw64_nt/10.3-2021.10/bin/../lib/gcc/arm-none-eabi/10.3.1/../../../../arm-none-eabi/lib/thumb/v7e-m+dp/hard\libg.a(lib_a-mallocr.o)
                0x24000844                __malloc_trim_threshold
 *(.gnu.linkonce.d.*)
                0x24000848                PROVIDE (__data_end__ = .)
                0x00000848                __data_size__ = SIZEOF (.data)
                0x080090bc                __data_load__ = LOADADDR (.data)

.igot.plt       0x24000848        0x0 load address 0x08009904
 .igot.plt      0x24000848        0x0 build/./common/src/test_env.o

.bss            0x24000848     0x3050 load address 0x08009904
                0x24000848                . = ALIGN (0x8)
                [!provide]                PROVIDE (__bss_start__ = .)
 *(.bss)
 *(.bss.*)
 .bss.rx_frame  0x24000848        0x8 build/src/CAN_Init/CAN_LLD_Init.o
                0x24000848                rx_frame
 .bss.i.0       0x24000850        0x1 build/src/CAN_Init/CAN_LLD_Init.o
 .bss.spi_master_completed
                0x24000851        0x1 build/src/SPI_Init/SPI_LLD_Init.o
                0x24000851                spi_master_completed
 *fill*         0x24000852        0x2 
 .bss.dma       0x24000854       0x84 build/Modules/Drivers/System/DMA/src/dma.o
 .bss.dmu_rx0_data
                0x240008d8       0x10 build/Modules/Drivers/Comms/CAN/src/can.o
 .bss.dmu_rx1_data
                0x240008e8       0x10 build/Modules/Drivers/Comms/CAN/src/can.o
 .bss.DRV_CAN1  0x240008f8      0x958 build/Modules/Drivers/Comms/CAN/src/sr5e1/can_instances.o
                0x240008f8                DRV_CAN1
 .bss.DRV_CAN2  0x24001250      0x958 build/Modules/Drivers/Comms/CAN/src/sr5e1/can_instances.o
                0x24001250                DRV_CAN2
 .bss.DRV_CAN3  0x24001ba8      0x958 build/Modules/Drivers/Comms/CAN/src/sr5e1/can_instances.o
                0x24001ba8                DRV_CAN3
 .bss.DRV_CAN4  0x24002500      0x958 build/Modules/Drivers/Comms/CAN/src/sr5e1/can_instances.o
                0x24002500                DRV_CAN4
 .bss.can_enabled
                0x24002e58        0x1 build/Modules/Drivers/Comms/CAN/src/sr5e1/can_dev.o
 *fill*         0x24002e59        0x3 
 .bss.blackhole
                0x24002e5c        0x4 build/Modules/Drivers/Comms/SPI/src/spi.o
 .bss.tx_pattern
                0x24002e60        0x4 build/Modules/Drivers/Comms/SPI/src/spi.o
 .bss.DRV_SPI1  0x24002e64       0x4c build/Modules/Drivers/Comms/SPI/src/sr5e1/spi_instances.o
                0x24002e64                DRV_SPI1
 .bss.DRV_SPI2  0x24002eb0       0x4c build/Modules/Drivers/Comms/SPI/src/sr5e1/spi_instances.o
                0x24002eb0                DRV_SPI2
 .bss.DRV_SPI3  0x24002efc       0x4c build/Modules/Drivers/Comms/SPI/src/sr5e1/spi_instances.o
                0x24002efc                DRV_SPI3
 .bss.DRV_SPI4  0x24002f48       0x4c build/Modules/Drivers/Comms/SPI/src/sr5e1/spi_instances.o
                0x24002f48                DRV_SPI4
 .bss.osal_tick_cnt
                0x24002f94        0x4 build/Modules/OS/OSAL/src/osal.o
                0x24002f94                osal_tick_cnt
 .bss.osal_ticks_per_sec
                0x24002f98        0x4 build/Modules/OS/OSAL/src/osal.o
 .bss.SuspendAllInterrupts_Counter
                0x24002f9c        0x1 build/Modules/OS/OSAL/src/Os.o
                0x24002f9c                SuspendAllInterrupts_Counter
 *fill*         0x24002f9d        0x3 
 .bss.Osek_ErrorApi
                0x24002fa0        0x4 build/Modules/OS/OSAL/src/Os_Cfg.o
                0x24002fa0                Osek_ErrorApi
 .bss.Osek_ErrorParam1
                0x24002fa4        0x4 build/Modules/OS/OSAL/src/Os_Cfg.o
                0x24002fa4                Osek_ErrorParam1
 .bss.Osek_ErrorParam2
                0x24002fa8        0x4 build/Modules/OS/OSAL/src/Os_Cfg.o
                0x24002fa8                Osek_ErrorParam2
 .bss.Osek_ErrorRet
                0x24002fac        0x4 build/Modules/OS/OSAL/src/Os_Cfg.o
                0x24002fac                Osek_ErrorRet
 .bss.Osek_NewTaskPtr_Arch
                0x24002fb0        0x4 build/Modules/OS/OSAL/src/Os_Internal_Arch.o
                0x24002fb0                Osek_NewTaskPtr_Arch
 .bss.Osek_OldTaskPtr_Arch
                0x24002fb4        0x4 build/Modules/OS/OSAL/src/Os_Internal_Arch.o
                0x24002fb4                Osek_OldTaskPtr_Arch
 .bss.RunningTask
                0x24002fb8        0x1 build/Modules/OS/OSAL/src/Os_Internal.o
                0x24002fb8                RunningTask
 .bss.ActualContext
                0x24002fb9        0x1 build/Modules/OS/OSAL/src/Os_Internal.o
                0x24002fb9                ActualContext
 *fill*         0x24002fba        0x2 
 .bss.StackTaskTaskInit
                0x24002fbc      0x200 build/Modules/OS/OSAL/src/Os_Internal_Cfg.o
                0x24002fbc                StackTaskTaskInit
 .bss.StackTaskTaskBlink
                0x240031bc      0x200 build/Modules/OS/OSAL/src/Os_Internal_Cfg.o
                0x240031bc                StackTaskTaskBlink
 .bss.StackTaskTaskPeriodic
                0x240033bc      0x200 build/Modules/OS/OSAL/src/Os_Internal_Cfg.o
                0x240033bc                StackTaskTaskPeriodic
 .bss.StackTaskTaskBackground
                0x240035bc      0x200 build/Modules/OS/OSAL/src/Os_Internal_Cfg.o
                0x240035bc                StackTaskTaskBackground
 .bss.ContextTaskTaskInit
                0x240037bc        0x4 build/Modules/OS/OSAL/src/Os_Internal_Cfg.o
                0x240037bc                ContextTaskTaskInit
 .bss.ContextTaskTaskBlink
                0x240037c0        0x4 build/Modules/OS/OSAL/src/Os_Internal_Cfg.o
                0x240037c0                ContextTaskTaskBlink
 .bss.ContextTaskTaskPeriodic
                0x240037c4        0x4 build/Modules/OS/OSAL/src/Os_Internal_Cfg.o
                0x240037c4                ContextTaskTaskPeriodic
 .bss.ContextTaskTaskBackground
                0x240037c8        0x4 build/Modules/OS/OSAL/src/Os_Internal_Cfg.o
                0x240037c8                ContextTaskTaskBackground
 .bss.ReadyList2
                0x240037cc        0x1 build/Modules/OS/OSAL/src/Os_Internal_Cfg.o
                0x240037cc                ReadyList2
 *fill*         0x240037cd        0x3 
 .bss.ReadyList1
                0x240037d0        0x1 build/Modules/OS/OSAL/src/Os_Internal_Cfg.o
                0x240037d0                ReadyList1
 *fill*         0x240037d1        0x3 
 .bss.ReadyList0
                0x240037d4        0x2 build/Modules/OS/OSAL/src/Os_Internal_Cfg.o
                0x240037d4                ReadyList0
 *fill*         0x240037d6        0x2 
 .bss.TasksVar  0x240037d8       0x50 build/Modules/OS/OSAL/src/Os_Internal_Cfg.o
                0x240037d8                TasksVar
 .bss.ReadyVar  0x24003828        0x6 build/Modules/OS/OSAL/src/Os_Internal_Cfg.o
                0x24003828                ReadyVar
 *fill*         0x2400382e        0x2 
 .bss.AlarmsVar
                0x24003830       0x18 build/Modules/OS/OSAL/src/Os_Internal_Cfg.o
                0x24003830                AlarmsVar
 .bss.CountersVar
                0x24003848        0x4 build/Modules/OS/OSAL/src/Os_Internal_Cfg.o
                0x24003848                CountersVar
 .bss.ApplicationMode
                0x2400384c        0x1 build/Modules/OS/OSAL/src/Os_Internal_Cfg.o
                0x2400384c                ApplicationMode
 .bss.ErrorHookRunning
                0x2400384d        0x1 build/Modules/OS/OSAL/src/Os_Internal_Cfg.o
                0x2400384d                ErrorHookRunning
 *fill*         0x2400384e        0x2 
 .bss.__lock___malloc_recursive_mutex
                0x24003850        0x1 d:/project/9388/e1/2023_7_27/sr5e1_l9388_demo/tools/toolchain/arm/mingw64_nt/10.3-2021.10/bin/../lib/gcc/arm-none-eabi/10.3.1/../../../../arm-none-eabi/lib/thumb/v7e-m+dp/hard\libg.a(lib_a-lock.o)
                0x24003850                __lock___malloc_recursive_mutex
 *fill*         0x24003851        0x3 
 .bss.__lock___sfp_recursive_mutex
                0x24003854        0x1 d:/project/9388/e1/2023_7_27/sr5e1_l9388_demo/tools/toolchain/arm/mingw64_nt/10.3-2021.10/bin/../lib/gcc/arm-none-eabi/10.3.1/../../../../arm-none-eabi/lib/thumb/v7e-m+dp/hard\libg.a(lib_a-lock.o)
                0x24003854                __lock___sfp_recursive_mutex
 *fill*         0x24003855        0x3 
 .bss.__lock___sinit_recursive_mutex
                0x24003858        0x1 d:/project/9388/e1/2023_7_27/sr5e1_l9388_demo/tools/toolchain/arm/mingw64_nt/10.3-2021.10/bin/../lib/gcc/arm-none-eabi/10.3.1/../../../../arm-none-eabi/lib/thumb/v7e-m+dp/hard\libg.a(lib_a-lock.o)
                0x24003858                __lock___sinit_recursive_mutex
 *fill*         0x24003859        0x3 
 .bss.__malloc_current_mallinfo
                0x2400385c       0x28 d:/project/9388/e1/2023_7_27/sr5e1_l9388_demo/tools/toolchain/arm/mingw64_nt/10.3-2021.10/bin/../lib/gcc/arm-none-eabi/10.3.1/../../../../arm-none-eabi/lib/thumb/v7e-m+dp/hard\libg.a(lib_a-mallocr.o)
                0x2400385c                __malloc_current_mallinfo
 .bss.__malloc_max_sbrked_mem
                0x24003884        0x4 d:/project/9388/e1/2023_7_27/sr5e1_l9388_demo/tools/toolchain/arm/mingw64_nt/10.3-2021.10/bin/../lib/gcc/arm-none-eabi/10.3.1/../../../../arm-none-eabi/lib/thumb/v7e-m+dp/hard\libg.a(lib_a-mallocr.o)
                0x24003884                __malloc_max_sbrked_mem
 .bss.__malloc_max_total_mem
                0x24003888        0x4 d:/project/9388/e1/2023_7_27/sr5e1_l9388_demo/tools/toolchain/arm/mingw64_nt/10.3-2021.10/bin/../lib/gcc/arm-none-eabi/10.3.1/../../../../arm-none-eabi/lib/thumb/v7e-m+dp/hard\libg.a(lib_a-mallocr.o)
                0x24003888                __malloc_max_total_mem
 .bss.__malloc_top_pad
                0x2400388c        0x4 d:/project/9388/e1/2023_7_27/sr5e1_l9388_demo/tools/toolchain/arm/mingw64_nt/10.3-2021.10/bin/../lib/gcc/arm-none-eabi/10.3.1/../../../../arm-none-eabi/lib/thumb/v7e-m+dp/hard\libg.a(lib_a-mallocr.o)
                0x2400388c                __malloc_top_pad
 .bss.errno     0x24003890        0x4 d:/project/9388/e1/2023_7_27/sr5e1_l9388_demo/tools/toolchain/arm/mingw64_nt/10.3-2021.10/bin/../lib/gcc/arm-none-eabi/10.3.1/../../../../arm-none-eabi/lib/thumb/v7e-m+dp/hard\libg.a(lib_a-reent.o)
                0x24003890                errno
 .bss.heap_end.0
                0x24003894        0x4 d:/project/9388/e1/2023_7_27/sr5e1_l9388_demo/tools/toolchain/arm/mingw64_nt/10.3-2021.10/bin/../lib/gcc/arm-none-eabi/10.3.1/../../../../arm-none-eabi/lib/thumb/v7e-m+dp/hard\libnosys.a(sbrk.o)
 *(.gnu.linkonce.b.*)
 *(COMMON)
                [!provide]                PROVIDE (__bss_end__ = .)

.mstack         0x24003898     0x1000 load address 0x08009904
                0x24003898                . = ALIGN (0x8)
                0x24003898                __main_stack_base__ = .
                0x24004898                . = (. + 0x1000)
 *fill*         0x24003898     0x1000 
                0x24004898                . = ALIGN (0x8)
                0x24004898                __main_stack_end__ = .

.pstack         0x24004898     0x1000 load address 0x08009904
                0x24004898                __process_stack_base__ = .
                0x24004898                __main_thread_stack_base__ = .
                0x24005898                . = (. + 0x1000)
 *fill*         0x24004898     0x1000 
                0x24005898                . = ALIGN (0x8)
                0x24005898                __process_stack_end__ = .
                0x24005898                __main_thread_stack_end__ = .
                0x240058a0                . = ALIGN (0x10)
                0x240058a0                __heap_base__ = .
                0x24020000                __heap_end__ = (ORIGIN (core1_ram) + LENGTH (core1_ram))
                0x24020000                end = __heap_end__
                0x24000000                __mem_start__ = ORIGIN (core1_ram)
                0x24020000                __mem_end__ = __heap_end__
LOAD build/./common/src/test_env.o
LOAD build/src/CAN_Init/CAN_LLD_Init.o
LOAD build/src/SPI_Init/SPI_LLD_Init.o
LOAD build/src/main.o
LOAD build/CDD/CDD_L9388/src/CDD_L9388_LLD.o
LOAD build/CDD/CDD_L9388/src/CDD_L9388_Drv.o
LOAD build/CDD/CDD_L9388/src/CDD_L9388_IF.o
LOAD build/Modules/Boot/src/crt1.o
LOAD build/Modules/Platform/Clock/src/sr5e1/clock.o
LOAD build/Modules/Platform/IRQ/src/sr5e1/irq.o
LOAD build/Modules/Drivers/System/DMA/src/dma.o
LOAD build/Modules/Drivers/System/GPIO/src/gpio.o
LOAD build/Modules/Drivers/System/GPIO/src/sr5e1/gpio_dev.o
LOAD build/Modules/Drivers/Comms/CAN/src/can.o
LOAD build/Modules/Drivers/Comms/CAN/src/sr5e1/can_instances.o
LOAD build/Modules/Drivers/Comms/CAN/src/sr5e1/can_dev.o
LOAD build/Modules/Drivers/Comms/SPI/src/spi.o
LOAD build/Modules/Drivers/Comms/SPI/src/sr5e1/spi_instances.o
LOAD build/Modules/Drivers/Comms/SPI/src/sr5e1/spi_dev.o
LOAD build/Modules/OS/OSAL/src/osal.o
LOAD build/Modules/OS/OSAL/src/Os.o
LOAD build/Modules/OS/OSAL/src/Os_Cfg.o
LOAD build/Modules/OS/OSAL/src/ActivateTask.o
LOAD build/Modules/OS/OSAL/src/CancelAlarm.o
LOAD build/Modules/OS/OSAL/src/ChainTask.o
LOAD build/Modules/OS/OSAL/src/ClearEvent.o
LOAD build/Modules/OS/OSAL/src/GetActiveApplicationMode.o
LOAD build/Modules/OS/OSAL/src/GetAlarm.o
LOAD build/Modules/OS/OSAL/src/GetAlarmBase.o
LOAD build/Modules/OS/OSAL/src/GetEvent.o
LOAD build/Modules/OS/OSAL/src/GetResource.o
LOAD build/Modules/OS/OSAL/src/GetTaskID.o
LOAD build/Modules/OS/OSAL/src/GetTaskState.o
LOAD build/Modules/OS/OSAL/src/Os_Arch.o
LOAD build/Modules/OS/OSAL/src/Os_Internal_Arch.o
LOAD build/Modules/OS/OSAL/src/Os_Internal_Arch_Cfg.o
LOAD build/Modules/OS/OSAL/src/Os_Internal.o
LOAD build/Modules/OS/OSAL/src/Os_Internal_Cfg.o
LOAD build/Modules/OS/OSAL/src/ReleaseResource.o
LOAD build/Modules/OS/OSAL/src/Schedule.o
LOAD build/Modules/OS/OSAL/src/SetAbsAlarm.o
LOAD build/Modules/OS/OSAL/src/SetEvent.o
LOAD build/Modules/OS/OSAL/src/SetRelAlarm.o
LOAD build/Modules/OS/OSAL/src/ShutdownOS.o
LOAD build/Modules/OS/OSAL/src/StartOs_Arch_SysTick.o
LOAD build/Modules/OS/OSAL/src/StartOs_Arch.o
LOAD build/Modules/OS/OSAL/src/StartOS.o
LOAD build/Modules/OS/OSAL/src/TerminateTask.o
LOAD build/Modules/OS/OSAL/src/WaitEvent.o
LOAD build/Modules/Boot/src/GCC/crt0.o
LOAD build/Modules/Boot/src/GCC/vectors.o
START GROUP
LOAD d:/project/9388/e1/2023_7_27/sr5e1_l9388_demo/tools/toolchain/arm/mingw64_nt/10.3-2021.10/bin/../lib/gcc/arm-none-eabi/10.3.1/thumb/v7e-m+dp/hard\libgcc.a
LOAD d:/project/9388/e1/2023_7_27/sr5e1_l9388_demo/tools/toolchain/arm/mingw64_nt/10.3-2021.10/bin/../lib/gcc/arm-none-eabi/10.3.1/../../../../arm-none-eabi/lib/thumb/v7e-m+dp/hard\libg.a
LOAD d:/project/9388/e1/2023_7_27/sr5e1_l9388_demo/tools/toolchain/arm/mingw64_nt/10.3-2021.10/bin/../lib/gcc/arm-none-eabi/10.3.1/../../../../arm-none-eabi/lib/thumb/v7e-m+dp/hard\libc.a
END GROUP
START GROUP
LOAD d:/project/9388/e1/2023_7_27/sr5e1_l9388_demo/tools/toolchain/arm/mingw64_nt/10.3-2021.10/bin/../lib/gcc/arm-none-eabi/10.3.1/thumb/v7e-m+dp/hard\libgcc.a
LOAD d:/project/9388/e1/2023_7_27/sr5e1_l9388_demo/tools/toolchain/arm/mingw64_nt/10.3-2021.10/bin/../lib/gcc/arm-none-eabi/10.3.1/../../../../arm-none-eabi/lib/thumb/v7e-m+dp/hard\libc.a
LOAD d:/project/9388/e1/2023_7_27/sr5e1_l9388_demo/tools/toolchain/arm/mingw64_nt/10.3-2021.10/bin/../lib/gcc/arm-none-eabi/10.3.1/../../../../arm-none-eabi/lib/thumb/v7e-m+dp/hard\libnosys.a
END GROUP
OUTPUT(build/SR5E1_L9388_demo.elf elf32-littlearm)
LOAD linker stubs

.debug_info     0x00000000    0x11773
 .debug_info    0x00000000      0x792 build/./common/src/test_env.o
 .debug_info    0x00000792      0x526 build/src/CAN_Init/CAN_LLD_Init.o
 .debug_info    0x00000cb8      0x9be build/src/SPI_Init/SPI_LLD_Init.o
 .debug_info    0x00001676      0x422 build/src/main.o
 .debug_info    0x00001a98      0x53d build/Modules/Boot/src/crt1.o
 .debug_info    0x00001fd5      0x8d3 build/Modules/Platform/Clock/src/sr5e1/clock.o
 .debug_info    0x000028a8     0x15bf build/Modules/Drivers/System/DMA/src/dma.o
 .debug_info    0x00003e67       0x89 build/Modules/Drivers/System/GPIO/src/gpio.o
 .debug_info    0x00003ef0      0x68b build/Modules/Drivers/System/GPIO/src/sr5e1/gpio_dev.o
 .debug_info    0x0000457b     0x2b99 build/Modules/Drivers/Comms/CAN/src/can.o
 .debug_info    0x00007114     0x1226 build/Modules/Drivers/Comms/CAN/src/sr5e1/can_instances.o
 .debug_info    0x0000833a     0x1dcb build/Modules/Drivers/Comms/CAN/src/sr5e1/can_dev.o
 .debug_info    0x0000a105     0x1a96 build/Modules/Drivers/Comms/SPI/src/spi.o
 .debug_info    0x0000bb9b      0xa0d build/Modules/Drivers/Comms/SPI/src/sr5e1/spi_instances.o
 .debug_info    0x0000c5a8     0x1322 build/Modules/Drivers/Comms/SPI/src/sr5e1/spi_dev.o
 .debug_info    0x0000d8ca      0xbd3 build/Modules/OS/OSAL/src/osal.o
 .debug_info    0x0000e49d       0xd3 build/Modules/OS/OSAL/src/Os.o
 .debug_info    0x0000e570      0x123 build/Modules/OS/OSAL/src/Os_Cfg.o
 .debug_info    0x0000e693      0x3b9 build/Modules/OS/OSAL/src/ActivateTask.o
 .debug_info    0x0000ea4c      0x3f1 build/Modules/OS/OSAL/src/Os_Internal_Arch.o
 .debug_info    0x0000ee3d      0x182 build/Modules/OS/OSAL/src/Os_Internal_Arch_Cfg.o
 .debug_info    0x0000efbf      0x8cb build/Modules/OS/OSAL/src/Os_Internal.o
 .debug_info    0x0000f88a      0x9f4 build/Modules/OS/OSAL/src/Os_Internal_Cfg.o
 .debug_info    0x0001027e      0x3ff build/Modules/OS/OSAL/src/Schedule.o
 .debug_info    0x0001067d      0x3e3 build/Modules/OS/OSAL/src/SetEvent.o
 .debug_info    0x00010a60       0xad build/Modules/OS/OSAL/src/ShutdownOS.o
 .debug_info    0x00010b0d      0x96b build/Modules/OS/OSAL/src/StartOs_Arch_SysTick.o
 .debug_info    0x00011478       0xd1 build/Modules/OS/OSAL/src/StartOs_Arch.o
 .debug_info    0x00011549      0x1de build/Modules/OS/OSAL/src/StartOS.o
 .debug_info    0x00011727       0x26 build/Modules/Boot/src/GCC/crt0.o
 .debug_info    0x0001174d       0x26 build/Modules/Boot/src/GCC/vectors.o

.debug_abbrev   0x00000000     0x2c21
 .debug_abbrev  0x00000000      0x180 build/./common/src/test_env.o
 .debug_abbrev  0x00000180      0x1b5 build/src/CAN_Init/CAN_LLD_Init.o
 .debug_abbrev  0x00000335      0x1b9 build/src/SPI_Init/SPI_LLD_Init.o
 .debug_abbrev  0x000004ee      0x15a build/src/main.o
 .debug_abbrev  0x00000648      0x146 build/Modules/Boot/src/crt1.o
 .debug_abbrev  0x0000078e      0x182 build/Modules/Platform/Clock/src/sr5e1/clock.o
 .debug_abbrev  0x00000910      0x341 build/Modules/Drivers/System/DMA/src/dma.o
 .debug_abbrev  0x00000c51       0x49 build/Modules/Drivers/System/GPIO/src/gpio.o
 .debug_abbrev  0x00000c9a      0x112 build/Modules/Drivers/System/GPIO/src/sr5e1/gpio_dev.o
 .debug_abbrev  0x00000dac      0x3c7 build/Modules/Drivers/Comms/CAN/src/can.o
 .debug_abbrev  0x00001173      0x1b4 build/Modules/Drivers/Comms/CAN/src/sr5e1/can_instances.o
 .debug_abbrev  0x00001327      0x338 build/Modules/Drivers/Comms/CAN/src/sr5e1/can_dev.o
 .debug_abbrev  0x0000165f      0x2d6 build/Modules/Drivers/Comms/SPI/src/spi.o
 .debug_abbrev  0x00001935       0xfa build/Modules/Drivers/Comms/SPI/src/sr5e1/spi_instances.o
 .debug_abbrev  0x00001a2f      0x25a build/Modules/Drivers/Comms/SPI/src/sr5e1/spi_dev.o
 .debug_abbrev  0x00001c89      0x295 build/Modules/OS/OSAL/src/osal.o
 .debug_abbrev  0x00001f1e       0x5a build/Modules/OS/OSAL/src/Os.o
 .debug_abbrev  0x00001f78       0x6b build/Modules/OS/OSAL/src/Os_Cfg.o
 .debug_abbrev  0x00001fe3      0x111 build/Modules/OS/OSAL/src/ActivateTask.o
 .debug_abbrev  0x000020f4      0x18a build/Modules/OS/OSAL/src/Os_Internal_Arch.o
 .debug_abbrev  0x0000227e       0x85 build/Modules/OS/OSAL/src/Os_Internal_Arch_Cfg.o
 .debug_abbrev  0x00002303      0x21d build/Modules/OS/OSAL/src/Os_Internal.o
 .debug_abbrev  0x00002520      0x159 build/Modules/OS/OSAL/src/Os_Internal_Cfg.o
 .debug_abbrev  0x00002679      0x121 build/Modules/OS/OSAL/src/Schedule.o
 .debug_abbrev  0x0000279a      0x111 build/Modules/OS/OSAL/src/SetEvent.o
 .debug_abbrev  0x000028ab       0x69 build/Modules/OS/OSAL/src/ShutdownOS.o
 .debug_abbrev  0x00002914      0x16f build/Modules/OS/OSAL/src/StartOs_Arch_SysTick.o
 .debug_abbrev  0x00002a83       0x85 build/Modules/OS/OSAL/src/StartOs_Arch.o
 .debug_abbrev  0x00002b08       0xf1 build/Modules/OS/OSAL/src/StartOS.o
 .debug_abbrev  0x00002bf9       0x14 build/Modules/Boot/src/GCC/crt0.o
 .debug_abbrev  0x00002c0d       0x14 build/Modules/Boot/src/GCC/vectors.o

.debug_aranges  0x00000000      0xb38
 .debug_aranges
                0x00000000       0x78 build/./common/src/test_env.o
 .debug_aranges
                0x00000078       0x38 build/src/CAN_Init/CAN_LLD_Init.o
 .debug_aranges
                0x000000b0       0x88 build/src/SPI_Init/SPI_LLD_Init.o
 .debug_aranges
                0x00000138       0x28 build/src/main.o
 .debug_aranges
                0x00000160       0x38 build/Modules/Boot/src/crt1.o
 .debug_aranges
                0x00000198       0x28 build/Modules/Platform/Clock/src/sr5e1/clock.o
 .debug_aranges
                0x000001c0       0xf0 build/Modules/Drivers/System/DMA/src/dma.o
 .debug_aranges
                0x000002b0       0x20 build/Modules/Drivers/System/GPIO/src/gpio.o
 .debug_aranges
                0x000002d0       0x28 build/Modules/Drivers/System/GPIO/src/sr5e1/gpio_dev.o
 .debug_aranges
                0x000002f8      0x230 build/Modules/Drivers/Comms/CAN/src/can.o
 .debug_aranges
                0x00000528       0x18 build/Modules/Drivers/Comms/CAN/src/sr5e1/can_instances.o
 .debug_aranges
                0x00000540       0xe8 build/Modules/Drivers/Comms/CAN/src/sr5e1/can_dev.o
 .debug_aranges
                0x00000628      0x158 build/Modules/Drivers/Comms/SPI/src/spi.o
 .debug_aranges
                0x00000780       0x18 build/Modules/Drivers/Comms/SPI/src/sr5e1/spi_instances.o
 .debug_aranges
                0x00000798       0x70 build/Modules/Drivers/Comms/SPI/src/sr5e1/spi_dev.o
 .debug_aranges
                0x00000808       0x98 build/Modules/OS/OSAL/src/osal.o
 .debug_aranges
                0x000008a0       0x18 build/Modules/OS/OSAL/src/Os.o
 .debug_aranges
                0x000008b8       0x20 build/Modules/OS/OSAL/src/Os_Cfg.o
 .debug_aranges
                0x000008d8       0x20 build/Modules/OS/OSAL/src/ActivateTask.o
 .debug_aranges
                0x000008f8       0x38 build/Modules/OS/OSAL/src/Os_Internal_Arch.o
 .debug_aranges
                0x00000930       0x68 build/Modules/OS/OSAL/src/Os_Internal_Arch_Cfg.o
 .debug_aranges
                0x00000998       0x48 build/Modules/OS/OSAL/src/Os_Internal.o
 .debug_aranges
                0x000009e0       0x40 build/Modules/OS/OSAL/src/Os_Internal_Cfg.o
 .debug_aranges
                0x00000a20       0x20 build/Modules/OS/OSAL/src/Schedule.o
 .debug_aranges
                0x00000a40       0x20 build/Modules/OS/OSAL/src/SetEvent.o
 .debug_aranges
                0x00000a60       0x20 build/Modules/OS/OSAL/src/ShutdownOS.o
 .debug_aranges
                0x00000a80       0x30 build/Modules/OS/OSAL/src/StartOs_Arch_SysTick.o
 .debug_aranges
                0x00000ab0       0x28 build/Modules/OS/OSAL/src/StartOs_Arch.o
 .debug_aranges
                0x00000ad8       0x20 build/Modules/OS/OSAL/src/StartOS.o
 .debug_aranges
                0x00000af8       0x20 build/Modules/Boot/src/GCC/crt0.o
 .debug_aranges
                0x00000b18       0x20 build/Modules/Boot/src/GCC/vectors.o

.debug_ranges   0x00000000      0x910
 .debug_ranges  0x00000000       0x68 build/./common/src/test_env.o
 .debug_ranges  0x00000068       0x28 build/src/CAN_Init/CAN_LLD_Init.o
 .debug_ranges  0x00000090       0x78 build/src/SPI_Init/SPI_LLD_Init.o
 .debug_ranges  0x00000108       0x18 build/src/main.o
 .debug_ranges  0x00000120       0x28 build/Modules/Boot/src/crt1.o
 .debug_ranges  0x00000148       0x18 build/Modules/Platform/Clock/src/sr5e1/clock.o
 .debug_ranges  0x00000160       0xe0 build/Modules/Drivers/System/DMA/src/dma.o
 .debug_ranges  0x00000240       0x10 build/Modules/Drivers/System/GPIO/src/gpio.o
 .debug_ranges  0x00000250       0x18 build/Modules/Drivers/System/GPIO/src/sr5e1/gpio_dev.o
 .debug_ranges  0x00000268      0x220 build/Modules/Drivers/Comms/CAN/src/can.o
 .debug_ranges  0x00000488       0xd8 build/Modules/Drivers/Comms/CAN/src/sr5e1/can_dev.o
 .debug_ranges  0x00000560      0x148 build/Modules/Drivers/Comms/SPI/src/spi.o
 .debug_ranges  0x000006a8       0x60 build/Modules/Drivers/Comms/SPI/src/sr5e1/spi_dev.o
 .debug_ranges  0x00000708       0x88 build/Modules/OS/OSAL/src/osal.o
 .debug_ranges  0x00000790       0x10 build/Modules/OS/OSAL/src/Os_Cfg.o
 .debug_ranges  0x000007a0       0x10 build/Modules/OS/OSAL/src/ActivateTask.o
 .debug_ranges  0x000007b0       0x28 build/Modules/OS/OSAL/src/Os_Internal_Arch.o
 .debug_ranges  0x000007d8       0x58 build/Modules/OS/OSAL/src/Os_Internal_Arch_Cfg.o
 .debug_ranges  0x00000830       0x38 build/Modules/OS/OSAL/src/Os_Internal.o
 .debug_ranges  0x00000868       0x30 build/Modules/OS/OSAL/src/Os_Internal_Cfg.o
 .debug_ranges  0x00000898       0x10 build/Modules/OS/OSAL/src/Schedule.o
 .debug_ranges  0x000008a8       0x10 build/Modules/OS/OSAL/src/SetEvent.o
 .debug_ranges  0x000008b8       0x10 build/Modules/OS/OSAL/src/ShutdownOS.o
 .debug_ranges  0x000008c8       0x20 build/Modules/OS/OSAL/src/StartOs_Arch_SysTick.o
 .debug_ranges  0x000008e8       0x18 build/Modules/OS/OSAL/src/StartOs_Arch.o
 .debug_ranges  0x00000900       0x10 build/Modules/OS/OSAL/src/StartOS.o

.debug_macro    0x00000000    0x258d0
 .debug_macro   0x00000000      0x2bc build/./common/src/test_env.o
 .debug_macro   0x000002bc      0xac6 build/./common/src/test_env.o
 .debug_macro   0x00000d82       0x22 build/./common/src/test_env.o
 .debug_macro   0x00000da4      0x16d build/./common/src/test_env.o
 .debug_macro   0x00000f11       0x22 build/./common/src/test_env.o
 .debug_macro   0x00000f33       0x8e build/./common/src/test_env.o
 .debug_macro   0x00000fc1       0x51 build/./common/src/test_env.o
 .debug_macro   0x00001012      0x103 build/./common/src/test_env.o
 .debug_macro   0x00001115       0x6a build/./common/src/test_env.o
 .debug_macro   0x0000117f      0x1df build/./common/src/test_env.o
 .debug_macro   0x0000135e       0x10 build/./common/src/test_env.o
 .debug_macro   0x0000136e       0xd0 build/./common/src/test_env.o
 .debug_macro   0x0000143e       0x2e build/./common/src/test_env.o
 .debug_macro   0x0000146c       0x1c build/./common/src/test_env.o
 .debug_macro   0x00001488       0x30 build/./common/src/test_env.o
 .debug_macro   0x000014b8       0xfb build/./common/src/test_env.o
 .debug_macro   0x000015b3     0x1313 build/./common/src/test_env.o
 .debug_macro   0x000028c6      0x11f build/./common/src/test_env.o
 .debug_macro   0x000029e5       0x22 build/./common/src/test_env.o
 .debug_macro   0x00002a07       0x12 build/./common/src/test_env.o
 .debug_macro   0x00002a19     0x19c9 build/./common/src/test_env.o
 .debug_macro   0x000043e2      0x19b build/./common/src/test_env.o
 .debug_macro   0x0000457d      0x142 build/./common/src/test_env.o
 .debug_macro   0x000046bf      0x148 build/./common/src/test_env.o
 .debug_macro   0x00004807      0x142 build/./common/src/test_env.o
 .debug_macro   0x00004949       0xbe build/./common/src/test_env.o
 .debug_macro   0x00004a07      0x7a6 build/./common/src/test_env.o
 .debug_macro   0x000051ad      0x76f build/./common/src/test_env.o
 .debug_macro   0x0000591c      0xa71 build/./common/src/test_env.o
 .debug_macro   0x0000638d      0x63d build/./common/src/test_env.o
 .debug_macro   0x000069ca      0xdbf build/./common/src/test_env.o
 .debug_macro   0x00007789      0x4bd build/./common/src/test_env.o
 .debug_macro   0x00007c46     0x33d1 build/./common/src/test_env.o
 .debug_macro   0x0000b017     0x22eb build/./common/src/test_env.o
 .debug_macro   0x0000d302     0x1667 build/./common/src/test_env.o
 .debug_macro   0x0000e969     0x5e43 build/./common/src/test_env.o
 .debug_macro   0x000147ac     0x2006 build/./common/src/test_env.o
 .debug_macro   0x000167b2      0x657 build/./common/src/test_env.o
 .debug_macro   0x00016e09       0xb2 build/./common/src/test_env.o
 .debug_macro   0x00016ebb      0x2f2 build/./common/src/test_env.o
 .debug_macro   0x000171ad      0x190 build/./common/src/test_env.o
 .debug_macro   0x0001733d      0xf4e build/./common/src/test_env.o
 .debug_macro   0x0001828b     0x2252 build/./common/src/test_env.o
 .debug_macro   0x0001a4dd      0x6c1 build/./common/src/test_env.o
 .debug_macro   0x0001ab9e      0x457 build/./common/src/test_env.o
 .debug_macro   0x0001aff5      0x52b build/./common/src/test_env.o
 .debug_macro   0x0001b520      0x136 build/./common/src/test_env.o
 .debug_macro   0x0001b656      0x2b8 build/./common/src/test_env.o
 .debug_macro   0x0001b90e      0x626 build/./common/src/test_env.o
 .debug_macro   0x0001bf34     0x1637 build/./common/src/test_env.o
 .debug_macro   0x0001d56b      0xad5 build/./common/src/test_env.o
 .debug_macro   0x0001e040       0xf4 build/./common/src/test_env.o
 .debug_macro   0x0001e134      0x52e build/./common/src/test_env.o
 .debug_macro   0x0001e662       0x2e build/./common/src/test_env.o
 .debug_macro   0x0001e690      0x490 build/./common/src/test_env.o
 .debug_macro   0x0001eb20      0x201 build/./common/src/test_env.o
 .debug_macro   0x0001ed21       0x8e build/./common/src/test_env.o
 .debug_macro   0x0001edaf       0x1c build/./common/src/test_env.o
 .debug_macro   0x0001edcb       0x22 build/./common/src/test_env.o
 .debug_macro   0x0001eded       0x1c build/./common/src/test_env.o
 .debug_macro   0x0001ee09      0x6ac build/./common/src/test_env.o
 .debug_macro   0x0001f4b5       0x90 build/./common/src/test_env.o
 .debug_macro   0x0001f545      0x2d9 build/src/CAN_Init/CAN_LLD_Init.o
 .debug_macro   0x0001f81e       0xa7 build/src/CAN_Init/CAN_LLD_Init.o
 .debug_macro   0x0001f8c5       0x34 build/src/CAN_Init/CAN_LLD_Init.o
 .debug_macro   0x0001f8f9      0x2f2 build/src/SPI_Init/SPI_LLD_Init.o
 .debug_macro   0x0001fbeb      0x2eb build/src/SPI_Init/SPI_LLD_Init.o
 .debug_macro   0x0001fed6      0x1ec build/src/SPI_Init/SPI_LLD_Init.o
 .debug_macro   0x000200c2       0x16 build/src/SPI_Init/SPI_LLD_Init.o
 .debug_macro   0x000200d8      0x384 build/src/main.o
 .debug_macro   0x0002045c      0x13c build/src/main.o