Archive member included to satisfy reference by file (symbol)

d:/project/9388/e1/2023_7_27/sr5e1_l9388_freeosek/tools/toolchain/arm/mingw64_nt/10.3-2021.10/bin/../lib/gcc/arm-none-eabi/10.3.1/thumb/v7e-m+dp/hard\libgcc.a(_aeabi_uldivmod.o)
                              build/Modules/OS/OSAL/src/osal.o (__aeabi_uldivmod)
d:/project/9388/e1/2023_7_27/sr5e1_l9388_freeosek/tools/toolchain/arm/mingw64_nt/10.3-2021.10/bin/../lib/gcc/arm-none-eabi/10.3.1/thumb/v7e-m+dp/hard\libgcc.a(_udivmoddi4.o)
                              d:/project/9388/e1/2023_7_27/sr5e1_l9388_freeosek/tools/toolchain/arm/mingw64_nt/10.3-2021.10/bin/../lib/gcc/arm-none-eabi/10.3.1/thumb/v7e-m+dp/hard\libgcc.a(_aeabi_uldivmod.o) (__udivmoddi4)
d:/project/9388/e1/2023_7_27/sr5e1_l9388_freeosek/tools/toolchain/arm/mingw64_nt/10.3-2021.10/bin/../lib/gcc/arm-none-eabi/10.3.1/thumb/v7e-m+dp/hard\libgcc.a(_dvmd_tls.o)
                              d:/project/9388/e1/2023_7_27/sr5e1_l9388_freeosek/tools/toolchain/arm/mingw64_nt/10.3-2021.10/bin/../lib/gcc/arm-none-eabi/10.3.1/thumb/v7e-m+dp/hard\libgcc.a(_aeabi_uldivmod.o) (__aeabi_ldiv0)
d:/project/9388/e1/2023_7_27/sr5e1_l9388_freeosek/tools/toolchain/arm/mingw64_nt/10.3-2021.10/bin/../lib/gcc/arm-none-eabi/10.3.1/../../../../arm-none-eabi/lib/thumb/v7e-m+dp/hard\libg.a(lib_a-memcpy.o)
                              build/Modules/Drivers/Comms/CAN/src/can.o (memcpy)
d:/project/9388/e1/2023_7_27/sr5e1_l9388_freeosek/tools/toolchain/arm/mingw64_nt/10.3-2021.10/bin/../lib/gcc/arm-none-eabi/10.3.1/../../../../arm-none-eabi/lib/thumb/v7e-m+dp/hard\libg.a(lib_a-memset.o)
                              build/Modules/Drivers/Comms/CAN/src/can.o (memset)

Discarded input sections

 .group         0x00000000        0xc build/./common/src/test_env.o
 .group         0x00000000        0xc build/./common/src/test_env.o
 .group         0x00000000        0xc build/./common/src/test_env.o
 .group         0x00000000        0xc build/./common/src/test_env.o
 .group         0x00000000        0xc build/./common/src/test_env.o
 .group         0x00000000        0xc build/./common/src/test_env.o
 .group         0x00000000        0xc build/./common/src/test_env.o
 .group         0x00000000        0xc build/./common/src/test_env.o
 .group         0x00000000        0xc build/./common/src/test_env.o
 .group         0x00000000        0xc build/./common/src/test_env.o
 .group         0x00000000        0xc build/./common/src/test_env.o
 .group         0x00000000        0xc build/./common/src/test_env.o
 .group         0x00000000        0xc build/./common/src/test_env.o
 .group         0x00000000        0xc build/./common/src/test_env.o
 .group         0x00000000        0xc build/./common/src/test_env.o
 .group         0x00000000        0xc build/./common/src/test_env.o
 .group         0x00000000        0xc build/./common/src/test_env.o
 .group         0x00000000        0xc build/./common/src/test_env.o
 .group         0x00000000        0xc build/./common/src/test_env.o
 .group         0x00000000        0xc build/./common/src/test_env.o
 .group         0x00000000        0xc build/./common/src/test_env.o
 .group         0x00000000        0xc build/./common/src/test_env.o
 .group         0x00000000        0xc build/./common/src/test_env.o
 .group         0x00000000        0xc build/./common/src/test_env.o
 .group         0x00000000        0xc build/./common/src/test_env.o
 .group         0x00000000        0xc build/./common/src/test_env.o
 .group         0x00000000        0xc build/./common/src/test_env.o
 .group         0x00000000        0xc build/./common/src/test_env.o
 .group         0x00000000        0xc build/./common/src/test_env.o
 .group         0x00000000        0xc build/./common/src/test_env.o
 .group         0x00000000        0xc build/./common/src/test_env.o
 .group         0x00000000        0xc build/./common/src/test_env.o
 .group         0x00000000        0xc build/./common/src/test_env.o
 .group         0x00000000        0xc build/./common/src/test_env.o
 .group         0x00000000        0xc build/./common/src/test_env.o
 .group         0x00000000        0xc build/./common/src/test_env.o
 .group         0x00000000        0xc build/./common/src/test_env.o
 .group         0x00000000        0xc build/./common/src/test_env.o
 .group         0x00000000        0xc build/./common/src/test_env.o
 .group         0x00000000        0xc build/./common/src/test_env.o
 .group         0x00000000        0xc build/./common/src/test_env.o
 .group         0x00000000        0xc build/./common/src/test_env.o
 .group         0x00000000        0xc build/./common/src/test_env.o
 .group         0x00000000        0xc build/./common/src/test_env.o
 .group         0x00000000        0xc build/./common/src/test_env.o
 .group         0x00000000        0xc build/./common/src/test_env.o
 .group         0x00000000        0xc build/./common/src/test_env.o
 .group         0x00000000        0xc build/./common/src/test_env.o
[...]
Memory Configuration

Name             Origin             Length             Attributes
cflash1          0x08000000         0x000f0000         xr
cflash2          0x080f0000         0x000f0000         xr
dflash           0x08f00000         0x00010000         xr
sram1            0x24000000         0x00020000         xw
sram2            0x24020000         0x00020000         xw
itcm1            0x5a000000         0x00008000         xw
itcm2            0x5a040000         0x00008000         xw
dtcm1            0x5c000000         0x00010000         xw
dtcm2            0x5c040000         0x00010000         xw
core1_nvm        0x08000000         0x000f0000         xr
core2_nvm        0x080f0000         0x000f0000         xr
core1_ram        0x24000000         0x00020000         xw
core2_ram        0x24020000         0x00020000         xw
core1_itcm_dir   0x00000000         0x00008000         xw
core1_itcm_ind   0x5a000000         0x00008000         xw
core1_dtcm_dir   0x20000000         0x00010000         xw
core1_dtcm_ind   0x5c000000         0x00010000         xw
core2_itcm_dir   0x00000000         0x00008000         xw
core2_itcm_ind   0x5a040000         0x00008000         xw
core2_dtcm_dir   0x20000000         0x00010000         xw
core2_dtcm_ind   0x5c040000         0x00010000         xw
*default*        0x00000000         0xffffffff

Linker script and memory map


startup         0x08000000      0x408
 *(.vectors)
 .vectors       0x08000000      0x300 build/Modules/Boot/src/GCC/vectors.o
                0x08000000                _vectors
 *(.reset_handler)
 *fill*         0x08000300      0x100 
 .reset_handler
                0x08000400        0x8 build/Modules/Boot/src/GCC/vectors.o
                0x08000400                Reset_Handler
                0x08000402                VectorE8
                0x08000402                Vector9C
                0x08000402                Vector2C4
                0x08000402                VectorAC
                0x08000402                Vector2B0
                0x08000402                Vector26C
                0x08000402                Vector22C
                0x08000402                Vector2C0
                0x08000402                Vector5C
                0x08000402                Vector224
                0x08000402                Vector2F0
                0x08000402                Vector11C
                0x08000402                Vector1F0
                0x08000402                Vector1EC
                0x08000402                Vector8C
                0x08000402                VectorDC
                0x08000402                Vector2D8
                0x08000402                Vector168
                0x08000402                Vector270
                0x08000402                Vector24C
                0x08000402                Vector274
                0x08000402                Vector1D8
                0x08000402                Vector1F4
                0x08000402                VectorC8
                0x08000402                Vector2CC
                0x08000402                Vector94
                0x08000402                Vector254
                0x08000402                VectorA8
                0x08000402                Vector244
                0x08000402                Vector204
                0x08000402                Vector2AC
                0x08000402                VectorB4
                0x08000402                Vector1FC
                0x08000402                Vector160
                0x08000402                VectorEC
                0x08000402                Vector234
                0x08000402                Vector2F4
                0x08000402                Vector264
                0x08000402                Vector40
                0x08000402                VectorF8
                0x08000402                Vector108
                0x08000402                VectorBC
                0x08000402                Vector1E0
                0x08000402                Vector150
                0x08000402                Vector1F8
                0x08000402                Vector260
                0x08000402                Vector27C
                0x08000402                Vector1C4
                0x08000402                Vector1CC
                0x08000402                Vector2A8
                0x08000402                Vector1E4
                0x08000402                Vector20C
                0x08000402                Vector148
                0x08000402                Vector188
                0x08000402                Vector23C
                0x08000402                Vector118
                0x08000402                Vector64
                0x08000402                Vector58
                0x08000402                Vector54
                0x08000402                Vector2F8
                0x08000402                Vector98
                0x08000402                Vector2B8
                0x08000402                Vector258
                0x08000402                Vector284
                0x08000402                Vector218
                0x08000402                VectorD8
                0x08000402                Vector24
                0x08000402                Vector200
                0x08000402                Vector178
                0x08000402                Vector2E4
                0x08000402                Vector2A0
                0x08000402                Vector28C
                0x08000402                Vector140
                0x08000402                VectorE4
                0x08000402                VectorC0
                0x08000402                Vector158
                0x08000402                Vector1C0
                0x08000402                Vector214
                0x08000402                Vector250
                0x08000402                Vector2E0
                0x08000402                Vector2D0
                0x08000402                Vector1D0
                0x08000402                Vector2DC
                0x08000402                VectorF0
                0x08000402                Vector210
                0x08000402                Vector2BC
                0x08000402                Vector280
                0x08000402                Vector100
                0x08000402                VectorE0
                0x08000402                VectorF4
                0x08000402                Vector2B4
                0x08000402                Vector2C8
                0x08000402                Vector2EC
                0x08000402                Vector238
                0x08000402                VectorA0
                0x08000402                VectorC4
                0x08000402                Vector180
                0x08000402                Vector288
                0x08000402                Vector208
                0x08000402                VectorB0
                0x08000402                Vector90
                0x08000402                Vector294
                0x08000402                Vector114
                0x08000402                Vector164
                0x08000402                Vector60
                0x08000402                Vector1C
                0x08000402                Vector1D4
                0x08000402                Vector17C
                0x08000402                Vector48
                0x08000402                Vector240
                0x08000402                Vector16C
                0x08000402                Vector228
                0x08000402                VectorD4
                0x08000402                Vector2E8
                0x08000402                Vector2D4
                0x08000402                Vector278
                0x08000402                Vector4C
                0x08000402                Vector144
                0x08000402                Vector15C
                0x08000402                Vector68
                0x08000402                Vector230
                0x08000402                Vector290
                0x08000402                Vector1E8
                0x08000402                Vector18C
                0x08000402                Vector170
                0x08000402                Vector220
                0x08000402                Vector298
                0x08000402                Vector29C
                0x08000402                Vector104
                0x08000402                Vector184
                0x08000402                Vector21C
                0x08000402                Vector268
                0x08000402                Vector14C
                0x08000402                Vector50
                0x08000402                Vector1C8
                0x08000402                Vector2FC
                0x08000402                Vector1DC
                0x08000402                Vector154
                0x08000402                Vector44
                0x08000402                Vector28
                0x08000402                VectorB8
                0x08000402                Vector2A4
                0x08000402                VectorFC
                0x08000402                Vector34
                0x08000402                Vector248
                0x08000402                VectorA4
                0x08000402                Vector25C
                0x08000402                Vector20
                0x08000402                Vector174
                0x08000406                _unhandled_exception

constructors    0x08000408        0x0
                0x08000408                PROVIDE (__init_array_start = .)
 *(SORT_BY_NAME(.init_array.*))
 *(.init_array)
                0x08000408                PROVIDE (__init_array_end = .)

destructors     0x08000408        0x0
                0x08000408                PROVIDE (__fini_array_start = .)
 *(.fini_array)
 *(SORT_BY_NAME(.fini_array.*))
                0x08000408                PROVIDE (__fini_array_end = .)

.text           0x08000410     0x7c84
 *(.text)
 .text          0x08000410       0xcc build/Modules/OS/OSAL/src/Os_Internal_Arch_Cfg.o
                0x08000410                PendSV_Handler
                0x08000470                NMI_Handler
                0x08000480                HardFault_Handler
                0x08000490                MemManage_Handler
                0x080004a0                BusFault_Handler
                0x080004b0                UsageFault_Handler
                0x080004c0                SVC_Handler
                0x080004d0                DebugMon_Handler
 *fill*         0x080004dc        0x4 
 .text          0x080004e0      0x170 build/Modules/Boot/src/GCC/crt0.o
                0x080004e0                _crt0_entry
 .text          0x08000650      0x134 d:/project/9388/e1/2023_7_27/sr5e1_l9388_freeosek/tools/toolchain/arm/mingw64_nt/10.3-2021.10/bin/../lib/gcc/arm-none-eabi/10.3.1/../../../../arm-none-eabi/lib/thumb/v7e-m+dp/hard\libg.a(lib_a-memcpy.o)
                0x08000650                memcpy
 *(.text.*)
 *fill*         0x08000784        0xc 
 .text.gpio_set_pin_moder
                0x08000790       0x7c build/./common/src/test_env.o
 *fill*         0x0800080c        0x4 
 .text.gpio_set_pin_otyper
                0x08000810       0x78 build/./common/src/test_env.o
 *fill*         0x08000888        0x8 
 .text.gpio_set_pin_ospeedr
                0x08000890       0x7c build/./common/src/test_env.o
 *fill*         0x0800090c        0x4 
 .text.gpio_set_pin_pupdr
                0x08000910       0x7c build/./common/src/test_env.o
 *fill*         0x0800098c        0x4 
 .text.gpio_set_pin_afr
                0x08000990       0xbc build/./common/src/test_env.o
 *fill*         0x08000a4c        0x4 
 .text.gpio_set_pin_ihystr
                0x08000a50       0x7c build/./common/src/test_env.o
 *fill*         0x08000acc        0x4 
 .text.gpio_set_pin_trigenr
                0x08000ad0       0x78 build/./common/src/test_env.o
 *fill*         0x08000b48        0x8 
 .text.gpio_set_pin_safeselr
                0x08000b50       0x78 build/./common/src/test_env.o
 *fill*         0x08000bc8        0x8 
 .text.gpio_set_pin_safevalr
                0x08000bd0       0x78 build/./common/src/test_env.o
 *fill*         0x08000c48        0x8 
 .text.gpio_set_pin_mode
                0x08000c50       0xdc build/./common/src/test_env.o
 *fill*         0x08000d2c        0x4 
 .text.evbe7000p_init
                0x08000d30      0x4c0 build/./common/src/test_env.o
 .text.test_env_init
                0x080011f0       0x54 build/./common/src/test_env.o
                0x080011f0                test_env_init
 *fill*         0x08001244        0xc 
 .text.canrx_receive_cb
                0x08001250       0x50 build/src/CAN_Init/CAN_LLD_Init.o
 .text.canrx_error_cb
                0x080012a0        0xc build/src/CAN_Init/CAN_LLD_Init.o
 *fill*         0x080012ac        0x4 
 .text.cantx_error_cb
                0x080012b0        0xc build/src/CAN_Init/CAN_LLD_Init.o
 *fill*         0x080012bc        0x4 
 .text.CAN_LLD_Init
                0x080012c0       0xb4 build/src/CAN_Init/CAN_LLD_Init.o
                0x080012c0                CAN_LLD_Init
 *fill*         0x08001374        0xc 
 .text.gpio_set_pin_moder
                0x08001380       0x7c build/src/SPI_Init/SPI_LLD_Init.o
 *fill*         0x080013fc        0x4 
 .text.gpio_set_pin_otyper
                0x08001400       0x78 build/src/SPI_Init/SPI_LLD_Init.o
 *fill*         0x08001478        0x8 
 .text.gpio_set_pin_ospeedr
                0x08001480       0x7c build/src/SPI_Init/SPI_LLD_Init.o
 *fill*         0x080014fc        0x4 
 .text.gpio_set_pin_pupdr
                0x08001500       0x7c build/src/SPI_Init/SPI_LLD_Init.o
 *fill*         0x0800157c        0x4 
 .text.gpio_set_pin_afr
                0x08001580       0xbc build/src/SPI_Init/SPI_LLD_Init.o
 *fill*         0x0800163c        0x4 
 .text.gpio_set_pin_ihystr
                0x08001640       0x7c build/src/SPI_Init/SPI_LLD_Init.o
 *fill*         0x080016bc        0x4 
 .text.gpio_set_pin_trigenr
                0x080016c0       0x78 build/src/SPI_Init/SPI_LLD_Init.o
 *fill*         0x08001738        0x8 
 .text.gpio_set_pin_safeselr
                0x08001740       0x78 build/src/SPI_Init/SPI_LLD_Init.o
 *fill*         0x080017b8        0x8 
 .text.gpio_set_pin_safevalr
                0x080017c0       0x78 build/src/SPI_Init/SPI_LLD_Init.o
 *fill*         0x08001838        0x8 
 .text.gpio_set_pin_mode
                0x08001840       0xdc build/src/SPI_Init/SPI_LLD_Init.o
 *fill*         0x0800191c        0x4 
 .text.gpio_set_pin
                0x08001920       0x4c build/src/SPI_Init/SPI_LLD_Init.o
 *fill*         0x0800196c        0x4 
 .text.spi_master_data_cb
                0x08001970       0x14 build/src/SPI_Init/SPI_LLD_Init.o
 *fill*         0x08001984        0xc 
 .text.spi_master_err_cb
                0x08001990        0xc build/src/SPI_Init/SPI_LLD_Init.o
 *fill*         0x0800199c        0x4 
 .text.SPI_LLD_Init
                0x080019a0       0xb0 build/src/SPI_Init/SPI_LLD_Init.o
                0x080019a0                SPI_LLD_Init
 .text.gpio_set_pin_moder
                0x08001a50       0x7c build/src/main.o
 *fill*         0x08001acc        0x4 
 .text.gpio_set_pin_otyper
                0x08001ad0       0x78 build/src/main.o
 *fill*         0x08001b48        0x8 
 .text.gpio_set_pin_ospeedr
                0x08001b50       0x7c build/src/main.o
 *fill*         0x08001bcc        0x4 
 .text.gpio_set_pin_pupdr
                0x08001bd0       0x7c build/src/main.o
 *fill*         0x08001c4c        0x4 
 .text.gpio_set_pin_afr
                0x08001c50       0xbc build/src/main.o
 *fill*         0x08001d0c        0x4 
 .text.gpio_set_pin_ihystr
                0x08001d10       0x7c build/src/main.o
 *fill*         0x08001d8c        0x4 
 .text.gpio_set_pin_trigenr
                0x08001d90       0x78 build/src/main.o
 *fill*         0x08001e08        0x8 
 .text.gpio_set_pin_safeselr
                0x08001e10       0x78 build/src/main.o
 *fill*         0x08001e88        0x8 
 .text.gpio_set_pin_safevalr
                0x08001e90       0x78 build/src/main.o
 *fill*         0x08001f08        0x8 
 .text.gpio_set_pin_mode
                0x08001f10       0xdc build/src/main.o
 *fill*         0x08001fec        0x4 
 .text.gpio_toggle_pin
                0x08001ff0       0x70 build/src/main.o
 .text.irq_enable_all
                0x08002060        0x8 build/src/main.o
 *fill*         0x08002068        0x8 
 .text.main     0x08002070       0x24 build/src/main.o
                0x08002070                main
 *fill*         0x08002094        0xc 
 .text.OSEK_TASK_TaskPeriodic_1ms
                0x080020a0       0x10 build/src/main.o
                0x080020a0                OSEK_TASK_TaskPeriodic_1ms
 .text.OSEK_TASK_TaskPeriodic_10ms
                0x080020b0       0x10 build/src/main.o
                0x080020b0                OSEK_TASK_TaskPeriodic_10ms
 .text.OSEK_TASK_TaskPeriodic_100ms
                0x080020c0       0x10 build/src/main.o
                0x080020c0                OSEK_TASK_TaskPeriodic_100ms
 .text.OSEK_CALLBACK_Task_Periodic_1000ms
                0x080020d0        0xc build/src/main.o
                0x080020d0                OSEK_CALLBACK_Task_Periodic_1000ms
 *fill*         0x080020dc        0x4 
 .text.OSEK_TASK_TaskBackground
                0x080020e0       0x20 build/src/main.o
                0x080020e0                OSEK_TASK_TaskBackground
 .text.OSEK_TASK_TaskBlink
                0x08002100        0xc build/src/main.o
                0x08002100                OSEK_TASK_TaskBlink
 *fill*         0x0800210c        0x4 
 .text.OSEK_TASK_TaskInit
                0x08002110       0x40 build/src/main.o
                0x08002110                OSEK_TASK_TaskInit
 .text.GPIO_LLD_init
                0x08002150       0x30 build/src/main.o
                0x08002150                GPIO_LLD_init
 .text.__core_init
                0x08002180       0x50 build/Modules/Boot/src/crt1.o
                0x08002180                __core_init
 .text.__early_init
                0x080021d0        0x4 build/Modules/Boot/src/crt1.o
                0x080021d0                __early_init
 *fill*         0x080021d4        0xc 
 .text.__late_init
                0x080021e0        0x4 build/Modules/Boot/src/crt1.o
                0x080021e0                __late_init
 *fill*         0x080021e4        0xc 
 .text.__default_exit
                0x080021f0        0x4 build/Modules/Boot/src/crt1.o
                0x080021f0                __default_exit
 *fill*         0x080021f4        0xc 
 .text.clock_init
                0x08002200      0x360 build/Modules/Platform/Clock/src/sr5e1/clock.o
                0x08002200                clock_init
 .text.__NVIC_EnableIRQ
                0x08002560       0x34 build/Modules/Drivers/System/DMA/src/dma.o
 *fill*         0x08002594        0xc 
 .text.__NVIC_SetPriority
                0x080025a0       0x50 build/Modules/Drivers/System/DMA/src/dma.o
 .text.irq_enable
                0x080025f0       0x1c build/Modules/Drivers/System/DMA/src/dma.o
 *fill*         0x0800260c        0x4 
 .text.irq_set_priority
                0x08002610       0x20 build/Modules/Drivers/System/DMA/src/dma.o
 .text.dma_stream_clear_interrupts
                0x08002630       0x48 build/Modules/Drivers/System/DMA/src/dma.o
 *fill*         0x08002678        0x8 
 .text.dma_stream_disable
                0x08002680       0x24 build/Modules/Drivers/System/DMA/src/dma.o
 *fill*         0x080026a4        0xc 
 .text.dma_serve_interrupt
                0x080026b0       0xd0 build/Modules/Drivers/System/DMA/src/dma.o
 .text.Vector6C
                0x08002780       0x10 build/Modules/Drivers/System/DMA/src/dma.o
                0x08002780                Vector6C
 .text.Vector70
                0x08002790       0x10 build/Modules/Drivers/System/DMA/src/dma.o
                0x08002790                Vector70
 .text.Vector74
                0x080027a0       0x10 build/Modules/Drivers/System/DMA/src/dma.o
                0x080027a0                Vector74
 .text.Vector78
                0x080027b0       0x10 build/Modules/Drivers/System/DMA/src/dma.o
                0x080027b0                Vector78
 .text.Vector7C
                0x080027c0       0x10 build/Modules/Drivers/System/DMA/src/dma.o
                0x080027c0                Vector7C
 .text.Vector80
                0x080027d0       0x10 build/Modules/Drivers/System/DMA/src/dma.o
                0x080027d0                Vector80
 .text.Vector84
                0x080027e0       0x10 build/Modules/Drivers/System/DMA/src/dma.o
                0x080027e0                Vector84
 .text.Vector88
                0x080027f0       0x10 build/Modules/Drivers/System/DMA/src/dma.o
                0x080027f0                Vector88
 .text.Vector120
                0x08002800       0x10 build/Modules/Drivers/System/DMA/src/dma.o
                0x08002800                Vector120
 .text.Vector124
                0x08002810       0x10 build/Modules/Drivers/System/DMA/src/dma.o
                0x08002810                Vector124
 .text.Vector128
                0x08002820       0x10 build/Modules/Drivers/System/DMA/src/dma.o
                0x08002820                Vector128
 .text.Vector12C
                0x08002830       0x10 build/Modules/Drivers/System/DMA/src/dma.o
                0x08002830                Vector12C
 .text.Vector130
                0x08002840       0x10 build/Modules/Drivers/System/DMA/src/dma.o
                0x08002840                Vector130
 .text.Vector134
                0x08002850       0x10 build/Modules/Drivers/System/DMA/src/dma.o
                0x08002850                Vector134
 .text.Vector138
                0x08002860       0x10 build/Modules/Drivers/System/DMA/src/dma.o
                0x08002860                Vector138
 .text.Vector13C
                0x08002870       0x10 build/Modules/Drivers/System/DMA/src/dma.o
                0x08002870                Vector13C
 .text.dma_stream_take
                0x08002880      0x2a8 build/Modules/Drivers/System/DMA/src/dma.o
                0x08002880                dma_stream_take
 *fill*         0x08002b28        0x8 
 .text.gpio_init
                0x08002b30        0xc build/Modules/Drivers/System/GPIO/src/gpio.o
                0x08002b30                gpio_init
 *fill*         0x08002b3c        0x4 
 .text.gpio_dev_init
                0x08002b40       0x24 build/Modules/Drivers/System/GPIO/src/sr5e1/gpio_dev.o
                0x08002b40                gpio_dev_init
 *fill*         0x08002b64        0xc 
 .text.gpio_dev_get_port_reg_ptr
                0x08002b70       0x8c build/Modules/Drivers/System/GPIO/src/sr5e1/gpio_dev.o
                0x08002b70                gpio_dev_get_port_reg_ptr
 *fill*         0x08002bfc        0x4 
 .text.__NVIC_EnableIRQ
                0x08002c00       0x34 build/Modules/Drivers/Comms/CAN/src/can.o
 *fill*         0x08002c34        0xc 
 .text.__NVIC_SetPriority
                0x08002c40       0x50 build/Modules/Drivers/Comms/CAN/src/can.o
 .text.irq_enable
                0x08002c90       0x1c build/Modules/Drivers/Comms/CAN/src/can.o
 *fill*         0x08002cac        0x4 
 .text.irq_set_priority
                0x08002cb0       0x20 build/Modules/Drivers/Comms/CAN/src/can.o
 .text.dma_stream_set_peripheral
                0x08002cd0       0x14 build/Modules/Drivers/Comms/CAN/src/can.o
 *fill*         0x08002ce4        0xc 
 .text.dma_stream_set_memory
                0x08002cf0       0x14 build/Modules/Drivers/Comms/CAN/src/can.o
 *fill*         0x08002d04        0xc 
 .text.dma_stream_set_count
                0x08002d10       0x14 build/Modules/Drivers/Comms/CAN/src/can.o
 *fill*         0x08002d24        0xc 
 .text.dma_stream_set_transfer_mode
                0x08002d30       0x14 build/Modules/Drivers/Comms/CAN/src/can.o
 *fill*         0x08002d44        0xc 
 .text.dma_stream_clear_interrupts
                0x08002d50       0x48 build/Modules/Drivers/Comms/CAN/src/can.o
 *fill*         0x08002d98        0x8 
 .text.dma_stream_enable
                0x08002da0       0x1c build/Modules/Drivers/Comms/CAN/src/can.o
 *fill*         0x08002dbc        0x4 
 .text.dma_stream_disable
                0x08002dc0       0x24 build/Modules/Drivers/Comms/CAN/src/can.o
 *fill*         0x08002de4        0xc 
 .text.dma_stream_set_fifo_mode
                0x08002df0       0x1c build/Modules/Drivers/Comms/CAN/src/can.o
 *fill*         0x08002e0c        0x4 
 .text.dma_stream_set_trigger
                0x08002e10       0x14 build/Modules/Drivers/Comms/CAN/src/can.o
 *fill*         0x08002e24        0xc 
 .text.can_lld_get_frame_size
                0x08002e30       0x5c build/Modules/Drivers/Comms/CAN/src/can.o
 *fill*         0x08002e8c        0x4 
 .text.can_lld_data2frame
                0x08002e90       0xf4 build/Modules/Drivers/Comms/CAN/src/can.o
 *fill*         0x08002f84        0xc 
 .text.can_dmu_rx0_dma_callback
                0x08002f90       0x6c build/Modules/Drivers/Comms/CAN/src/can.o
 *fill*         0x08002ffc        0x4 
 .text.can_dmu_rx1_dma_callback
                0x08003000       0x6c build/Modules/Drivers/Comms/CAN/src/can.o
 *fill*         0x0800306c        0x4 
 .text.can_lld_set_dmu
                0x08003070      0x2a8 build/Modules/Drivers/Comms/CAN/src/can.o
 *fill*         0x08003318        0x8 
 .text.can_lld_set_loopback
                0x08003320       0x50 build/Modules/Drivers/Comms/CAN/src/can.o
 .text.can_lld_set_flexdatarate
                0x08003370       0x3c build/Modules/Drivers/Comms/CAN/src/can.o
 *fill*         0x080033ac        0x4 
 .text.can_lld_set_baudrate
                0x080033b0      0x640 build/Modules/Drivers/Comms/CAN/src/can.o
 .text.can_lld_set_datasize
                0x080039f0      0x1cc build/Modules/Drivers/Comms/CAN/src/can.o
 *fill*         0x08003bbc        0x4 
 .text.can_lld_set_sram
                0x08003bc0      0x40c build/Modules/Drivers/Comms/CAN/src/can.o
 *fill*         0x08003fcc        0x4 
 .text.can_lld_start
                0x08003fd0      0x590 build/Modules/Drivers/Comms/CAN/src/can.o
 .text.can_lld_set_filter
                0x08004560      0x168 build/Modules/Drivers/Comms/CAN/src/can.o
 *fill*         0x080046c8        0x8 
 .text.can_lld_read_buffer
                0x080046d0       0xb8 build/Modules/Drivers/Comms/CAN/src/can.o
 *fill*         0x08004788        0x8 
 .text.can_reset_paramters
                0x08004790      0x214 build/Modules/Drivers/Comms/CAN/src/can.o
 *fill*         0x080049a4        0xc 
 .text.can_init
                0x080049b0       0x2c build/Modules/Drivers/Comms/CAN/src/can.o
                0x080049b0                can_init
 *fill*         0x080049dc        0x4 
 .text.can_set_irq_line
                0x080049e0       0x24 build/Modules/Drivers/Comms/CAN/src/can.o
                0x080049e0                can_set_irq_line
 *fill*         0x08004a04        0xc 
 .text.can_set_irq_mask
                0x08004a10       0x1c build/Modules/Drivers/Comms/CAN/src/can.o
                0x08004a10                can_set_irq_mask
 *fill*         0x08004a2c        0x4 
 .text.can_set_loopback
                0x08004a30       0x24 build/Modules/Drivers/Comms/CAN/src/can.o
                0x08004a30                can_set_loopback
 *fill*         0x08004a54        0xc 
 .text.can_set_fd_mode
                0x08004a60       0x24 build/Modules/Drivers/Comms/CAN/src/can.o
                0x08004a60                can_set_fd_mode
 *fill*         0x08004a84        0xc 
 .text.can_set_baudrate
                0x08004a90       0x1c build/Modules/Drivers/Comms/CAN/src/can.o
                0x08004a90                can_set_baudrate
 *fill*         0x08004aac        0x4 
 .text.can_set_filter
                0x08004ab0       0x34 build/Modules/Drivers/Comms/CAN/src/can.o
                0x08004ab0                can_set_filter
 *fill*         0x08004ae4        0xc 
 .text.can_set_buffers
                0x08004af0       0x54 build/Modules/Drivers/Comms/CAN/src/can.o
                0x08004af0                can_set_buffers
 *fill*         0x08004b44        0xc 
 .text.can_set_rx_polling_mode
                0x08004b50       0x28 build/Modules/Drivers/Comms/CAN/src/can.o
                0x08004b50                can_set_rx_polling_mode
 *fill*         0x08004b78        0x8 
 .text.can_set_tx_mode
                0x08004b80       0x28 build/Modules/Drivers/Comms/CAN/src/can.o
                0x08004b80                can_set_tx_mode
 *fill*         0x08004ba8        0x8 
 .text.can_set_dmu_mode
                0x08004bb0       0x28 build/Modules/Drivers/Comms/CAN/src/can.o
                0x08004bb0                can_set_dmu_mode
 *fill*         0x08004bd8        0x8 
 .text.can_set_cb
                0x08004be0       0x20 build/Modules/Drivers/Comms/CAN/src/can.o
                0x08004be0                can_set_cb
 .text.can_set_err_cb
                0x08004c00       0x20 build/Modules/Drivers/Comms/CAN/src/can.o
                0x08004c00                can_set_err_cb
 .text.can_start
                0x08004c20       0x88 build/Modules/Drivers/Comms/CAN/src/can.o
                0x08004c20                can_start
 *fill*         0x08004ca8        0x8 
 .text.__can_serve_interrupt
                0x08004cb0      0x584 build/Modules/Drivers/Comms/CAN/src/can.o
                0x08004cb0                __can_serve_interrupt
 *fill*         0x08005234        0xc 
 .text.__can_serve_dmu_interrupt
                0x08005240       0x64 build/Modules/Drivers/Comms/CAN/src/can.o
                0x08005240                __can_serve_dmu_interrupt
 *fill*         0x080052a4        0xc 
 .text.can_dev_get_reg_ptr
                0x080052b0       0x58 build/Modules/Drivers/Comms/CAN/src/sr5e1/can_dev.o
                0x080052b0                can_dev_get_reg_ptr
 *fill*         0x08005308        0x8 
 .text.can_dev_get_clock
                0x08005310       0x10 build/Modules/Drivers/Comms/CAN/src/sr5e1/can_dev.o
                0x08005310                can_dev_get_clock
 .text.can_dev_clock_enable
                0x08005320      0x34c build/Modules/Drivers/Comms/CAN/src/sr5e1/can_dev.o
                0x08005320                can_dev_clock_enable
 *fill*         0x0800566c        0x4 
 .text.can_dev_get_dma_tx_trigger
                0x08005670       0x48 build/Modules/Drivers/Comms/CAN/src/sr5e1/can_dev.o
                0x08005670                can_dev_get_dma_tx_trigger
 *fill*         0x080056b8        0x8 
 .text.can_dev_get_dma_rx0_trigger
                0x080056c0       0x48 build/Modules/Drivers/Comms/CAN/src/sr5e1/can_dev.o
                0x080056c0                can_dev_get_dma_rx0_trigger
 *fill*         0x08005708        0x8 
 .text.can_dev_get_dma_rx1_trigger
                0x08005710       0x48 build/Modules/Drivers/Comms/CAN/src/sr5e1/can_dev.o
                0x08005710                can_dev_get_dma_rx1_trigger
 *fill*         0x08005758        0x8 
 .text.can_dev_get_line0_vector
                0x08005760       0x50 build/Modules/Drivers/Comms/CAN/src/sr5e1/can_dev.o
                0x08005760                can_dev_get_line0_vector
 .text.can_dev_get_line1_vector
                0x080057b0       0x50 build/Modules/Drivers/Comms/CAN/src/sr5e1/can_dev.o
                0x080057b0                can_dev_get_line1_vector
 .text.can_dev_get_dmu_vector
                0x08005800       0x50 build/Modules/Drivers/Comms/CAN/src/sr5e1/can_dev.o
                0x08005800                can_dev_get_dmu_vector
 .text.can_dev_get_msg_ram_address
                0x08005850       0x10 build/Modules/Drivers/Comms/CAN/src/sr5e1/can_dev.o
                0x08005850                can_dev_get_msg_ram_address
 .text.can_dev_get_msg_ram_size
                0x08005860       0x10 build/Modules/Drivers/Comms/CAN/src/sr5e1/can_dev.o
                0x08005860                can_dev_get_msg_ram_size
 .text.can_dev_get_ram_start
                0x08005870       0x68 build/Modules/Drivers/Comms/CAN/src/sr5e1/can_dev.o
                0x08005870                can_dev_get_ram_start
 *fill*         0x080058d8        0x8 
 .text.can_dev_get_ram_size
                0x080058e0       0x18 build/Modules/Drivers/Comms/CAN/src/sr5e1/can_dev.o
                0x080058e0                can_dev_get_ram_size
 *fill*         0x080058f8        0x8 
 .text.Vector190
                0x08005900       0x14 build/Modules/Drivers/Comms/CAN/src/sr5e1/can_dev.o
                0x08005900                Vector190
 *fill*         0x08005914        0xc 
 .text.Vector194
                0x08005920       0x14 build/Modules/Drivers/Comms/CAN/src/sr5e1/can_dev.o
                0x08005920                Vector194
 *fill*         0x08005934        0xc 
 .text.Vector198
                0x08005940       0x10 build/Modules/Drivers/Comms/CAN/src/sr5e1/can_dev.o
                0x08005940                Vector198
 .text.Vector19C
                0x08005950       0x14 build/Modules/Drivers/Comms/CAN/src/sr5e1/can_dev.o
                0x08005950                Vector19C
 *fill*         0x08005964        0xc 
 .text.Vector1A0
                0x08005970       0x14 build/Modules/Drivers/Comms/CAN/src/sr5e1/can_dev.o
                0x08005970                Vector1A0
 *fill*         0x08005984        0xc 
 .text.Vector1A4
                0x08005990       0x10 build/Modules/Drivers/Comms/CAN/src/sr5e1/can_dev.o
                0x08005990                Vector1A4
 .text.Vector1A8
                0x080059a0       0x14 build/Modules/Drivers/Comms/CAN/src/sr5e1/can_dev.o
                0x080059a0                Vector1A8
 *fill*         0x080059b4        0xc 
 .text.Vector1AC
                0x080059c0       0x14 build/Modules/Drivers/Comms/CAN/src/sr5e1/can_dev.o
                0x080059c0                Vector1AC
 *fill*         0x080059d4        0xc 
 .text.Vector1B0
                0x080059e0       0x10 build/Modules/Drivers/Comms/CAN/src/sr5e1/can_dev.o
                0x080059e0                Vector1B0
 .text.Vector1B4
                0x080059f0       0x14 build/Modules/Drivers/Comms/CAN/src/sr5e1/can_dev.o
                0x080059f0                Vector1B4
 *fill*         0x08005a04        0xc 
 .text.Vector1B8
                0x08005a10       0x14 build/Modules/Drivers/Comms/CAN/src/sr5e1/can_dev.o
                0x08005a10                Vector1B8
 *fill*         0x08005a24        0xc 
 .text.Vector1BC
                0x08005a30       0x10 build/Modules/Drivers/Comms/CAN/src/sr5e1/can_dev.o
                0x08005a30                Vector1BC
 .text.__NVIC_EnableIRQ
                0x08005a40       0x34 build/Modules/Drivers/Comms/SPI/src/spi.o
 *fill*         0x08005a74        0xc 
 .text.__NVIC_SetPriority
                0x08005a80       0x50 build/Modules/Drivers/Comms/SPI/src/spi.o
 .text.gpio_set_pin
                0x08005ad0       0x4c build/Modules/Drivers/Comms/SPI/src/spi.o
 *fill*         0x08005b1c        0x4 
 .text.irq_enable
                0x08005b20       0x1c build/Modules/Drivers/Comms/SPI/src/spi.o
 *fill*         0x08005b3c        0x4 
 .text.irq_set_priority
                0x08005b40       0x20 build/Modules/Drivers/Comms/SPI/src/spi.o
 .text.dma_stream_set_peripheral
                0x08005b60       0x14 build/Modules/Drivers/Comms/SPI/src/spi.o
 *fill*         0x08005b74        0xc 
 .text.dma_stream_clear_interrupts
                0x08005b80       0x48 build/Modules/Drivers/Comms/SPI/src/spi.o
 *fill*         0x08005bc8        0x8 
 .text.dma_stream_set_trigger
                0x08005bd0       0x14 build/Modules/Drivers/Comms/SPI/src/spi.o
 *fill*         0x08005be4        0xc 
 .text.spi_reset_paramters
                0x08005bf0       0xc8 build/Modules/Drivers/Comms/SPI/src/spi.o
 *fill*         0x08005cb8        0x8 
 .text.spi_dma_callback
                0x08005cc0       0x7c build/Modules/Drivers/Comms/SPI/src/spi.o
 *fill*         0x08005d3c        0x4 
 .text.spi_init
                0x08005d40       0x2c build/Modules/Drivers/Comms/SPI/src/spi.o
                0x08005d40                spi_init
 *fill*         0x08005d6c        0x4 
 .text.spi_set_prio
                0x08005d70       0x1c build/Modules/Drivers/Comms/SPI/src/spi.o
                0x08005d70                spi_set_prio
 *fill*         0x08005d8c        0x4 
 .text.spi_set_drv_mode
                0x08005d90       0x28 build/Modules/Drivers/Comms/SPI/src/spi.o
                0x08005d90                spi_set_drv_mode
 *fill*         0x08005db8        0x8 
 .text.spi_set_dma_conf
                0x08005dc0       0x1c build/Modules/Drivers/Comms/SPI/src/spi.o
                0x08005dc0                spi_set_dma_conf
 *fill*         0x08005ddc        0x4 
 .text.spi_set_mode
                0x08005de0       0x28 build/Modules/Drivers/Comms/SPI/src/spi.o
                0x08005de0                spi_set_mode
 *fill*         0x08005e08        0x8 
 .text.spi_set_baud
                0x08005e10       0x28 build/Modules/Drivers/Comms/SPI/src/spi.o
                0x08005e10                spi_set_baud
 *fill*         0x08005e38        0x8 
 .text.spi_set_cpha
                0x08005e40       0x28 build/Modules/Drivers/Comms/SPI/src/spi.o
                0x08005e40                spi_set_cpha
 *fill*         0x08005e68        0x8 
 .text.spi_set_cpol
                0x08005e70       0x28 build/Modules/Drivers/Comms/SPI/src/spi.o
                0x08005e70                spi_set_cpol
 *fill*         0x08005e98        0x8 
 .text.spi_set_fformat
                0x08005ea0       0x28 build/Modules/Drivers/Comms/SPI/src/spi.o
                0x08005ea0                spi_set_fformat
 *fill*         0x08005ec8        0x8 
 .text.spi_set_fsize
                0x08005ed0       0x28 build/Modules/Drivers/Comms/SPI/src/spi.o
                0x08005ed0                spi_set_fsize
 *fill*         0x08005ef8        0x8 
 .text.spi_set_nss_mode
                0x08005f00       0x28 build/Modules/Drivers/Comms/SPI/src/spi.o
                0x08005f00                spi_set_nss_mode
 *fill*         0x08005f28        0x8 
 .text.spi_set_nss_gpio
                0x08005f30       0x38 build/Modules/Drivers/Comms/SPI/src/spi.o
                0x08005f30                spi_set_nss_gpio
 *fill*         0x08005f68        0x8 
 .text.spi_set_cb
                0x08005f70       0x34 build/Modules/Drivers/Comms/SPI/src/spi.o
                0x08005f70                spi_set_cb
 *fill*         0x08005fa4        0xc 
 .text.spi_start
                0x08005fb0      0x1e0 build/Modules/Drivers/Comms/SPI/src/spi.o
                0x08005fb0                spi_start
 .text.__spi_serve_interrupt
                0x08006190      0x1c8 build/Modules/Drivers/Comms/SPI/src/spi.o
                0x08006190                __spi_serve_interrupt
 *fill*         0x08006358        0x8 
 .text.spi_dev_get_reg_ptr
                0x08006360       0x58 build/Modules/Drivers/Comms/SPI/src/sr5e1/spi_dev.o
                0x08006360                spi_dev_get_reg_ptr
 *fill*         0x080063b8        0x8 
 .text.spi_dev_get_clock
                0x080063c0       0x50 build/Modules/Drivers/Comms/SPI/src/sr5e1/spi_dev.o
                0x080063c0                spi_dev_get_clock
 .text.spi_dev_clock_enable
                0x08006410      0x270 build/Modules/Drivers/Comms/SPI/src/sr5e1/spi_dev.o
                0x08006410                spi_dev_clock_enable
 .text.spi_dev_get_dma_tx_trigger
                0x08006680       0x48 build/Modules/Drivers/Comms/SPI/src/sr5e1/spi_dev.o
                0x08006680                spi_dev_get_dma_tx_trigger
 *fill*         0x080066c8        0x8 
 .text.spi_dev_get_dma_rx_trigger
                0x080066d0       0x48 build/Modules/Drivers/Comms/SPI/src/sr5e1/spi_dev.o
                0x080066d0                spi_dev_get_dma_rx_trigger
 *fill*         0x08006718        0x8 
 .text.spi_dev_get_vector
                0x08006720       0x50 build/Modules/Drivers/Comms/SPI/src/sr5e1/spi_dev.o
                0x08006720                spi_dev_get_vector
 .text.VectorCC
                0x08006770       0x10 build/Modules/Drivers/Comms/SPI/src/sr5e1/spi_dev.o
                0x08006770                VectorCC
 .text.VectorD0
                0x08006780       0x10 build/Modules/Drivers/Comms/SPI/src/sr5e1/spi_dev.o
                0x08006780                VectorD0
 .text.Vector10C
                0x08006790       0x10 build/Modules/Drivers/Comms/SPI/src/sr5e1/spi_dev.o
                0x08006790                Vector10C
 .text.Vector110
                0x080067a0       0x10 build/Modules/Drivers/Comms/SPI/src/sr5e1/spi_dev.o
                0x080067a0                Vector110
 .text.__NVIC_SetPriority
                0x080067b0       0x50 build/Modules/OS/OSAL/src/osal.o
 .text.SysTick_Config
                0x08006800       0x40 build/Modules/OS/OSAL/src/osal.o
 .text.osal_inc_tick
                0x08006840       0x14 build/Modules/OS/OSAL/src/osal.o
                0x08006840                osal_inc_tick
 *fill*         0x08006854        0xc 
 .text.osal_init_systick
                0x08006860       0x58 build/Modules/OS/OSAL/src/osal.o
 *fill*         0x080068b8        0x8 
 .text.osal_init
                0x080068c0       0x1c build/Modules/OS/OSAL/src/osal.o
                0x080068c0                osal_init
 *fill*         0x080068dc        0x4 
 .text.ErrorHook
                0x080068e0        0xc build/Modules/OS/OSAL/src/Os_Cfg.o
                0x080068e0                ErrorHook
 *fill*         0x080068ec        0x4 
 .text.ActivateTask
                0x080068f0      0x210 build/Modules/OS/OSAL/src/ActivateTask.o
                0x080068f0                ActivateTask
 .text.ReturnHook_Arch
                0x08006b00        0x4 build/Modules/OS/OSAL/src/Os_Internal_Arch.o
                0x08006b00                ReturnHook_Arch
 *fill*         0x08006b04        0xc 
 .text.CheckTerminatingTask_Arch
                0x08006b10       0x24 build/Modules/OS/OSAL/src/Os_Internal_Arch.o
                0x08006b10                CheckTerminatingTask_Arch
 *fill*         0x08006b34        0xc 
 .text.InitStack_Arch
                0x08006b40       0xd0 build/Modules/OS/OSAL/src/Os_Internal_Arch.o
                0x08006b40                InitStack_Arch
 .text.SysTick_Handler
                0x08006c10       0xac build/Modules/OS/OSAL/src/Os_Internal_Arch.o
                0x08006c10                SysTick_Handler
 *fill*         0x08006cbc        0x4 
 .text.Enable_User_ISRs
                0x08006cc0        0x4 build/Modules/OS/OSAL/src/Os_Internal_Arch_Cfg.o
                0x08006cc0                Enable_User_ISRs
 *fill*         0x08006cc4        0xc 
 .text.AddReady
                0x08006cd0       0xd4 build/Modules/OS/OSAL/src/Os_Internal.o
                0x08006cd0                AddReady
 *fill*         0x08006da4        0xc 
 .text.RemoveTask
                0x08006db0       0xac build/Modules/OS/OSAL/src/Os_Internal.o
                0x08006db0                RemoveTask
 *fill*         0x08006e5c        0x4 
 .text.GetNextTask
                0x08006e60       0x70 build/Modules/OS/OSAL/src/Os_Internal.o
                0x08006e60                GetNextTask
 .text.IncrementAlarm
                0x08006ed0      0x27c build/Modules/OS/OSAL/src/Os_Internal.o
                0x08006ed0                IncrementAlarm
 *fill*         0x0800714c        0x4 
 .text.IncrementCounter
                0x08007150      0x104 build/Modules/OS/OSAL/src/Os_Internal.o
                0x08007150                IncrementCounter
 *fill*         0x08007254        0xc 
 .text.Schedule
                0x08007260      0x314 build/Modules/OS/OSAL/src/Schedule.o
                0x08007260                Schedule
 *fill*         0x08007574        0xc 
 .text.SetEvent
                0x08007580      0x2a4 build/Modules/OS/OSAL/src/SetEvent.o
                0x08007580                SetEvent
 *fill*         0x08007824        0xc 
 .text.SetRelAlarm
                0x08007830      0x1bc build/Modules/OS/OSAL/src/SetRelAlarm.o
                0x08007830                SetRelAlarm
 *fill*         0x080079ec        0x4 
 .text.ShutdownOS
                0x080079f0        0xc build/Modules/OS/OSAL/src/ShutdownOS.o
                0x080079f0                ShutdownOS
 *fill*         0x080079fc        0x4 
 .text.__NVIC_SetPriority
                0x08007a00       0x50 build/Modules/OS/OSAL/src/StartOs_Arch_SysTick.o
 .text.StartOs_Arch_SysTick
                0x08007a50       0x24 build/Modules/OS/OSAL/src/StartOs_Arch_SysTick.o
                0x08007a50                StartOs_Arch_SysTick
 *fill*         0x08007a74        0xc 
 .text.StartOs_Arch_Cpu
                0x08007a80       0x10 build/Modules/OS/OSAL/src/StartOs_Arch.o
                0x08007a80                StartOs_Arch_Cpu
 .text.StartOs_Arch
                0x08007a90       0x2c build/Modules/OS/OSAL/src/StartOs_Arch.o
                0x08007a90                StartOs_Arch
 *fill*         0x08007abc        0x4 
 .text.StartOS  0x08007ac0       0xd4 build/Modules/OS/OSAL/src/StartOS.o
                0x08007ac0                StartOS
 *fill*         0x08007b94        0xc 
 .text.TerminateTask
                0x08007ba0      0x14c build/Modules/OS/OSAL/src/TerminateTask.o
                0x08007ba0                TerminateTask
 *fill*         0x08007cec        0x4 
 .text.memset   0x08007cf0       0xa4 d:/project/9388/e1/2023_7_27/sr5e1_l9388_freeosek/tools/toolchain/arm/mingw64_nt/10.3-2021.10/bin/../lib/gcc/arm-none-eabi/10.3.1/../../../../arm-none-eabi/lib/thumb/v7e-m+dp/hard\libg.a(lib_a-memset.o)
                0x08007cf0                memset
 *fill*         0x08007d94        0xc 
 .text.memset.__stub
                0x08007da0        0x8 linker stubs
 *(.rodata)
 *(.rodata.*)
 *fill*         0x08007da8        0x8 
 .rodata.dma_descriptors
                0x08007db0      0x180 build/Modules/Drivers/System/DMA/src/dma.o
 .rodata.OSEK_ALARMLIST_HardwareCounter
                0x08007f30        0x4 build/Modules/OS/OSAL/src/Os_Internal_Cfg.o
                0x08007f30                OSEK_ALARMLIST_HardwareCounter
 *fill*         0x08007f34        0xc 
 .rodata.TasksConst
                0x08007f40       0xa8 build/Modules/OS/OSAL/src/Os_Internal_Cfg.o
                0x08007f40                TasksConst
 *fill*         0x08007fe8        0x8 
 .rodata.TasksAppModeAppMode1
                0x08007ff0        0x1 build/Modules/OS/OSAL/src/Os_Internal_Cfg.o
                0x08007ff0                TasksAppModeAppMode1
 *fill*         0x08007ff1        0xf 
 .rodata.AutoStart
                0x08008000        0x8 build/Modules/OS/OSAL/src/Os_Internal_Cfg.o
                0x08008000                AutoStart
 *fill*         0x08008008        0x8 
 .rodata.ReadyConst
                0x08008010       0x18 build/Modules/OS/OSAL/src/Os_Internal_Cfg.o
                0x08008010                ReadyConst
 *fill*         0x08008028        0x8 
 .rodata.AlarmsConst
                0x08008030       0x50 build/Modules/OS/OSAL/src/Os_Internal_Cfg.o
                0x08008030                AlarmsConst
 .rodata.CountersConst
                0x08008080       0x14 build/Modules/OS/OSAL/src/Os_Internal_Cfg.o
                0x08008080                CountersConst
 *(.glue_7t)
 .glue_7t       0x08008094        0x0 linker stubs
 *(.glue_7)
 .glue_7        0x08008094        0x0 linker stubs
 *(.gcc*)

.vfp11_veneer   0x08008094        0x0
 .vfp11_veneer  0x08008094        0x0 linker stubs

.v4_bx          0x08008094        0x0
 .v4_bx         0x08008094        0x0 linker stubs

.iplt           0x08008094        0x0
 .iplt          0x08008094        0x0 build/./common/src/test_env.o

.rel.dyn        0x08008094        0x0
 .rel.iplt      0x08008094        0x0 build/./common/src/test_env.o

.ARM.extab
 *(.ARM.extab* .gnu.linkonce.armextab.*)

.ARM.exidx      0x08008094        0x0
                [!provide]                PROVIDE (__exidx_start = .)
 *(.ARM.exidx* .gnu.linkonce.armexidx.*)
                [!provide]                PROVIDE (__exidx_end = .)

.eh_frame_hdr
 *(.eh_frame_hdr)

.eh_frame
 *(.eh_frame)

.itcm           0x00000000       0x1c load address 0x080080a0
                0x00000000                __itcm__ = .
 .itcm          0x00000000       0x1c build/Modules/Platform/Clock/src/sr5e1/clock.o
                0x00000000                __itcm_start__ = ORIGIN (core1_itcm_dir)
                0x00008000                __itcm_len__ = LENGTH (core1_itcm_dir)
                0x00008000                __itcm_end__ = (__itcm_start__ + __itcm_len__)
                0x0000001c                __itcm_size__ = SIZEOF (.itcm)
                0x080080a0                __itcm_load__ = LOADADDR (.itcm)

.dtcm           0x20000000        0x0 load address 0x080080bc
                0x20000000                __dtcm__ = .
                0x20000000                __dtcm_start__ = ORIGIN (core1_dtcm_dir)
                0x00010000                __dtcm_len__ = LENGTH (core1_dtcm_dir)
                0x20010000                __dtcm_end__ = (__dtcm_start__ + __dtcm_len__)
                0x00000000                __dtcm_size__ = SIZEOF (.dtcm)
                0x080080bc                __dtcm_load__ = LOADADDR (.dtcm)

.data           0x24000000        0xc load address 0x080080bc
                0x24000000                . = ALIGN (0x4)
                0x24000000                PROVIDE (__data_start__ = .)
 *(.data)
 *(.data.*)
 .data.SystemCoreClock
                0x24000000        0x4 build/Modules/Platform/Clock/src/sr5e1/clock.o
                0x24000000                SystemCoreClock
 .data.TerminatingTask
                0x24000004        0x1 build/Modules/OS/OSAL/src/Os_Internal_Arch.o
                0x24000004                TerminatingTask
 .data.WaitingTask
                0x24000005        0x1 build/Modules/OS/OSAL/src/Os_Internal_Arch.o
                0x24000005                WaitingTask
 *fill*         0x24000006        0x2 
 .data.CounterIncrement.0
                0x24000008        0x4 build/Modules/OS/OSAL/src/Os_Internal_Arch.o
 *(.gnu.linkonce.d.*)
                0x2400000c                PROVIDE (__data_end__ = .)
                0x0000000c                __data_size__ = SIZEOF (.data)
                0x080080bc                __data_load__ = LOADADDR (.data)

.igot.plt       0x2400000c        0x0 load address 0x080080c8
 .igot.plt      0x2400000c        0x0 build/./common/src/test_env.o

.bss            0x2400000c     0x3456 load address 0x080080c8
                0x24000010                . = ALIGN (0x8)
 *fill*         0x2400000c        0x4 
                [!provide]                PROVIDE (__bss_start__ = .)
 *(.bss)
 *(.bss.*)
 .bss.rx_frame  0x24000010        0x8 build/src/CAN_Init/CAN_LLD_Init.o
                0x24000010                rx_frame
 .bss.i.0       0x24000018        0x1 build/src/CAN_Init/CAN_LLD_Init.o
 .bss.spi_master_completed
                0x24000019        0x1 build/src/SPI_Init/SPI_LLD_Init.o
                0x24000019                spi_master_completed
 *fill*         0x2400001a        0x2 
 .bss.dma       0x2400001c       0x84 build/Modules/Drivers/System/DMA/src/dma.o
 .bss.dmu_rx0_data
                0x240000a0       0x10 build/Modules/Drivers/Comms/CAN/src/can.o
 .bss.dmu_rx1_data
                0x240000b0       0x10 build/Modules/Drivers/Comms/CAN/src/can.o
 .bss.DRV_CAN1  0x240000c0      0x958 build/Modules/Drivers/Comms/CAN/src/sr5e1/can_instances.o
                0x240000c0                DRV_CAN1
 .bss.DRV_CAN2  0x24000a18      0x958 build/Modules/Drivers/Comms/CAN/src/sr5e1/can_instances.o
                0x24000a18                DRV_CAN2
 .bss.DRV_CAN3  0x24001370      0x958 build/Modules/Drivers/Comms/CAN/src/sr5e1/can_instances.o
                0x24001370                DRV_CAN3
 .bss.DRV_CAN4  0x24001cc8      0x958 build/Modules/Drivers/Comms/CAN/src/sr5e1/can_instances.o
                0x24001cc8                DRV_CAN4
 .bss.can_enabled
                0x24002620        0x1 build/Modules/Drivers/Comms/CAN/src/sr5e1/can_dev.o
 *fill*         0x24002621        0x3 
 .bss.blackhole
                0x24002624        0x4 build/Modules/Drivers/Comms/SPI/src/spi.o
 .bss.tx_pattern
                0x24002628        0x4 build/Modules/Drivers/Comms/SPI/src/spi.o
 .bss.DRV_SPI1  0x2400262c       0x4c build/Modules/Drivers/Comms/SPI/src/sr5e1/spi_instances.o
                0x2400262c                DRV_SPI1
 .bss.DRV_SPI2  0x24002678       0x4c build/Modules/Drivers/Comms/SPI/src/sr5e1/spi_instances.o
                0x24002678                DRV_SPI2
 .bss.DRV_SPI3  0x240026c4       0x4c build/Modules/Drivers/Comms/SPI/src/sr5e1/spi_instances.o
                0x240026c4                DRV_SPI3
 .bss.DRV_SPI4  0x24002710       0x4c build/Modules/Drivers/Comms/SPI/src/sr5e1/spi_instances.o
                0x24002710                DRV_SPI4
 .bss.osal_tick_cnt
                0x2400275c        0x4 build/Modules/OS/OSAL/src/osal.o
                0x2400275c                osal_tick_cnt
 .bss.osal_ticks_per_sec
                0x24002760        0x4 build/Modules/OS/OSAL/src/osal.o
 .bss.SuspendAllInterrupts_Counter
                0x24002764        0x1 build/Modules/OS/OSAL/src/Os.o
                0x24002764                SuspendAllInterrupts_Counter
 *fill*         0x24002765        0x3 
 .bss.Osek_ErrorApi
                0x24002768        0x4 build/Modules/OS/OSAL/src/Os_Cfg.o
                0x24002768                Osek_ErrorApi
 .bss.Osek_ErrorParam1
                0x2400276c        0x4 build/Modules/OS/OSAL/src/Os_Cfg.o
                0x2400276c                Osek_ErrorParam1
 .bss.Osek_ErrorParam2
                0x24002770        0x4 build/Modules/OS/OSAL/src/Os_Cfg.o
                0x24002770                Osek_ErrorParam2
 .bss.Osek_ErrorParam3
                0x24002774        0x4 build/Modules/OS/OSAL/src/Os_Cfg.o
                0x24002774                Osek_ErrorParam3
 .bss.Osek_ErrorRet
                0x24002778        0x4 build/Modules/OS/OSAL/src/Os_Cfg.o
                0x24002778                Osek_ErrorRet
 .bss.Osek_NewTaskPtr_Arch
                0x2400277c        0x4 build/Modules/OS/OSAL/src/Os_Internal_Arch.o
                0x2400277c                Osek_NewTaskPtr_Arch
 .bss.Osek_OldTaskPtr_Arch
                0x24002780        0x4 build/Modules/OS/OSAL/src/Os_Internal_Arch.o
                0x24002780                Osek_OldTaskPtr_Arch
 .bss.RunningTask
                0x24002784        0x1 build/Modules/OS/OSAL/src/Os_Internal.o
                0x24002784                RunningTask
 .bss.ActualContext
                0x24002785        0x1 build/Modules/OS/OSAL/src/Os_Internal.o
                0x24002785                ActualContext
 *fill*         0x24002786        0x2 
 .bss.StackTaskTaskInit
                0x24002788      0x200 build/Modules/OS/OSAL/src/Os_Internal_Cfg.o
                0x24002788                StackTaskTaskInit
 .bss.StackTaskTaskBlink
                0x24002988      0x200 build/Modules/OS/OSAL/src/Os_Internal_Cfg.o
                0x24002988                StackTaskTaskBlink
 .bss.StackTaskTaskPeriodic
                0x24002b88      0x200 build/Modules/OS/OSAL/src/Os_Internal_Cfg.o
                0x24002b88                StackTaskTaskPeriodic
 .bss.StackTaskTaskBackground
                0x24002d88      0x200 build/Modules/OS/OSAL/src/Os_Internal_Cfg.o
                0x24002d88                StackTaskTaskBackground
 .bss.StackTaskTaskPeriodic_10ms
                0x24002f88      0x200 build/Modules/OS/OSAL/src/Os_Internal_Cfg.o
                0x24002f88                StackTaskTaskPeriodic_10ms
 .bss.StackTaskTaskPeriodic_1ms
                0x24003188      0x200 build/Modules/OS/OSAL/src/Os_Internal_Cfg.o
                0x24003188                StackTaskTaskPeriodic_1ms
 .bss.ContextTaskTaskInit
                0x24003388        0x4 build/Modules/OS/OSAL/src/Os_Internal_Cfg.o
                0x24003388                ContextTaskTaskInit
 .bss.ContextTaskTaskBlink
                0x2400338c        0x4 build/Modules/OS/OSAL/src/Os_Internal_Cfg.o
                0x2400338c                ContextTaskTaskBlink
 .bss.ContextTaskTaskPeriodic
                0x24003390        0x4 build/Modules/OS/OSAL/src/Os_Internal_Cfg.o
                0x24003390                ContextTaskTaskPeriodic
 .bss.ContextTaskTaskBackground
                0x24003394        0x4 build/Modules/OS/OSAL/src/Os_Internal_Cfg.o
                0x24003394                ContextTaskTaskBackground
 .bss.ContextTaskTaskPeriodic_10ms
                0x24003398        0x4 build/Modules/OS/OSAL/src/Os_Internal_Cfg.o
                0x24003398                ContextTaskTaskPeriodic_10ms
 .bss.ContextTaskTaskPeriodic_1ms
                0x2400339c        0x4 build/Modules/OS/OSAL/src/Os_Internal_Cfg.o
                0x2400339c                ContextTaskTaskPeriodic_1ms
 .bss.ReadyList2
                0x240033a0        0x3 build/Modules/OS/OSAL/src/Os_Internal_Cfg.o
                0x240033a0                ReadyList2
 *fill*         0x240033a3        0x1 
 .bss.ReadyList1
                0x240033a4        0x1 build/Modules/OS/OSAL/src/Os_Internal_Cfg.o
                0x240033a4                ReadyList1
 *fill*         0x240033a5        0x3 
 .bss.ReadyList0
                0x240033a8        0x2 build/Modules/OS/OSAL/src/Os_Internal_Cfg.o
                0x240033a8                ReadyList0
 *fill*         0x240033aa        0x2 
 .bss.TasksVar  0x240033ac       0x78 build/Modules/OS/OSAL/src/Os_Internal_Cfg.o
                0x240033ac                TasksVar
 .bss.ReadyVar  0x24003424        0x6 build/Modules/OS/OSAL/src/Os_Internal_Cfg.o
                0x24003424                ReadyVar
 *fill*         0x2400342a        0x2 
 .bss.AlarmsVar
                0x2400342c       0x30 build/Modules/OS/OSAL/src/Os_Internal_Cfg.o
                0x2400342c                AlarmsVar
 .bss.CountersVar
                0x2400345c        0x4 build/Modules/OS/OSAL/src/Os_Internal_Cfg.o
                0x2400345c                CountersVar
 .bss.ApplicationMode
                0x24003460        0x1 build/Modules/OS/OSAL/src/Os_Internal_Cfg.o
                0x24003460                ApplicationMode
 .bss.ErrorHookRunning
                0x24003461        0x1 build/Modules/OS/OSAL/src/Os_Internal_Cfg.o
                0x24003461                ErrorHookRunning
 *(.gnu.linkonce.b.*)
 *(COMMON)
                [!provide]                PROVIDE (__bss_end__ = .)

.mstack         0x24003462     0x1006 load address 0x080080c8
                0x24003468                . = ALIGN (0x8)
 *fill*         0x24003462        0x6 
                0x24003468                __main_stack_base__ = .
                0x24004468                . = (. + 0x1000)
 *fill*         0x24003468     0x1000 
                0x24004468                . = ALIGN (0x8)
                0x24004468                __main_stack_end__ = .

.pstack         0x24004468     0x1000 load address 0x080080c8
                0x24004468                __process_stack_base__ = .
                0x24004468                __main_thread_stack_base__ = .
                0x24005468                . = (. + 0x1000)
 *fill*         0x24004468     0x1000 
                0x24005468                . = ALIGN (0x8)
                0x24005468                __process_stack_end__ = .
                0x24005468                __main_thread_stack_end__ = .
                0x24005470                . = ALIGN (0x10)
                0x24005470                __heap_base__ = .
                0x24020000                __heap_end__ = (ORIGIN (core1_ram) + LENGTH (core1_ram))
                0x24020000                end = __heap_end__
                0x24000000                __mem_start__ = ORIGIN (core1_ram)
                0x24020000                __mem_end__ = __heap_end__
LOAD build/./common/src/test_env.o
LOAD build/src/CAN_Init/CAN_LLD_Init.o
LOAD build/src/SPI_Init/SPI_LLD_Init.o
LOAD build/src/main.o
LOAD build/CDD/CDD_L9388/src/CDD_L9388_LLD.o
LOAD build/CDD/CDD_L9388/src/CDD_L9388_Drv.o
LOAD build/CDD/CDD_L9388/src/CDD_L9388_IF.o
LOAD build/Modules/Boot/src/crt1.o
LOAD build/Modules/Platform/Clock/src/sr5e1/clock.o
LOAD build/Modules/Platform/IRQ/src/sr5e1/irq.o
LOAD build/Modules/Drivers/System/DMA/src/dma.o
LOAD build/Modules/Drivers/System/GPIO/src/gpio.o
LOAD build/Modules/Drivers/System/GPIO/src/sr5e1/gpio_dev.o
LOAD build/Modules/Drivers/Comms/CAN/src/can.o
LOAD build/Modules/Drivers/Comms/CAN/src/sr5e1/can_instances.o
LOAD build/Modules/Drivers/Comms/CAN/src/sr5e1/can_dev.o
LOAD build/Modules/Drivers/Comms/SPI/src/spi.o
LOAD build/Modules/Drivers/Comms/SPI/src/sr5e1/spi_instances.o
LOAD build/Modules/Drivers/Comms/SPI/src/sr5e1/spi_dev.o
LOAD build/Modules/OS/OSAL/src/osal.o
LOAD build/Modules/OS/OSAL/src/Os.o
LOAD build/Modules/OS/OSAL/src/Os_Cfg.o
LOAD build/Modules/OS/OSAL/src/ActivateTask.o
LOAD build/Modules/OS/OSAL/src/CancelAlarm.o
LOAD build/Modules/OS/OSAL/src/ChainTask.o
LOAD build/Modules/OS/OSAL/src/ClearEvent.o
LOAD build/Modules/OS/OSAL/src/GetActiveApplicationMode.o
LOAD build/Modules/OS/OSAL/src/GetAlarm.o
LOAD build/Modules/OS/OSAL/src/GetAlarmBase.o
LOAD build/Modules/OS/OSAL/src/GetEvent.o
LOAD build/Modules/OS/OSAL/src/GetResource.o
LOAD build/Modules/OS/OSAL/src/GetTaskID.o
LOAD build/Modules/OS/OSAL/src/GetTaskState.o
LOAD build/Modules/OS/OSAL/src/Os_Arch.o
LOAD build/Modules/OS/OSAL/src/Os_Internal_Arch.o
LOAD build/Modules/OS/OSAL/src/Os_Internal_Arch_Cfg.o
LOAD build/Modules/OS/OSAL/src/Os_Internal.o
LOAD build/Modules/OS/OSAL/src/Os_Internal_Cfg.o
LOAD build/Modules/OS/OSAL/src/ReleaseResource.o
LOAD build/Modules/OS/OSAL/src/Schedule.o
LOAD build/Modules/OS/OSAL/src/SetAbsAlarm.o
LOAD build/Modules/OS/OSAL/src/SetEvent.o
LOAD build/Modules/OS/OSAL/src/SetRelAlarm.o
LOAD build/Modules/OS/OSAL/src/ShutdownOS.o
LOAD build/Modules/OS/OSAL/src/StartOs_Arch_SysTick.o
LOAD build/Modules/OS/OSAL/src/StartOs_Arch.o
LOAD build/Modules/OS/OSAL/src/StartOS.o
LOAD build/Modules/OS/OSAL/src/TerminateTask.o
LOAD build/Modules/OS/OSAL/src/WaitEvent.o
LOAD build/Modules/Boot/src/GCC/crt0.o
LOAD build/Modules/Boot/src/GCC/vectors.o
START GROUP
LOAD d:/project/9388/e1/2023_7_27/sr5e1_l9388_freeosek/tools/toolchain/arm/mingw64_nt/10.3-2021.10/bin/../lib/gcc/arm-none-eabi/10.3.1/thumb/v7e-m+dp/hard\libgcc.a
LOAD d:/project/9388/e1/2023_7_27/sr5e1_l9388_freeosek/tools/toolchain/arm/mingw64_nt/10.3-2021.10/bin/../lib/gcc/arm-none-eabi/10.3.1/../../../../arm-none-eabi/lib/thumb/v7e-m+dp/hard\libg.a
LOAD d:/project/9388/e1/2023_7_27/sr5e1_l9388_freeosek/tools/toolchain/arm/mingw64_nt/10.3-2021.10/bin/../lib/gcc/arm-none-eabi/10.3.1/../../../../arm-none-eabi/lib/thumb/v7e-m+dp/hard\libc.a
END GROUP
START GROUP
LOAD d:/project/9388/e1/2023_7_27/sr5e1_l9388_freeosek/tools/toolchain/arm/mingw64_nt/10.3-2021.10/bin/../lib/gcc/arm-none-eabi/10.3.1/thumb/v7e-m+dp/hard\libgcc.a
LOAD d:/project/9388/e1/2023_7_27/sr5e1_l9388_freeosek/tools/toolchain/arm/mingw64_nt/10.3-2021.10/bin/../lib/gcc/arm-none-eabi/10.3.1/../../../../arm-none-eabi/lib/thumb/v7e-m+dp/hard\libc.a
LOAD d:/project/9388/e1/2023_7_27/sr5e1_l9388_freeosek/tools/toolchain/arm/mingw64_nt/10.3-2021.10/bin/../lib/gcc/arm-none-eabi/10.3.1/../../../../arm-none-eabi/lib/thumb/v7e-m+dp/hard\libnosys.a
END GROUP
OUTPUT(build/SR5E1_L9388_demo.elf elf32-littlearm)
LOAD linker stubs

.debug_info     0x00000000    0x124a7
 .debug_info    0x00000000      0x792 build/./common/src/test_env.o
 .debug_info    0x00000792      0x526 build/src/CAN_Init/CAN_LLD_Init.o
 .debug_info    0x00000cb8      0x9be build/src/SPI_Init/SPI_LLD_Init.o
 .debug_info    0x00001676      0xb7b build/src/main.o
 .debug_info    0x000021f1      0x53d build/Modules/Boot/src/crt1.o
 .debug_info    0x0000272e      0x8d3 build/Modules/Platform/Clock/src/sr5e1/clock.o
 .debug_info    0x00003001     0x15bf build/Modules/Drivers/System/DMA/src/dma.o
 .debug_info    0x000045c0       0x89 build/Modules/Drivers/System/GPIO/src/gpio.o
 .debug_info    0x00004649      0x68b build/Modules/Drivers/System/GPIO/src/sr5e1/gpio_dev.o
 .debug_info    0x00004cd4     0x2b99 build/Modules/Drivers/Comms/CAN/src/can.o
 .debug_info    0x0000786d     0x1226 build/Modules/Drivers/Comms/CAN/src/sr5e1/can_instances.o
 .debug_info    0x00008a93     0x1dcb build/Modules/Drivers/Comms/CAN/src/sr5e1/can_dev.o
 .debug_info    0x0000a85e     0x1a96 build/Modules/Drivers/Comms/SPI/src/spi.o
 .debug_info    0x0000c2f4      0xa0d build/Modules/Drivers/Comms/SPI/src/sr5e1/spi_instances.o
 .debug_info    0x0000cd01     0x1322 build/Modules/Drivers/Comms/SPI/src/sr5e1/spi_dev.o
 .debug_info    0x0000e023      0xbd3 build/Modules/OS/OSAL/src/osal.o
 .debug_info    0x0000ebf6       0xd3 build/Modules/OS/OSAL/src/Os.o
 .debug_info    0x0000ecc9      0x123 build/Modules/OS/OSAL/src/Os_Cfg.o
 .debug_info    0x0000edec      0x3b9 build/Modules/OS/OSAL/src/ActivateTask.o
 .debug_info    0x0000f1a5      0x401 build/Modules/OS/OSAL/src/Os_Internal_Arch.o
 .debug_info    0x0000f5a6      0x185 build/Modules/OS/OSAL/src/Os_Internal_Arch_Cfg.o
 .debug_info    0x0000f72b      0x8cb build/Modules/OS/OSAL/src/Os_Internal.o
 .debug_info    0x0000fff6      0x9e1 build/Modules/OS/OSAL/src/Os_Internal_Cfg.o
 .debug_info    0x000109d7      0x3ff build/Modules/OS/OSAL/src/Schedule.o
 .debug_info    0x00010dd6      0x3e3 build/Modules/OS/OSAL/src/SetEvent.o
 .debug_info    0x000111b9      0x3ec build/Modules/OS/OSAL/src/SetRelAlarm.o
 .debug_info    0x000115a5       0xad build/Modules/OS/OSAL/src/ShutdownOS.o
 .debug_info    0x00011652      0x8de build/Modules/OS/OSAL/src/StartOs_Arch_SysTick.o
 .debug_info    0x00011f30       0xd1 build/Modules/OS/OSAL/src/StartOs_Arch.o
 .debug_info    0x00012001      0x1de build/Modules/OS/OSAL/src/StartOS.o
 .debug_info    0x000121df      0x27c build/Modules/OS/OSAL/src/TerminateTask.o
 .debug_info    0x0001245b       0x26 build/Modules/Boot/src/GCC/crt0.o
 .debug_info    0x00012481       0x26 build/Modules/Boot/src/GCC/vectors.o

.debug_abbrev   0x00000000     0x2eb8
 .debug_abbrev  0x00000000      0x180 build/./common/src/test_env.o
 .debug_abbrev  0x00000180      0x1b5 build/src/CAN_Init/CAN_LLD_Init.o
 .debug_abbrev  0x00000335      0x1b9 build/src/SPI_Init/SPI_LLD_Init.o
 .debug_abbrev  0x000004ee      0x21e build/src/main.o
 .debug_abbrev  0x0000070c      0x146 build/Modules/Boot/src/crt1.o
 .debug_abbrev  0x00000852      0x182 build/Modules/Platform/Clock/src/sr5e1/clock.o
 .debug_abbrev  0x000009d4      0x341 build/Modules/Drivers/System/DMA/src/dma.o
 .debug_abbrev  0x00000d15       0x49 build/Modules/Drivers/System/GPIO/src/gpio.o
 .debug_abbrev  0x00000d5e      0x112 build/Modules/Drivers/System/GPIO/src/sr5e1/gpio_dev.o
 .debug_abbrev  0x00000e70      0x3c7 build/Modules/Drivers/Comms/CAN/src/can.o
 .debug_abbrev  0x00001237      0x1b4 build/Modules/Drivers/Comms/CAN/src/sr5e1/can_instances.o
 .debug_abbrev  0x000013eb      0x338 build/Modules/Drivers/Comms/CAN/src/sr5e1/can_dev.o
 .debug_abbrev  0x00001723      0x2d6 build/Modules/Drivers/Comms/SPI/src/spi.o
 .debug_abbrev  0x000019f9       0xfa build/Modules/Drivers/Comms/SPI/src/sr5e1/spi_instances.o
 .debug_abbrev  0x00001af3      0x25a build/Modules/Drivers/Comms/SPI/src/sr5e1/spi_dev.o
 .debug_abbrev  0x00001d4d      0x295 build/Modules/OS/OSAL/src/osal.o
 .debug_abbrev  0x00001fe2       0x5a build/Modules/OS/OSAL/src/Os.o
 .debug_abbrev  0x0000203c       0x6b build/Modules/OS/OSAL/src/Os_Cfg.o
 .debug_abbrev  0x000020a7      0x111 build/Modules/OS/OSAL/src/ActivateTask.o
 .debug_abbrev  0x000021b8      0x1a2 build/Modules/OS/OSAL/src/Os_Internal_Arch.o
 .debug_abbrev  0x0000235a       0x9f build/Modules/OS/OSAL/src/Os_Internal_Arch_Cfg.o
 .debug_abbrev  0x000023f9      0x21d build/Modules/OS/OSAL/src/Os_Internal.o
 .debug_abbrev  0x00002616      0x139 build/Modules/OS/OSAL/src/Os_Internal_Cfg.o
 .debug_abbrev  0x0000274f      0x121 build/Modules/OS/OSAL/src/Schedule.o
 .debug_abbrev  0x00002870      0x111 build/Modules/OS/OSAL/src/SetEvent.o
 .debug_abbrev  0x00002981      0x116 build/Modules/OS/OSAL/src/SetRelAlarm.o
 .debug_abbrev  0x00002a97       0x69 build/Modules/OS/OSAL/src/ShutdownOS.o
 .debug_abbrev  0x00002b00      0x131 build/Modules/OS/OSAL/src/StartOs_Arch_SysTick.o
 .debug_abbrev  0x00002c31       0x85 build/Modules/OS/OSAL/src/StartOs_Arch.o
 .debug_abbrev  0x00002cb6       0xf1 build/Modules/OS/OSAL/src/StartOS.o
 .debug_abbrev  0x00002da7       0xe9 build/Modules/OS/OSAL/src/TerminateTask.o
 .debug_abbrev  0x00002e90       0x14 build/Modules/Boot/src/GCC/crt0.o
 .debug_abbrev  0x00002ea4       0x14 build/Modules/Boot/src/GCC/vectors.o

.debug_aranges  0x00000000      0xbe0
 .debug_aranges
                0x00000000       0x78 build/./common/src/test_env.o
 .debug_aranges
                0x00000078       0x38 build/src/CAN_Init/CAN_LLD_Init.o
 .debug_aranges
                0x000000b0       0x88 build/src/SPI_Init/SPI_LLD_Init.o
 .debug_aranges
                0x00000138       0xc0 build/src/main.o
 .debug_aranges
                0x000001f8       0x38 build/Modules/Boot/src/crt1.o
 .debug_aranges
                0x00000230       0x28 build/Modules/Platform/Clock/src/sr5e1/clock.o
 .debug_aranges
                0x00000258       0xf0 build/Modules/Drivers/System/DMA/src/dma.o
 .debug_aranges
                0x00000348       0x20 build/Modules/Drivers/System/GPIO/src/gpio.o
 .debug_aranges
                0x00000368       0x28 build/Modules/Drivers/System/GPIO/src/sr5e1/gpio_dev.o
 .debug_aranges
                0x00000390      0x230 build/Modules/Drivers/Comms/CAN/src/can.o
 .debug_aranges
                0x000005c0       0x18 build/Modules/Drivers/Comms/CAN/src/sr5e1/can_instances.o
 .debug_aranges
                0x000005d8       0xe8 build/Modules/Drivers/Comms/CAN/src/sr5e1/can_dev.o
 .debug_aranges
                0x000006c0      0x158 build/Modules/Drivers/Comms/SPI/src/spi.o
 .debug_aranges
                0x00000818       0x18 build/Modules/Drivers/Comms/SPI/src/sr5e1/spi_instances.o
 .debug_aranges
                0x00000830       0x70 build/Modules/Drivers/Comms/SPI/src/sr5e1/spi_dev.o
 .debug_aranges
                0x000008a0       0x98 build/Modules/OS/OSAL/src/osal.o
 .debug_aranges
                0x00000938       0x18 build/Modules/OS/OSAL/src/Os.o
 .debug_aranges
                0x00000950       0x20 build/Modules/OS/OSAL/src/Os_Cfg.o
 .debug_aranges
                0x00000970       0x20 build/Modules/OS/OSAL/src/ActivateTask.o
 .debug_aranges
                0x00000990       0x38 build/Modules/OS/OSAL/src/Os_Internal_Arch.o
 .debug_aranges
                0x000009c8       0x68 build/Modules/OS/OSAL/src/Os_Internal_Arch_Cfg.o
 .debug_aranges
                0x00000a30       0x48 build/Modules/OS/OSAL/src/Os_Internal.o
 .debug_aranges
                0x00000a78       0x18 build/Modules/OS/OSAL/src/Os_Internal_Cfg.o
 .debug_aranges
                0x00000a90       0x20 build/Modules/OS/OSAL/src/Schedule.o
 .debug_aranges
                0x00000ab0       0x20 build/Modules/OS/OSAL/src/SetEvent.o
 .debug_aranges
                0x00000ad0       0x20 build/Modules/OS/OSAL/src/SetRelAlarm.o
 .debug_aranges
                0x00000af0       0x20 build/Modules/OS/OSAL/src/ShutdownOS.o
 .debug_aranges
                0x00000b10       0x28 build/Modules/OS/OSAL/src/StartOs_Arch_SysTick.o
 .debug_aranges
                0x00000b38       0x28 build/Modules/OS/OSAL/src/StartOs_Arch.o
 .debug_aranges
                0x00000b60       0x20 build/Modules/OS/OSAL/src/StartOS.o
 .debug_aranges
                0x00000b80       0x20 build/Modules/OS/OSAL/src/TerminateTask.o
 .debug_aranges
                0x00000ba0       0x20 build/Modules/Boot/src/GCC/crt0.o
 .debug_aranges
                0x00000bc0       0x20 build/Modules/Boot/src/GCC/vectors.o

.debug_ranges   0x00000000      0x990
 .debug_ranges  0x00000000       0x68 build/./common/src/test_env.o
 .debug_ranges  0x00000068       0x28 build/src/CAN_Init/CAN_LLD_Init.o
 .debug_ranges  0x00000090       0x78 build/src/SPI_Init/SPI_LLD_Init.o
 .debug_ranges  0x00000108       0xb0 build/src/main.o
 .debug_ranges  0x000001b8       0x28 build/Modules/Boot/src/crt1.o
 .debug_ranges  0x000001e0       0x18 build/Modules/Platform/Clock/src/sr5e1/clock.o
 .debug_ranges  0x000001f8       0xe0 build/Modules/Drivers/System/DMA/src/dma.o
 .debug_ranges  0x000002d8       0x10 build/Modules/Drivers/System/GPIO/src/gpio.o
 .debug_ranges  0x000002e8       0x18 build/Modules/Drivers/System/GPIO/src/sr5e1/gpio_dev.o
 .debug_ranges  0x00000300      0x220 build/Modules/Drivers/Comms/CAN/src/can.o
 .debug_ranges  0x00000520       0xd8 build/Modules/Drivers/Comms/CAN/src/sr5e1/can_dev.o
 .debug_ranges  0x000005f8      0x148 build/Modules/Drivers/Comms/SPI/src/spi.o
 .debug_ranges  0x00000740       0x60 build/Modules/Drivers/Comms/SPI/src/sr5e1/spi_dev.o
 .debug_ranges  0x000007a0       0x88 build/Modules/OS/OSAL/src/osal.o
 .debug_ranges  0x00000828       0x10 build/Modules/OS/OSAL/src/Os_Cfg.o
 .debug_ranges  0x00000838       0x10 build/Modules/OS/OSAL/src/ActivateTask.o
 .debug_ranges  0x00000848       0x28 build/Modules/OS/OSAL/src/Os_Internal_Arch.o
 .debug_ranges  0x00000870       0x58 build/Modules/OS/OSAL/src/Os_Internal_Arch_Cfg.o
 .debug_ranges  0x000008c8       0x38 build/Modules/OS/OSAL/src/Os_Internal.o
 .debug_ranges  0x00000900       0x10 build/Modules/OS/OSAL/src/Schedule.o
 .debug_ranges  0x00000910       0x10 build/Modules/OS/OSAL/src/SetEvent.o
 .debug_ranges  0x00000920       0x10 build/Modules/OS/OSAL/src/SetRelAlarm.o
 .debug_ranges  0x00000930       0x10 build/Modules/OS/OSAL/src/ShutdownOS.o
 .debug_ranges  0x00000940       0x18 build/Modules/OS/OSAL/src/StartOs_Arch_SysTick.o
 .debug_ranges  0x00000958       0x18 build/Modules/OS/OSAL/src/StartOs_Arch.o
 .debug_ranges  0x00000970       0x10 build/Modules/OS/OSAL/src/StartOS.o
 .debug_ranges  0x00000980       0x10 build/Modules/OS/OSAL/src/TerminateTask.o

.debug_macro    0x00000000    0x25b11
 .debug_macro   0x00000000      0x2bc build/./common/src/test_env.o
 .debug_macro   0x000002bc      0xac6 build/./common/src/test_env.o
 .debug_macro   0x00000d82       0x22 build/./common/src/test_env.o
 .debug_macro   0x00000da4      0x16d build/./common/src/test_env.o
 .debug_macro   0x00000f11       0x22 build/./common/src/test_env.o
 .debug_macro   0x00000f33       0x8e build/./common/src/test_env.o
 .debug_macro   0x00000fc1       0x51 build/./common/src/test_env.o
 .debug_macro   0x00001012      0x103 build/./common/src/test_env.o
 .debug_macro   0x00001115       0x6a build/./common/src/test_env.o
 .debug_macro   0x0000117f      0x1df build/./common/src/test_env.o
 .debug_macro   0x0000135e       0x10 build/./common/src/test_env.o
 .debug_macro   0x0000136e       0xd0 build/./common/src/test_env.o
 .debug_macro   0x0000143e       0x2e build/./common/src/test_env.o
 .debug_macro   0x0000146c       0x1c build/./common/src/test_env.o
 .debug_macro   0x00001488       0x30 build/./common/src/test_env.o
 .debug_macro   0x000014b8       0xfb build/./common/src/test_env.o
 .debug_macro   0x000015b3     0x1313 build/./common/src/test_env.o
 .debug_macro   0x000028c6      0x11f build/./common/src/test_env.o
 .debug_macro   0x000029e5       0x22 build/./common/src/test_env.o
 .debug_macro   0x00002a07       0x12 build/./common/src/test_env.o
 .debug_macro   0x00002a19     0x19c9 build/./common/src/test_env.o
 .debug_macro   0x000043e2      0x19b build/./common/src/test_env.o
 .debug_macro   0x0000457d      0x142 build/./common/src/test_env.o
 .debug_macro   0x000046bf      0x148 build/./common/src/test_env.o
 .debug_macro   0x00004807      0x142 build/./common/src/test_env.o
 .debug_macro   0x00004949       0xbe build/./common/src/test_env.o
 .debug_macro   0x00004a07      0x7a6 build/./common/src/test_env.o
 .debug_macro   0x000051ad      0x76f build/./common/src/test_env.o
 .debug_macro   0x0000591c      0xa71 build/./common/src/test_env.o
 .debug_macro   0x0000638d      0x63d build/./common/src/test_env.o
 .debug_macro   0x000069ca      0xdbf build/./common/src/test_env.o
 .debug_macro   0x00007789      0x4bd build/./common/src/test_env.o
 .debug_macro   0x00007c46     0x33d1 build/./common/src/test_env.o
 .debug_macro   0x0000b017     0x22eb build/./common/src/test_env.o
 .debug_macro   0x0000d302     0x1667 build/./common/src/test_env.o
 .debug_macro   0x0000e969     0x5e43 build/./common/src/test_env.o
 .debug_macro   0x000147ac     0x2006 build/./common/src/test_env.o
 .debug_macro   0x000167b2      0x657 build/./common/src/test_env.o
 .debug_macro   0x00016e09       0xb2 build/./common/src/test_env.o
 .debug_macro   0x00016ebb      0x2f2 build/./common/src/test_env.o
 .debug_macro   0x000171ad      0x190 build/./common/src/test_env.o
 .debug_macro   0x0001733d      0xf4e build/./common/src/test_env.o
 .debug_macro   0x0001828b     0x2252 build/./common/src/test_env.o
 .debug_macro   0x0001a4dd      0x6c1 build/./common/src/test_env.o
 .debug_macro   0x0001ab9e      0x457 build/./common/src/test_env.o
 .debug_macro   0x0001aff5      0x52b build/./common/src/test_env.o
 .debug_macro   0x0001b520      0x136 build/./common/src/test_env.o
 .debug_macro   0x0001b656      0x2b8 build/./common/src/test_env.o
 .debug_macro   0x0001b90e      0x626 build/./common/src/test_env.o
 .debug_macro   0x0001bf34     0x1637 build/./common/src/test_env.o
 .debug_macro   0x0001d56b      0xad5 build/./common/src/test_env.o
 .debug_macro   0x0001e040       0xf4 build/./common/src/test_env.o
 .debug_macro   0x0001e134      0x52e build/./common/src/test_env.o
 .debug_macro   0x0001e662       0x2e build/./common/src/test_env.o
 .debug_macro   0x0001e690      0x490 build/./common/src/test_env.o
 .debug_macro   0x0001eb20      0x201 build/./common/src/test_env.o
 .debug_macro   0x0001ed21       0x8e build/./common/src/test_env.o
 .debug_macro   0x0001edaf       0x1c build/./common/src/test_env.o
 .debug_macro   0x0001edcb       0x28 build/./common/src/test_env.o
 .debug_macro   0x0001edf3       0x1c build/./common/src/test_env.o
 .debug_macro   0x0001ee0f      0x6ac build/./common/src/test_env.o
 .debug_macro   0x0001f4bb       0x90 build/./common/src/test_env.o
 .debug_macro   0x0001f54b      0x2d9 build/src/CAN_Init/CAN_LLD_Init.o
 .debug_macro   0x0001f824       0xa7 build/src/CAN_Init/CAN_LLD_Init.o
 .debug_macro   0x0001f8cb       0x34 build/src/CAN_Init/CAN_LLD_Init.o
 .debug_macro   0x0001f8ff      0x2f2 build/src/SPI_Init/SPI_LLD_Init.o
 .debug_macro   0x0001fbf1      0x2eb build/src/SPI_Init/SPI_LLD_Init.o
 .debug_macro   0x0001fedc      0x1ec build/src/SPI_Init/SPI_LLD_Init.o
 .debug_macro   0x000200c8       0x16 build/src/SPI_Init/SPI_LLD_Init.o
 .debug_macro   0x000200de      0x3b4 build/src/main.o
 .debug_macro   0x00020492      0x13c build/src/main.o
 .debug_macro   0x000205ce       0x10 build/src/main.o
 .debug_macro   0x000205de       0x28 build/src/main.o
 .debug_macro   0x00020606       0x16 build/src/main.o
 .debug_macro   0x0002061c       0x2f build/src/main.o
 .debug_macro   0x0002064b       0x89 build/src/main.o
 .debug_macro   0x000206d4       0x28 build/src/main.o
 .debug_macro   0x000206fc      0x155 build/src/main.o
 .debug_macro   0x00020851      0x251 build/Modules/Boot/src/crt1.o
 .debug_macro   0x00020aa2       0x22 build/Modules/Boot/src/crt1.o
 .debug_macro   0x00020ac4      0x260 build/Modules/Platform/Clock/src/sr5e1/clock.o
 .debug_macro   0x00020d24      0x291 build/Modules/Drivers/System/DMA/src/dma.o
 .debug_macro   0x00020fb5      0x262 build/Modules/Drivers/System/GPIO/src/gpio.o
 .debug_macro   0x00021217      0x1fb build/Modules/Drivers/System/GPIO/src/gpio.o
 .debug_macro   0x00021412      0x262 build/Modules/Drivers/System/GPIO/src/sr5e1/gpio_dev.o
 .debug_macro   0x00021674      0x369 build/Modules/Drivers/Comms/CAN/src/can.o
 .debug_macro   0x000219dd       0xa1 build/Modules/Drivers/Comms/CAN/src/can.o
 .debug_macro   0x00021a7e       0x64 build/Modules/Drivers/Comms/CAN/src/can.o
 .debug_macro   0x00021ae2       0x1d build/Modules/Drivers/Comms/CAN/src/can.o
 .debug_macro   0x00021aff       0x35 build/Modules/Drivers/Comms/CAN/src/can.o
 .debug_macro   0x00021b34       0x34 build/Modules/Drivers/Comms/CAN/src/can.o
 .debug_macro   0x00021b68       0x16 build/Modules/Drivers/Comms/CAN/src/can.o
 .debug_macro   0x00021b7e       0x43 build/Modules/Drivers/Comms/CAN/src/can.o
 .debug_macro   0x00021bc1       0x34 build/Modules/Drivers/Comms/CAN/src/can.o
 .debug_macro   0x00021bf5       0x10 build/Modules/Drivers/Comms/CAN/src/can.o
 .debug_macro   0x00021c05       0x58 build/Modules/Drivers/Comms/CAN/src/can.o
 .debug_macro   0x00021c5d      0x182 build/Modules/Drivers/Comms/CAN/src/can.o
 .debug_macro   0x00021ddf      0x35d build/Modules/Drivers/Comms/CAN/src/can.o
 .debug_macro   0x0002213c       0x10 build/Modules/Drivers/Comms/CAN/src/can.o
 .debug_macro   0x0002214c       0x35 build/Modules/Drivers/Comms/CAN/src/can.o
 .debug_macro   0x00022181      0x2af build/Modules/Drivers/Comms/CAN/src/sr5e1/can_instances.o
 .debug_macro   0x00022430      0x2af build/Modules/Drivers/Comms/CAN/src/sr5e1/can_dev.o
 .debug_macro   0x000226df      0x2e2 build/Modules/Drivers/Comms/SPI/src/spi.o
 .debug_macro   0x000229c1      0x2c4 build/Modules/Drivers/Comms/SPI/src/sr5e1/spi_instances.o
 .debug_macro   0x00022c85      0x2c4 build/Modules/Drivers/Comms/SPI/src/sr5e1/spi_dev.o
 .debug_macro   0x00022f49      0x28b build/Modules/OS/OSAL/src/osal.o
 .debug_macro   0x000231d4       0xf9 build/Modules/OS/OSAL/src/Os.o
 .debug_macro   0x000232cd       0x34 build/Modules/OS/OSAL/src/Os.o
 .debug_macro   0x00023301       0x12 build/Modules/OS/OSAL/src/Os.o
 .debug_macro   0x00023313       0x7c build/Modules/OS/OSAL/src/Os.o
 .debug_macro   0x0002338f       0x9c build/Modules/OS/OSAL/src/Os.o
 .debug_macro   0x0002342b       0x88 build/Modules/OS/OSAL/src/Os.o
 .debug_macro   0x000234b3      0x249 build/Modules/OS/OSAL/src/Os_Cfg.o
 .debug_macro   0x000236fc       0x16 build/Modules/OS/OSAL/src/Os_Cfg.o
 .debug_macro   0x00023712       0x10 build/Modules/OS/OSAL/src/Os_Cfg.o
 .debug_macro   0x00023722       0x10 build/Modules/OS/OSAL/src/Os_Cfg.o
 .debug_macro   0x00023732       0x1c build/Modules/OS/OSAL/src/Os_Cfg.o
 .debug_macro   0x0002374e       0x52 build/Modules/OS/OSAL/src/Os_Cfg.o
 .debug_macro   0x000237a0       0x22 build/Modules/OS/OSAL/src/Os_Cfg.o
 .debug_macro   0x000237c2       0x10 build/Modules/OS/OSAL/src/Os_Cfg.o
 .debug_macro   0x000237d2       0x52 build/Modules/OS/OSAL/src/Os_Cfg.o
 .debug_macro   0x00023824       0xd5 build/Modules/OS/OSAL/src/Os_Cfg.o
 .debug_macro   0x000238f9       0x1c build/Modules/OS/OSAL/src/Os_Cfg.o
 .debug_macro   0x00023915       0x3d build/Modules/OS/OSAL/src/Os_Cfg.o
 .debug_macro   0x00023952       0x16 build/Modules/OS/OSAL/src/Os_Cfg.o
 .debug_macro   0x00023968      0x16f build/Modules/OS/OSAL/src/Os_Cfg.o
 .debug_macro   0x00023ad7       0xf9 build/Modules/OS/OSAL/src/ActivateTask.o
 .debug_macro   0x00023bd0       0xf9 build/Modules/OS/OSAL/src/Os_Internal_Arch.o
 .debug_macro   0x00023cc9       0xf9 build/Modules/OS/OSAL/src/Os_Internal_Arch_Cfg.o
 .debug_macro   0x00023dc2       0xf9 build/Modules/OS/OSAL/src/Os_Internal.o
 .debug_macro   0x00023ebb       0xfd build/Modules/OS/OSAL/src/Os_Internal_Cfg.o
 .debug_macro   0x00023fb8       0xf9 build/Modules/OS/OSAL/src/Schedule.o
 .debug_macro   0x000240b1       0xf9 build/Modules/OS/OSAL/src/SetEvent.o
 .debug_macro   0x000241aa       0xf9 build/Modules/OS/OSAL/src/SetRelAlarm.o
 .debug_macro   0x000242a3       0xf9 build/Modules/OS/OSAL/src/ShutdownOS.o
 .debug_macro   0x0002439c      0x28e build/Modules/OS/OSAL/src/StartOs_Arch_SysTick.o
 .debug_macro   0x0002462a     0x11f4 build/Modules/OS/OSAL/src/StartOs_Arch_SysTick.o
 .debug_macro   0x0002581e      0x101 build/Modules/OS/OSAL/src/StartOs_Arch.o
 .debug_macro   0x0002591f       0xf9 build/Modules/OS/OSAL/src/StartOS.o
 .debug_macro   0x00025a18       0xf9 build/Modules/OS/OSAL/src/TerminateTask.o

.debug_line     0x00000000    0x10f33
 .debug_line    0x00000000      0xc85 build/./common/src/test_env.o
 .debug_line    0x00000c85      0xa63 build/src/CAN_Init/CAN_LLD_Init.o
 .debug_line    0x000016e8      0xd95 build/src/SPI_Init/SPI_LLD_Init.o
 .debug_line    0x0000247d     0x103e build/src/main.o
 .debug_line    0x000034bb      0x77f build/Modules/Boot/src/crt1.o
 .debug_line    0x00003c3a      0x8b5 build/Modules/Platform/Clock/src/sr5e1/clock.o
 .debug_line    0x000044ef      0xd2f build/Modules/Drivers/System/DMA/src/dma.o
 .debug_line    0x0000521e      0x75d build/Modules/Drivers/System/GPIO/src/gpio.o
 .debug_line    0x0000597b      0x799 build/Modules/Drivers/System/GPIO/src/sr5e1/gpio_dev.o
 .debug_line    0x00006114     0x1fdc build/Modules/Drivers/Comms/CAN/src/can.o
 .debug_line    0x000080f0      0x89d build/Modules/Drivers/Comms/CAN/src/sr5e1/can_instances.o
 .debug_line    0x0000898d      0xd64 build/Modules/Drivers/Comms/CAN/src/sr5e1/can_dev.o
 .debug_line    0x000096f1     0x129f build/Modules/Drivers/Comms/SPI/src/spi.o
 .debug_line    0x0000a990      0x967 build/Modules/Drivers/Comms/SPI/src/sr5e1/spi_instances.o
 .debug_line    0x0000b2f7      0xc16 build/Modules/Drivers/Comms/SPI/src/sr5e1/spi_dev.o
 .debug_line    0x0000bf0d      0xa28 build/Modules/OS/OSAL/src/osal.o
 .debug_line    0x0000c935      0x3a4 build/Modules/OS/OSAL/src/Os.o
 .debug_line    0x0000ccd9      0x4da build/Modules/OS/OSAL/src/Os_Cfg.o
 .debug_line    0x0000d1b3      0x451 build/Modules/OS/OSAL/src/ActivateTask.o
 .debug_line    0x0000d604      0x481 build/Modules/OS/OSAL/src/Os_Internal_Arch.o
 .debug_line    0x0000da85      0x444 build/Modules/OS/OSAL/src/Os_Internal_Arch_Cfg.o
 .debug_line    0x0000dec9      0x5be build/Modules/OS/OSAL/src/Os_Internal.o
 .debug_line    0x0000e487      0x3bd build/Modules/OS/OSAL/src/Os_Internal_Cfg.o
 .debug_line    0x0000e844      0x490 build/Modules/OS/OSAL/src/Schedule.o
 .debug_line    0x0000ecd4      0x49e build/Modules/OS/OSAL/src/SetEvent.o
 .debug_line    0x0000f172      0x43a build/Modules/OS/OSAL/src/SetRelAlarm.o
 .debug_line    0x0000f5ac      0x3c7 build/Modules/OS/OSAL/src/ShutdownOS.o
 .debug_line    0x0000f973      0x80f build/Modules/OS/OSAL/src/StartOs_Arch_SysTick.o
 .debug_line    0x00010182      0x42c build/Modules/OS/OSAL/src/StartOs_Arch.o
 .debug_line    0x000105ae      0x42f build/Modules/OS/OSAL/src/StartOS.o
 .debug_line    0x000109dd      0x419 build/Modules/OS/OSAL/src/TerminateTask.o
 .debug_line    0x00010df6       0xe9 build/Modules/Boot/src/GCC/crt0.o
 .debug_line    0x00010edf       0x54 build/Modules/Boot/src/GCC/vectors.o

.debug_str      0x00000000    0xd1aa5
 .debug_str     0x00000000    0xc6e62 build/./common/src/test_env.o
                              0xc7050 (size before relaxing)
 .debug_str     0x000c6e62      0x9e5 build/src/CAN_Init/CAN_LLD_Init.o
                              0xc75e4 (size before relaxing)
 .debug_str     0x000c7847     0x17c7 build/src/SPI_Init/SPI_LLD_Init.o
                              0xc8743 (size before relaxing)
 .debug_str     0x000c900e     0x17c3 build/src/main.o
                              0xca290 (size before relaxing)
 .debug_str     0x000ca7d1      0x219 build/Modules/Boot/src/crt1.o
                              0xbb2f3 (size before relaxing)
 .debug_str     0x000ca9ea      0x4a1 build/Modules/Platform/Clock/src/sr5e1/clock.o
                              0xbd1dd (size before relaxing)
 .debug_str     0x000cae8b      0x3e2 build/Modules/Drivers/System/DMA/src/dma.o
                              0xbf165 (size before relaxing)
 .debug_str     0x000cb26d       0x31 build/Modules/Drivers/System/GPIO/src/gpio.o
                              0xbbbe2 (size before relaxing)
 .debug_str     0x000cb29e       0x59 build/Modules/Drivers/System/GPIO/src/sr5e1/gpio_dev.o
                              0xbc009 (size before relaxing)
 .debug_str     0x000cb2f7     0x33aa build/Modules/Drivers/Comms/CAN/src/can.o
                              0xc29f5 (size before relaxing)
 .debug_str     0x000ce6a1       0x46 build/Modules/Drivers/Comms/CAN/src/sr5e1/can_instances.o
                              0xbf7ff (size before relaxing)
 .debug_str     0x000ce6e7      0x283 build/Modules/Drivers/Comms/CAN/src/sr5e1/can_dev.o
                              0xbfe18 (size before relaxing)
 .debug_str     0x000ce96a      0x4c9 build/Modules/Drivers/Comms/SPI/src/spi.o
                              0xc0128 (size before relaxing)
 .debug_str     0x000cee33       0x3d build/Modules/Drivers/Comms/SPI/src/sr5e1/spi_instances.o
                              0xbfa4c (size before relaxing)
 .debug_str     0x000cee70      0x184 build/Modules/Drivers/Comms/SPI/src/sr5e1/spi_dev.o
                              0xbff59 (size before relaxing)
 .debug_str     0x000ceff4      0x159 build/Modules/OS/OSAL/src/osal.o
                              0xbdaeb (size before relaxing)
 .debug_str     0x000cf14d      0xd90 build/Modules/OS/OSAL/src/Os.o
                               0x5a6a (size before relaxing)
 .debug_str     0x000cfedd     0x10c0 build/Modules/OS/OSAL/src/Os_Cfg.o
                               0x9339 (size before relaxing)
 .debug_str     0x000d0f9d      0x208 build/Modules/OS/OSAL/src/ActivateTask.o
                               0x5cab (size before relaxing)
 .debug_str     0x000d11a5      0x10d build/Modules/OS/OSAL/src/Os_Internal_Arch.o
                               0x5d06 (size before relaxing)
 .debug_str     0x000d12b2       0xdd build/Modules/OS/OSAL/src/Os_Internal_Arch_Cfg.o
                               0x5ac3 (size before relaxing)
 .debug_str     0x000d138f      0x31d build/Modules/OS/OSAL/src/Os_Internal.o
                               0x5f95 (size before relaxing)
 .debug_str     0x000d16ac      0x213 build/Modules/OS/OSAL/src/Os_Internal_Cfg.o
                               0x6041 (size before relaxing)
 .debug_str     0x000d18bf       0x3c build/Modules/OS/OSAL/src/Schedule.o
                               0x5ce3 (size before relaxing)
 .debug_str     0x000d18fb       0x28 build/Modules/OS/OSAL/src/SetEvent.o
                               0x5cc7 (size before relaxing)
 .debug_str     0x000d1923       0x2e build/Modules/OS/OSAL/src/SetRelAlarm.o
                               0x5cb3 (size before relaxing)
 .debug_str     0x000d1951       0x32 build/Modules/OS/OSAL/src/ShutdownOS.o
                               0x5a23 (size before relaxing)
 .debug_str     0x000d1983       0x40 build/Modules/OS/OSAL/src/StartOs_Arch_SysTick.o
                              0xbc866 (size before relaxing)
 .debug_str     0x000d19c3       0x41 build/Modules/OS/OSAL/src/StartOs_Arch.o
                               0x5a41 (size before relaxing)
 .debug_str     0x000d1a04       0x26 build/Modules/OS/OSAL/src/StartOS.o
                               0x5b16 (size before relaxing)
 .debug_str     0x000d1a2a       0x32 build/Modules/OS/OSAL/src/TerminateTask.o
                               0x5bb8 (size before relaxing)
 .debug_str     0x000d1a5c       0x2a build/Modules/Boot/src/GCC/crt0.o
                                 0x5c (size before relaxing)
 .debug_str     0x000d1a86       0x1f build/Modules/Boot/src/GCC/vectors.o
                                 0x5f (size before relaxing)

.comment        0x00000000       0x49
 .comment       0x00000000       0x49 build/./common/src/test_env.o
                                 0x4a (size before relaxing)
 .comment       0x00000049       0x4a build/src/CAN_Init/CAN_LLD_Init.o
 .comment       0x00000049       0x4a build/src/SPI_Init/SPI_LLD_Init.o
 .comment       0x00000049       0x4a build/src/main.o
 .comment       0x00000049       0x4a build/Modules/Boot/src/crt1.o
 .comment       0x00000049       0x4a build/Modules/Platform/Clock/src/sr5e1/clock.o
 .comment       0x00000049       0x4a build/Modules/Drivers/System/DMA/src/dma.o
 .comment       0x00000049       0x4a build/Modules/Drivers/System/GPIO/src/gpio.o
 .comment       0x00000049       0x4a build/Modules/Drivers/System/GPIO/src/sr5e1/gpio_dev.o
 .comment       0x00000049       0x4a build/Modules/Drivers/Comms/CAN/src/can.o
 .comment       0x00000049       0x4a build/Modules/Drivers/Comms/CAN/src/sr5e1/can_instances.o
 .comment       0x00000049       0x4a build/Modules/Drivers/Comms/CAN/src/sr5e1/can_dev.o
 .comment       0x00000049       0x4a build/Modules/Drivers/Comms/SPI/src/spi.o
 .comment       0x00000049       0x4a build/Modules/Drivers/Comms/SPI/src/sr5e1/spi_instances.o
 .comment       0x00000049       0x4a build/Modules/Drivers/Comms/SPI/src/sr5e1/spi_dev.o
 .comment       0x00000049       0x4a build/Modules/OS/OSAL/src/osal.o
 .comment       0x00000049       0x4a build/Modules/OS/OSAL/src/Os.o
 .comment       0x00000049       0x4a build/Modules/OS/OSAL/src/Os_Cfg.o
 .comment       0x00000049       0x4a build/Modules/OS/OSAL/src/ActivateTask.o
 .comment       0x00000049       0x4a build/Modules/OS/OSAL/src/Os_Internal_Arch.o
 .comment       0x00000049       0x4a build/Modules/OS/OSAL/src/Os_Internal_Arch_Cfg.o
 .comment       0x00000049       0x4a build/Modules/OS/OSAL/src/Os_Internal.o
 .comment       0x00000049       0x4a build/Modules/OS/OSAL/src/Os_Internal_Cfg.o
 .comment       0x00000049       0x4a build/Modules/OS/OSAL/src/Schedule.o
 .comment       0x00000049       0x4a build/Modules/OS/OSAL/src/SetEvent.o
 .comment       0x00000049       0x4a build/Modules/OS/OSAL/src/SetRelAlarm.o
 .comment       0x00000049       0x4a build/Modules/OS/OSAL/src/ShutdownOS.o
 .comment       0x00000049       0x4a build/Modules/OS/OSAL/src/StartOs_Arch_SysTick.o
 .comment       0x00000049       0x4a build/Modules/OS/OSAL/src/StartOs_Arch.o
 .comment       0x00000049       0x4a build/Modules/OS/OSAL/src/StartOS.o
 .comment       0x00000049       0x4a build/Modules/OS/OSAL/src/TerminateTask.o

.ARM.attributes
                0x00000000       0x30
 .ARM.attributes
                0x00000000       0x32 build/./common/src/test_env.o
 .ARM.attributes
                0x00000032       0x32 build/src/CAN_Init/CAN_LLD_Init.o
 .ARM.attributes
                0x00000064       0x32 build/src/SPI_Init/SPI_LLD_Init.o
 .ARM.attributes
                0x00000096       0x32 build/src/main.o
 .ARM.attributes
                0x000000c8       0x32 build/Modules/Boot/src/crt1.o
 .ARM.attributes
                0x000000fa       0x32 build/Modules/Platform/Clock/src/sr5e1/clock.o
 .ARM.attributes